#
# A fatal error has been detected by the Java Runtime Environment:
#
#  EXCEPTION_ACCESS_VIOLATION (0xc0000005) at pc=0x00007ffc6ac96918, pid=36460, tid=13964
#
# JRE version: OpenJDK Runtime Environment (22.0.2+9) (build 22.0.2+9-70)
# Java VM: OpenJDK 64-Bit Server VM (22.0.2+9-70, mixed mode, sharing, tiered, compressed oops, compressed class ptrs, g1 gc, windows-amd64)
# Problematic frame:
# C  [jdwp.dll+0x26918]
#
# No core dump will be written. Minidumps are not enabled by default on client versions of Windows
#
# If you would like to submit a bug report, please visit:
#   https://bugreport.java.com/bugreport/crash.jsp
# The crash happened outside the Java Virtual Machine in native code.
# See problematic frame for where to report the bug.
#

---------------  S U M M A R Y ------------

Command Line: -agentlib:jdwp=transport=dt_socket,address=127.0.0.1:60405,suspend=y,server=n -javaagent:C:\Users\tranp\AppData\Local\JetBrains\IdeaIC2024.1\captureAgent\debugger-agent.jar -Dfile.encoding=UTF-8 -Dsun.stdout.encoding=UTF-8 -Dsun.stderr.encoding=UTF-8 ShadowTaxi

Host: 11th Gen Intel(R) Core(TM) i7-1185G7 @ 3.00GHz, 8 cores, 15G,  Windows 11 , 64 bit Build 22621 (10.0.22621.3958)
Time: Thu Oct  3 15:14:11 2024 SE Asia Standard Time elapsed time: 0.293571 seconds (0d 0h 0m 0s)

---------------  T H R E A D  ---------------

Current thread (0x000001cce1fa79c0):  JavaThread "main"             [_thread_in_native, id=13964, stack(0x000000c834400000,0x000000c834500000) (1024K)]

Stack: [0x000000c834400000,0x000000c834500000],  sp=0x000000c8344fe088,  free space=1016k
Native frames: (J=compiled Java code, j=interpreted, Vv=VM code, C=native code)
C  [jdwp.dll+0x26918]  (no source info available)
C  [jdwp.dll+0x161bf]  (no source info available)
C  [jdwp.dll+0x1283f]  (no source info available)
V  [jvm.dll+0x5a04e7]  (no source info available)
V  [jvm.dll+0x3c9000]  (no source info available)
V  [jvm.dll+0x3c7c5c]  (no source info available)
V  [jvm.dll+0x3c7bf8]  (no source info available)
V  [jvm.dll+0x5ea63b]  (no source info available)
V  [jvm.dll+0x5ea6f3]  (no source info available)
V  [jvm.dll+0x3dd76a]  (no source info available)
V  [jvm.dll+0x3dd1f0]  (no source info available)
C  0x000001ccf3a2fe31  (no source info available)

The last pc belongs to getstatic (printed below).
Java frames: (J=compiled Java code, j=interpreted, Vv=VM code)
j  org.lwjgl.glfw.GLFW.glfwInit()Z+0
j  bagel.AbstractGame.<clinit>()V+19
v  ~StubRoutines::call_stub 0x000001ccf3a1100d

siginfo: EXCEPTION_ACCESS_VIOLATION (0xc0000005), reading address 0xffffffffffffffff


Registers:
RAX=0x000001ccc944a690, RBX=0x000001ccff1f1100, RCX=0x000001cce1fa7d80, RDX=0x000001ccff1f1100
RSP=0x000000c8344fe088, RBP=0x0000000000000002, RSI=0x000000c8344fe130, RDI=0x000001cce1fa7d80
R8 =0x0000000000010002, R9 =0x0000000000000000, R10=0x00007ffc7e6c0000, R11=0x000000c8344fe058
R12=0x0000000000000007, R13=0x000001ccff1f1100, R14=0x00007ffc6aca0400, R15=0x0000000000000000
RIP=0x00007ffc6ac96918, EFLAGS=0x0000000000010202


Register to memory mapping:

RAX=0x000001ccc944a690 points into unknown readable memory: 0x0000000000000000 | 00 00 00 00 00 00 00 00
RBX=0x000001ccff1f1100 points into unknown readable memory: 0x0000000714209b38 | 38 9b 20 14 07 00 00 00
RCX=0x000001cce1fa7d80 points into unknown readable memory: 0x000001ccc944a690 | 90 a6 44 c9 cc 01 00 00
RDX=0x000001ccff1f1100 points into unknown readable memory: 0x0000000714209b38 | 38 9b 20 14 07 00 00 00
RSP=0x000000c8344fe088 is pointing into the stack for thread: 0x000001cce1fa79c0
RBP=0x0000000000000002 is an unknown value
RSI=0x000000c8344fe130 is pointing into the stack for thread: 0x000001cce1fa79c0
RDI=0x000001cce1fa7d80 points into unknown readable memory: 0x000001ccc944a690 | 90 a6 44 c9 cc 01 00 00
R8 =0x0000000000010002 is an unknown value
R9 =0x0 is null
R10=0x00007ffc7e6c0000 VCRUNTIME140.dll
R11=0x000000c8344fe058 is pointing into the stack for thread: 0x000001cce1fa79c0
R12=0x0000000000000007 is an unknown value
R13=0x000001ccff1f1100 points into unknown readable memory: 0x0000000714209b38 | 38 9b 20 14 07 00 00 00
R14=0x00007ffc6aca0400 jdwp.dll
R15=0x0 is null

Top of Stack: (sp=0x000000c8344fe088)
0x000000c8344fe088:   00007ffc6ac861bf 000001ccff1f1100
0x000000c8344fe098:   000000c8344fe130 0000000000000000
0x000000c8344fe0a8:   0000000000000000 0000000200000007
0x000000c8344fe0b8:   000001ccff24d570 000001cce1f920d0
0x000000c8344fe0c8:   00007ffc6aca0428 000001cce1fa7fa0
0x000000c8344fe0d8:   00007ffc6ac8283f 000001ccff1f1100
0x000000c8344fe0e8:   0000000000000002 000001cce1fa7d80
0x000000c8344fe0f8:   000001ccff1f1108 000000c8344fe2f0
0x000000c8344fe108:   000001ccff08f318 00000005c9020100
0x000000c8344fe118:   000001cc85015358 0000000000000000
0x000000c8344fe128:   0000000bffffffff 0000000000000007
0x000000c8344fe138:   000001ccff1f1100 0000000000000000
0x000000c8344fe148:   000001ccff1f1108 0000000000000000
0x000000c8344fe158:   0000000000000000 0000000000000000
0x000000c8344fe168:   0000000000000000 0000000000000000
0x000000c8344fe178:   0000000000000000 0000000000000000
0x000000c8344fe188:   000001cce1fa7fa0 000001cc85015358
0x000000c8344fe198:   00007ffc083904e7 000001ccff1f1108
0x000000c8344fe1a8:   000001ccc9174600 000001cce1fa79c0
0x000000c8344fe1b8:   00007ffc08085c22 0000c9609370f107
0x000000c8344fe1c8:   000001cce419ac20 000001cc85015358
0x000000c8344fe1d8:   0000000000000001 000000c8344fe270
0x000000c8344fe1e8:   00007ffc080824d0 000001cc85015358
0x000000c8344fe1f8:   0000000000000000 000001cce20137b0
0x000000c8344fe208:   000001cce1fa8030 000001cce1fa8040
0x000000c8344fe218:   000001cce1fa8418 00000000000003d8
0x000000c8344fe228:   000001cce1fa79c0 000001cce1fa79c0
0x000000c8344fe238:   000001cce2012ff0 000001cce1fa8420
0x000000c8344fe248:   000001cce1fa8430 000001cce1fa8508
0x000000c8344fe258:   00000000000000d8 000000c8344fe270
0x000000c8344fe268:   00007ffc0807c758 000001cce1fa79c0
0x000000c8344fe278:   000001cce2012ff0 000001cce1fa8420 

Instructions: (pc=0x00007ffc6ac96918)
0x00007ffc6ac96818:   05 d3 08 01 00 48 8b 03 48 8b d7 4d 8b 40 30 48
0x00007ffc6ac96828:   8b cb 48 8b 5c 24 30 48 83 c4 20 5f 48 ff a0 00
0x00007ffc6ac96838:   01 00 00 cc 48 89 5c 24 08 57 48 83 ec 20 48 8b
0x00007ffc6ac96848:   f9 e8 f2 ea ff ff 4c 8b 05 9b 08 01 00 48 8b d8
0x00007ffc6ac96858:   41 f6 80 10 02 00 00 02 74 33 41 b8 20 06 00 00
0x00007ffc6ac96868:   48 8d 15 19 c4 00 00 48 8d 0d 4e 5b 00 00 e8 d9
0x00007ffc6ac96878:   48 ff ff 48 8d 15 56 9a 00 00 48 8d 0d 4f 5b 00
0x00007ffc6ac96888:   00 e8 6e 49 ff ff 4c 8b 05 5b 08 01 00 48 8b 03
0x00007ffc6ac96898:   48 8b d7 4d 8b 40 38 48 8b cb 48 8b 5c 24 30 48
0x00007ffc6ac968a8:   83 c4 20 5f 48 ff a0 00 01 00 00 cc 48 89 5c 24
0x00007ffc6ac968b8:   08 57 48 83 ec 20 48 8b f9 e8 7a ea ff ff 48 8b
0x00007ffc6ac968c8:   15 23 08 01 00 48 8b d8 f6 82 10 02 00 00 02 74
0x00007ffc6ac968d8:   2c 41 b8 12 06 00 00 48 8d 15 a2 c3 00 00 48 8d
0x00007ffc6ac968e8:   0d d7 5a 00 00 e8 62 48 ff ff 48 8d 15 27 6b 00
0x00007ffc6ac968f8:   00 48 8d 0d d8 5a 00 00 e8 f7 48 ff ff 48 8b 03
0x00007ffc6ac96908:   48 8b d7 48 8b cb 48 8b 5c 24 30 48 83 c4 20 5f
0x00007ffc6ac96918:   48 ff a0 50 07 00 00 cc 48 89 5c 24 08 48 89 74
0x00007ffc6ac96928:   24 10 48 89 7c 24 18 41 56 48 83 ec 20 4c 63 f2
0x00007ffc6ac96938:   49 8b d8 48 8b d1 41 8b f9 48 8b cb 4d 8d 46 ff
0x00007ffc6ac96948:   ff 15 22 59 00 00 85 c0 75 3c 41 0f be 44 1e ff
0x00007ffc6ac96958:   3b c7 75 32 49 03 de eb 10 0f be c8 ff 15 f6 58
0x00007ffc6ac96968:   00 00 85 c0 74 09 48 ff c3 8a 03 84 c0 75 ea 80
0x00007ffc6ac96978:   3b 3b 74 12 8b d7 48 8b cb e8 2c 4b 00 00 48 85
0x00007ffc6ac96988:   c0 0f 94 c0 eb 02 32 c0 48 8b 5c 24 30 48 8b 74
0x00007ffc6ac96998:   24 38 48 8b 7c 24 40 48 83 c4 20 41 5e c3 cc cc
0x00007ffc6ac969a8:   0f b6 d1 83 fa 1e 0f 87 83 00 00 00 74 7b 83 fa
0x00007ffc6ac969b8:   07 77 41 74 39 83 ea 01 74 2e 83 ea 01 74 23 83
0x00007ffc6ac969c8:   ea 01 74 18 83 ea 01 74 0d 83 fa 02 0f 85 8a 00
0x00007ffc6ac969d8:   00 00 8d 42 03 c3 b8 04 00 00 00 c3 b8 03 00 00
0x00007ffc6ac969e8:   00 c3 b8 02 00 00 00 c3 b8 01 00 00 00 c3 b8 06
0x00007ffc6ac969f8:   00 00 00 c3 b8 08 00 00 00 2b d0 74 26 83 ea 01
0x00007ffc6ac96a08:   0f 84 88 00 00 00 83 ea 01 74 12 b8 0a 00 00 00 


Stack slot to memory mapping:

stack at sp + 0 slots: 0x00007ffc6ac861bf jdwp.dll
stack at sp + 1 slots: 0x000001ccff1f1100 points into unknown readable memory: 0x0000000714209b38 | 38 9b 20 14 07 00 00 00
stack at sp + 2 slots: 0x000000c8344fe130 is pointing into the stack for thread: 0x000001cce1fa79c0
stack at sp + 3 slots: 0x0 is null
stack at sp + 4 slots: 0x0 is null
stack at sp + 5 slots: 0x0000000200000007 is an unknown value
stack at sp + 6 slots: 0x000001ccff24d570 points into unknown readable memory: 0x000001ccf3fb0a10 | 10 0a fb f3 cc 01 00 00
stack at sp + 7 slots: 0x000001cce1f920d0 points into unknown readable memory: 0x8000001200000001 | 01 00 00 00 12 00 00 80

getstatic  178 getstatic  [0x000001ccf3a2fd80, 0x000001ccf3a301d8]  1112 bytes
[MachCode]
  0x000001ccf3a2fd80: 4883 ec08 | c5fa 1104 | 24eb 1f48 | 83ec 10c5 | fb11 0424 | eb14 4883 | ec10 4889 | 0424 48c7 
  0x000001ccf3a2fda0: 4424 0800 | 0000 00eb | 0150 488b | 4dd0 410f | b755 0148 | 8b49 286b | d218 488d | 4c11 080f 
  0x000001ccf3a2fdc0: b659 1281 | fbb2 0000 | 000f 8474 | 0100 00bb | b200 0000 | e805 0000 | 00e9 5001 | 0000 488b 
  0x000001ccf3a2fde0: d348 8d44 | 2408 4c89 | 6dc0 498b | cfc5 f877 | 4989 afb0 | 0300 0049 | 8987 a003 | 0000 4883 
  0x000001ccf3a2fe00: ec20 40f6 | c40f 0f84 | 1900 0000 | 4883 ec08 | 48b8 90d1 | 1c08 fc7f | 0000 ffd0 | 4883 c408 
  0x000001ccf3a2fe20: e90c 0000 | 0048 b890 | d11c 08fc | 7f00 00ff | d048 83c4 | 2049 c787 | a003 0000 | 0000 0000 
  0x000001ccf3a2fe40: 49c7 87b0 | 0300 0000 | 0000 0049 | c787 a803 | 0000 0000 | 0000 c5f8 | 7741 8b8f | 3405 0000 
  0x000001ccf3a2fe60: f6c1 010f | 8442 0000 | 00f6 c102 | 0f85 3900 | 0000 4883 | ec20 40f6 | c40f 0f84 | 1900 0000 
  0x000001ccf3a2fe80: 4883 ec08 | 48b8 c07b | 1c08 fc7f | 0000 ffd0 | 4883 c408 | e90c 0000 | 0048 b8c0 | 7b1c 08fc 
  0x000001ccf3a2fea0: 7f00 00ff | d048 83c4 | 20ff e049 | 8b8f e005 | 0000 4885 | c90f 8455 | 0000 008b | 899c 0000 
  0x000001ccf3a2fec0: 0083 f901 | 0f85 4600 | 0000 498b | 8fe0 0500 | 008b 89a0 | 0000 0048 | 83ec 2040 | f6c4 0f0f 
  0x000001ccf3a2fee0: 8419 0000 | 0048 83ec | 0848 b8b0 | 7b1c 08fc | 7f00 00ff | d048 83c4 | 08e9 0c00 | 0000 48b8 
  0x000001ccf3a2ff00: b07b 1c08 | fc7f 0000 | ffd0 4883 | c420 ffe0 | 4983 7f08 | 000f 8405 | 0000 00e9 | e00f feff 
  0x000001ccf3a2ff20: 4c8b 6dc0 | 4c8b 75c8 | 4e8d 74f5 | 00c3 488b | 4dd0 410f | b755 0148 | 8b49 286b | d218 488d 
  0x000001ccf3a2ff40: 4c11 0848 | b8a0 a1a4 | 08fc 7f00 | 008b 0085 | c00f 848a | 0100 0048 | 8b4d d041 | 0fb7 5501 
  0x000001ccf3a2ff60: 488b 4928 | 6bd2 1848 | 8d4c 1108 | 4833 c0e8 | 0500 0000 | e953 0100 | 004c 8bc1 | 488b d048 
  0x000001ccf3a2ff80: 8d44 2408 | 4c89 6dc0 | 498b cfc5 | f877 4989 | afb0 0300 | 0049 8987 | a003 0000 | 4883 ec20 
  0x000001ccf3a2ffa0: 40f6 c40f | 0f84 1900 | 0000 4883 | ec08 48b8 | f0c6 1c08 | fc7f 0000 | ffd0 4883 | c408 e90c 
  0x000001ccf3a2ffc0: 0000 0048 | b8f0 c61c | 08fc 7f00 | 00ff d048 | 83c4 2049 | c787 a003 | 0000 0000 | 0000 49c7 
  0x000001ccf3a2ffe0: 87b0 0300 | 0000 0000 | 0049 c787 | a803 0000 | 0000 0000 | c5f8 7741 | 8b8f 3405 | 0000 f6c1 
  0x000001ccf3a30000: 010f 8442 | 0000 00f6 | c102 0f85 | 3900 0000 | 4883 ec20 | 40f6 c40f | 0f84 1900 | 0000 4883 
  0x000001ccf3a30020: ec08 48b8 | c07b 1c08 | fc7f 0000 | ffd0 4883 | c408 e90c | 0000 0048 | b8c0 7b1c | 08fc 7f00 
  0x000001ccf3a30040: 00ff d048 | 83c4 20ff | e049 8b8f | e005 0000 | 4885 c90f | 8455 0000 | 008b 899c | 0000 0083 
  0x000001ccf3a30060: f901 0f85 | 4600 0000 | 498b 8fe0 | 0500 008b | 89a0 0000 | 0048 83ec | 2040 f6c4 | 0f0f 8419 
  0x000001ccf3a30080: 0000 0048 | 83ec 0848 | b8b0 7b1c | 08fc 7f00 | 00ff d048 | 83c4 08e9 | 0c00 0000 | 48b8 b07b 
  0x000001ccf3a300a0: 1c08 fc7f | 0000 ffd0 | 4883 c420 | ffe0 4983 | 7f08 000f | 8405 0000 | 00e9 420e | feff 4c8b 
  0x000001ccf3a300c0: 6dc0 4c8b | 75c8 4e8d | 74f5 00c3 | 488b 4dd0 | 410f b755 | 0148 8b49 | 286b d218 | 488d 4c11 
  0x000001ccf3a300e0: 088b 5908 | 0fb6 5111 | 0fb6 4110 | 4c8b 094d | 8b49 704d | 8b09 85c0 | 0f85 0b00 | 0000 410f 
  0x000001ccf3a30100: be04 1950 | e9b5 0000 | 0083 f801 | 0f85 0b00 | 0000 410f | b604 1950 | e9a1 0000 | 0083 f808 
  0x000001ccf3a30120: 0f85 0e00 | 0000 418b | 0419 48c1 | e003 50e9 | 8a00 0000 | 83f8 040f | 850a 0000 | 0041 8b04 
  0x000001ccf3a30140: 1950 e977 | 0000 0083 | f802 0f85 | 0b00 0000 | 410f b704 | 1950 e963 | 0000 0083 | f803 0f85 
  0x000001ccf3a30160: 0b00 0000 | 410f bf04 | 1950 e94f | 0000 0083 | f805 0f85 | 1a00 0000 | 498b 0419 | 4883 ec10 
  0x000001ccf3a30180: 4889 0424 | 48c7 4424 | 0800 0000 | 00e9 2c00 | 0000 83f8 | 060f 8514 | 0000 00c4 | c17a 1004 
  0x000001ccf3a301a0: 1948 83ec | 08c5 fa11 | 0424 e90f | 0000 00c4 | c17b 1004 | 1948 83ec | 10c5 fb11 | 0424 410f 
  0x000001ccf3a301c0: b65d 0349 | 83c5 0349 | ba30 11a7 | 08fc 7f00 | 0041 ff24 | da66 6690 
[/MachCode]

---------------  P R O C E S S  ---------------

Threads class SMR info:
_java_thread_list=0x000001ccc926b2a0, length=15, elements={
0x000001cce1fa79c0, 0x000001ccff208840, 0x000001ccff209850, 0x000001ccff214f40,
0x000001ccff217100, 0x000001ccff2180e0, 0x000001ccff218c30, 0x000001ccff21f0f0,
0x000001ccff2245d0, 0x000001ccff1d7710, 0x000001ccff222a90, 0x000001ccc91d7310,
0x000001ccc91d79a0, 0x000001ccc91d8030, 0x000001ccc9256210
}

Java Threads: ( => current thread )
=>0x000001cce1fa79c0 JavaThread "main"                              [_thread_in_native, id=13964, stack(0x000000c834400000,0x000000c834500000) (1024K)]
  0x000001ccff208840 JavaThread "Reference Handler"          daemon [_thread_blocked, id=36980, stack(0x000000c834c00000,0x000000c834d00000) (1024K)]
  0x000001ccff209850 JavaThread "Finalizer"                  daemon [_thread_blocked, id=5940, stack(0x000000c834d00000,0x000000c834e00000) (1024K)]
  0x000001ccff214f40 JavaThread "Signal Dispatcher"          daemon [_thread_blocked, id=36416, stack(0x000000c834e00000,0x000000c834f00000) (1024K)]
  0x000001ccff217100 JavaThread "Attach Listener"            daemon [_thread_blocked, id=9576, stack(0x000000c834f00000,0x000000c835000000) (1024K)]
  0x000001ccff2180e0 JavaThread "Service Thread"             daemon [_thread_blocked, id=30864, stack(0x000000c835000000,0x000000c835100000) (1024K)]
  0x000001ccff218c30 JavaThread "Monitor Deflation Thread"   daemon [_thread_blocked, id=33312, stack(0x000000c835100000,0x000000c835200000) (1024K)]
  0x000001ccff21f0f0 JavaThread "C2 CompilerThread0"         daemon [_thread_blocked, id=23440, stack(0x000000c835200000,0x000000c835300000) (1024K)]
  0x000001ccff2245d0 JavaThread "C1 CompilerThread0"         daemon [_thread_blocked, id=8748, stack(0x000000c835300000,0x000000c835400000) (1024K)]
  0x000001ccff1d7710 JavaThread "Common-Cleaner"             daemon [_thread_blocked, id=32928, stack(0x000000c835400000,0x000000c835500000) (1024K)]
  0x000001ccff222a90 JavaThread "C2 CompilerThread1"         daemon [_thread_blocked, id=19308, stack(0x000000c835500000,0x000000c835600000) (1024K)]
  0x000001ccc91d7310 JavaThread "JDWP Transport Listener: dt_socket" daemon [_thread_blocked, id=22776, stack(0x000000c835600000,0x000000c835700000) (1024K)]
  0x000001ccc91d79a0 JavaThread "JDWP Event Helper Thread"   daemon [_thread_blocked, id=10872, stack(0x000000c835700000,0x000000c835800000) (1024K)]
  0x000001ccc91d8030 JavaThread "JDWP Command Reader"        daemon [_thread_in_native, id=9436, stack(0x000000c835800000,0x000000c835900000) (1024K)]
  0x000001ccc9256210 JavaThread "Notification Thread"        daemon [_thread_blocked, id=29228, stack(0x000000c835900000,0x000000c835a00000) (1024K)]
Total: 15

Other Threads:
  0x000001ccff1efe30 VMThread "VM Thread"                           [id=36560, stack(0x000000c834b00000,0x000000c834c00000) (1024K)]
  0x000001ccff1d6800 WatcherThread "VM Periodic Task Thread"        [id=6816, stack(0x000000c834a00000,0x000000c834b00000) (1024K)]
  0x000001cce420b390 WorkerThread "GC Thread#0"                     [id=6824, stack(0x000000c834500000,0x000000c834600000) (1024K)]
  0x000001cce421c0b0 ConcurrentGCThread "G1 Main Marker"            [id=11376, stack(0x000000c834600000,0x000000c834700000) (1024K)]
  0x000001cce421d360 WorkerThread "G1 Conc#0"                       [id=30328, stack(0x000000c834700000,0x000000c834800000) (1024K)]
  0x000001ccff0a75b0 ConcurrentGCThread "G1 Refine#0"               [id=10616, stack(0x000000c834800000,0x000000c834900000) (1024K)]
  0x000001ccff0a9df0 ConcurrentGCThread "G1 Service"                [id=13176, stack(0x000000c834900000,0x000000c834a00000) (1024K)]
Total: 7

Threads with active compile tasks:
Total: 0

VM state: not at safepoint (normal execution)

VM Mutex/Monitor currently owned by a thread: None

Heap address: 0x0000000704800000, size: 4024 MB, Compressed Oops mode: Zero based, Oop shift amount: 3

CDS archive(s) mapped at: [0x000001cc84000000-0x000001cc84c60000-0x000001cc84c60000), size 12976128, SharedBaseAddress: 0x000001cc84000000, ArchiveRelocationMode: 1.
Compressed class space mapped at: 0x000001cc85000000-0x000001ccc5000000, reserved size: 1073741824
Narrow klass base: 0x000001cc84000000, Narrow klass shift: 0, Narrow klass range: 0x41000000

GC Precious Log:
 CardTable entry size: 512
 Card Set container configuration: InlinePtr #cards 4 size 8 Array Of Cards #cards 16 size 48 Howl #buckets 8 coarsen threshold 3686 Howl Bitmap #cards 512 size 80 coarsen threshold 460 Card regions per heap region 1 cards per card region 4096
 CPUs: 8 total, 8 available
 Memory: 16090M
 Large Page Support: Disabled
 NUMA Support: Disabled
 Compressed Oops: Enabled (Zero based)
 Heap Region Size: 2M
 Heap Min Capacity: 8M
 Heap Initial Capacity: 252M
 Heap Max Capacity: 4024M
 Pre-touch: Disabled
 Parallel Workers: 8
 Concurrent Workers: 2
 Concurrent Refinement Workers: 8
 Periodic GC: Disabled

Heap:
 garbage-first heap   total reserved 4120576K, committed 258048K, used 8192K [0x0000000704800000, 0x0000000800000000)
  region size 2048K, 5 young (10240K), 0 survivors (0K)
 Metaspace       used 1898K, committed 2112K, reserved 1114112K
  class space    used 150K, committed 256K, reserved 1048576K

Heap Regions: E=young(eden), S=young(survivor), O=old, HS=humongous(starts), HC=humongous(continues), CS=collection set, F=free, TAMS=top-at-mark-start, PB=parsable bottom
|   0|0x0000000704800000, 0x0000000704800000, 0x0000000704a00000|  0%| F|  |TAMS 0x0000000704800000| PB 0x0000000704800000| Untracked |  0
|   1|0x0000000704a00000, 0x0000000704a00000, 0x0000000704c00000|  0%| F|  |TAMS 0x0000000704a00000| PB 0x0000000704a00000| Untracked |  0
|   2|0x0000000704c00000, 0x0000000704c00000, 0x0000000704e00000|  0%| F|  |TAMS 0x0000000704c00000| PB 0x0000000704c00000| Untracked |  0
|   3|0x0000000704e00000, 0x0000000704e00000, 0x0000000705000000|  0%| F|  |TAMS 0x0000000704e00000| PB 0x0000000704e00000| Untracked |  0
|   4|0x0000000705000000, 0x0000000705000000, 0x0000000705200000|  0%| F|  |TAMS 0x0000000705000000| PB 0x0000000705000000| Untracked |  0
|   5|0x0000000705200000, 0x0000000705200000, 0x0000000705400000|  0%| F|  |TAMS 0x0000000705200000| PB 0x0000000705200000| Untracked |  0
|   6|0x0000000705400000, 0x0000000705400000, 0x0000000705600000|  0%| F|  |TAMS 0x0000000705400000| PB 0x0000000705400000| Untracked |  0
|   7|0x0000000705600000, 0x0000000705600000, 0x0000000705800000|  0%| F|  |TAMS 0x0000000705600000| PB 0x0000000705600000| Untracked |  0
|   8|0x0000000705800000, 0x0000000705800000, 0x0000000705a00000|  0%| F|  |TAMS 0x0000000705800000| PB 0x0000000705800000| Untracked |  0
|   9|0x0000000705a00000, 0x0000000705a00000, 0x0000000705c00000|  0%| F|  |TAMS 0x0000000705a00000| PB 0x0000000705a00000| Untracked |  0
|  10|0x0000000705c00000, 0x0000000705c00000, 0x0000000705e00000|  0%| F|  |TAMS 0x0000000705c00000| PB 0x0000000705c00000| Untracked |  0
|  11|0x0000000705e00000, 0x0000000705e00000, 0x0000000706000000|  0%| F|  |TAMS 0x0000000705e00000| PB 0x0000000705e00000| Untracked |  0
|  12|0x0000000706000000, 0x0000000706000000, 0x0000000706200000|  0%| F|  |TAMS 0x0000000706000000| PB 0x0000000706000000| Untracked |  0
|  13|0x0000000706200000, 0x0000000706200000, 0x0000000706400000|  0%| F|  |TAMS 0x0000000706200000| PB 0x0000000706200000| Untracked |  0
|  14|0x0000000706400000, 0x0000000706400000, 0x0000000706600000|  0%| F|  |TAMS 0x0000000706400000| PB 0x0000000706400000| Untracked |  0
|  15|0x0000000706600000, 0x0000000706600000, 0x0000000706800000|  0%| F|  |TAMS 0x0000000706600000| PB 0x0000000706600000| Untracked |  0
|  16|0x0000000706800000, 0x0000000706800000, 0x0000000706a00000|  0%| F|  |TAMS 0x0000000706800000| PB 0x0000000706800000| Untracked |  0
|  17|0x0000000706a00000, 0x0000000706a00000, 0x0000000706c00000|  0%| F|  |TAMS 0x0000000706a00000| PB 0x0000000706a00000| Untracked |  0
|  18|0x0000000706c00000, 0x0000000706c00000, 0x0000000706e00000|  0%| F|  |TAMS 0x0000000706c00000| PB 0x0000000706c00000| Untracked |  0
|  19|0x0000000706e00000, 0x0000000706e00000, 0x0000000707000000|  0%| F|  |TAMS 0x0000000706e00000| PB 0x0000000706e00000| Untracked |  0
|  20|0x0000000707000000, 0x0000000707000000, 0x0000000707200000|  0%| F|  |TAMS 0x0000000707000000| PB 0x0000000707000000| Untracked |  0
|  21|0x0000000707200000, 0x0000000707200000, 0x0000000707400000|  0%| F|  |TAMS 0x0000000707200000| PB 0x0000000707200000| Untracked |  0
|  22|0x0000000707400000, 0x0000000707400000, 0x0000000707600000|  0%| F|  |TAMS 0x0000000707400000| PB 0x0000000707400000| Untracked |  0
|  23|0x0000000707600000, 0x0000000707600000, 0x0000000707800000|  0%| F|  |TAMS 0x0000000707600000| PB 0x0000000707600000| Untracked |  0
|  24|0x0000000707800000, 0x0000000707800000, 0x0000000707a00000|  0%| F|  |TAMS 0x0000000707800000| PB 0x0000000707800000| Untracked |  0
|  25|0x0000000707a00000, 0x0000000707a00000, 0x0000000707c00000|  0%| F|  |TAMS 0x0000000707a00000| PB 0x0000000707a00000| Untracked |  0
|  26|0x0000000707c00000, 0x0000000707c00000, 0x0000000707e00000|  0%| F|  |TAMS 0x0000000707c00000| PB 0x0000000707c00000| Untracked |  0
|  27|0x0000000707e00000, 0x0000000707e00000, 0x0000000708000000|  0%| F|  |TAMS 0x0000000707e00000| PB 0x0000000707e00000| Untracked |  0
|  28|0x0000000708000000, 0x0000000708000000, 0x0000000708200000|  0%| F|  |TAMS 0x0000000708000000| PB 0x0000000708000000| Untracked |  0
|  29|0x0000000708200000, 0x0000000708200000, 0x0000000708400000|  0%| F|  |TAMS 0x0000000708200000| PB 0x0000000708200000| Untracked |  0
|  30|0x0000000708400000, 0x0000000708400000, 0x0000000708600000|  0%| F|  |TAMS 0x0000000708400000| PB 0x0000000708400000| Untracked |  0
|  31|0x0000000708600000, 0x0000000708600000, 0x0000000708800000|  0%| F|  |TAMS 0x0000000708600000| PB 0x0000000708600000| Untracked |  0
|  32|0x0000000708800000, 0x0000000708800000, 0x0000000708a00000|  0%| F|  |TAMS 0x0000000708800000| PB 0x0000000708800000| Untracked |  0
|  33|0x0000000708a00000, 0x0000000708a00000, 0x0000000708c00000|  0%| F|  |TAMS 0x0000000708a00000| PB 0x0000000708a00000| Untracked |  0
|  34|0x0000000708c00000, 0x0000000708c00000, 0x0000000708e00000|  0%| F|  |TAMS 0x0000000708c00000| PB 0x0000000708c00000| Untracked |  0
|  35|0x0000000708e00000, 0x0000000708e00000, 0x0000000709000000|  0%| F|  |TAMS 0x0000000708e00000| PB 0x0000000708e00000| Untracked |  0
|  36|0x0000000709000000, 0x0000000709000000, 0x0000000709200000|  0%| F|  |TAMS 0x0000000709000000| PB 0x0000000709000000| Untracked |  0
|  37|0x0000000709200000, 0x0000000709200000, 0x0000000709400000|  0%| F|  |TAMS 0x0000000709200000| PB 0x0000000709200000| Untracked |  0
|  38|0x0000000709400000, 0x0000000709400000, 0x0000000709600000|  0%| F|  |TAMS 0x0000000709400000| PB 0x0000000709400000| Untracked |  0
|  39|0x0000000709600000, 0x0000000709600000, 0x0000000709800000|  0%| F|  |TAMS 0x0000000709600000| PB 0x0000000709600000| Untracked |  0
|  40|0x0000000709800000, 0x0000000709800000, 0x0000000709a00000|  0%| F|  |TAMS 0x0000000709800000| PB 0x0000000709800000| Untracked |  0
|  41|0x0000000709a00000, 0x0000000709a00000, 0x0000000709c00000|  0%| F|  |TAMS 0x0000000709a00000| PB 0x0000000709a00000| Untracked |  0
|  42|0x0000000709c00000, 0x0000000709c00000, 0x0000000709e00000|  0%| F|  |TAMS 0x0000000709c00000| PB 0x0000000709c00000| Untracked |  0
|  43|0x0000000709e00000, 0x0000000709e00000, 0x000000070a000000|  0%| F|  |TAMS 0x0000000709e00000| PB 0x0000000709e00000| Untracked |  0
|  44|0x000000070a000000, 0x000000070a000000, 0x000000070a200000|  0%| F|  |TAMS 0x000000070a000000| PB 0x000000070a000000| Untracked |  0
|  45|0x000000070a200000, 0x000000070a200000, 0x000000070a400000|  0%| F|  |TAMS 0x000000070a200000| PB 0x000000070a200000| Untracked |  0
|  46|0x000000070a400000, 0x000000070a400000, 0x000000070a600000|  0%| F|  |TAMS 0x000000070a400000| PB 0x000000070a400000| Untracked |  0
|  47|0x000000070a600000, 0x000000070a600000, 0x000000070a800000|  0%| F|  |TAMS 0x000000070a600000| PB 0x000000070a600000| Untracked |  0
|  48|0x000000070a800000, 0x000000070a800000, 0x000000070aa00000|  0%| F|  |TAMS 0x000000070a800000| PB 0x000000070a800000| Untracked |  0
|  49|0x000000070aa00000, 0x000000070aa00000, 0x000000070ac00000|  0%| F|  |TAMS 0x000000070aa00000| PB 0x000000070aa00000| Untracked |  0
|  50|0x000000070ac00000, 0x000000070ac00000, 0x000000070ae00000|  0%| F|  |TAMS 0x000000070ac00000| PB 0x000000070ac00000| Untracked |  0
|  51|0x000000070ae00000, 0x000000070ae00000, 0x000000070b000000|  0%| F|  |TAMS 0x000000070ae00000| PB 0x000000070ae00000| Untracked |  0
|  52|0x000000070b000000, 0x000000070b000000, 0x000000070b200000|  0%| F|  |TAMS 0x000000070b000000| PB 0x000000070b000000| Untracked |  0
|  53|0x000000070b200000, 0x000000070b200000, 0x000000070b400000|  0%| F|  |TAMS 0x000000070b200000| PB 0x000000070b200000| Untracked |  0
|  54|0x000000070b400000, 0x000000070b400000, 0x000000070b600000|  0%| F|  |TAMS 0x000000070b400000| PB 0x000000070b400000| Untracked |  0
|  55|0x000000070b600000, 0x000000070b600000, 0x000000070b800000|  0%| F|  |TAMS 0x000000070b600000| PB 0x000000070b600000| Untracked |  0
|  56|0x000000070b800000, 0x000000070b800000, 0x000000070ba00000|  0%| F|  |TAMS 0x000000070b800000| PB 0x000000070b800000| Untracked |  0
|  57|0x000000070ba00000, 0x000000070ba00000, 0x000000070bc00000|  0%| F|  |TAMS 0x000000070ba00000| PB 0x000000070ba00000| Untracked |  0
|  58|0x000000070bc00000, 0x000000070bc00000, 0x000000070be00000|  0%| F|  |TAMS 0x000000070bc00000| PB 0x000000070bc00000| Untracked |  0
|  59|0x000000070be00000, 0x000000070be00000, 0x000000070c000000|  0%| F|  |TAMS 0x000000070be00000| PB 0x000000070be00000| Untracked |  0
|  60|0x000000070c000000, 0x000000070c000000, 0x000000070c200000|  0%| F|  |TAMS 0x000000070c000000| PB 0x000000070c000000| Untracked |  0
|  61|0x000000070c200000, 0x000000070c200000, 0x000000070c400000|  0%| F|  |TAMS 0x000000070c200000| PB 0x000000070c200000| Untracked |  0
|  62|0x000000070c400000, 0x000000070c400000, 0x000000070c600000|  0%| F|  |TAMS 0x000000070c400000| PB 0x000000070c400000| Untracked |  0
|  63|0x000000070c600000, 0x000000070c600000, 0x000000070c800000|  0%| F|  |TAMS 0x000000070c600000| PB 0x000000070c600000| Untracked |  0
|  64|0x000000070c800000, 0x000000070c800000, 0x000000070ca00000|  0%| F|  |TAMS 0x000000070c800000| PB 0x000000070c800000| Untracked |  0
|  65|0x000000070ca00000, 0x000000070ca00000, 0x000000070cc00000|  0%| F|  |TAMS 0x000000070ca00000| PB 0x000000070ca00000| Untracked |  0
|  66|0x000000070cc00000, 0x000000070cc00000, 0x000000070ce00000|  0%| F|  |TAMS 0x000000070cc00000| PB 0x000000070cc00000| Untracked |  0
|  67|0x000000070ce00000, 0x000000070ce00000, 0x000000070d000000|  0%| F|  |TAMS 0x000000070ce00000| PB 0x000000070ce00000| Untracked |  0
|  68|0x000000070d000000, 0x000000070d000000, 0x000000070d200000|  0%| F|  |TAMS 0x000000070d000000| PB 0x000000070d000000| Untracked |  0
|  69|0x000000070d200000, 0x000000070d200000, 0x000000070d400000|  0%| F|  |TAMS 0x000000070d200000| PB 0x000000070d200000| Untracked |  0
|  70|0x000000070d400000, 0x000000070d400000, 0x000000070d600000|  0%| F|  |TAMS 0x000000070d400000| PB 0x000000070d400000| Untracked |  0
|  71|0x000000070d600000, 0x000000070d600000, 0x000000070d800000|  0%| F|  |TAMS 0x000000070d600000| PB 0x000000070d600000| Untracked |  0
|  72|0x000000070d800000, 0x000000070d800000, 0x000000070da00000|  0%| F|  |TAMS 0x000000070d800000| PB 0x000000070d800000| Untracked |  0
|  73|0x000000070da00000, 0x000000070da00000, 0x000000070dc00000|  0%| F|  |TAMS 0x000000070da00000| PB 0x000000070da00000| Untracked |  0
|  74|0x000000070dc00000, 0x000000070dc00000, 0x000000070de00000|  0%| F|  |TAMS 0x000000070dc00000| PB 0x000000070dc00000| Untracked |  0
|  75|0x000000070de00000, 0x000000070de00000, 0x000000070e000000|  0%| F|  |TAMS 0x000000070de00000| PB 0x000000070de00000| Untracked |  0
|  76|0x000000070e000000, 0x000000070e000000, 0x000000070e200000|  0%| F|  |TAMS 0x000000070e000000| PB 0x000000070e000000| Untracked |  0
|  77|0x000000070e200000, 0x000000070e200000, 0x000000070e400000|  0%| F|  |TAMS 0x000000070e200000| PB 0x000000070e200000| Untracked |  0
|  78|0x000000070e400000, 0x000000070e400000, 0x000000070e600000|  0%| F|  |TAMS 0x000000070e400000| PB 0x000000070e400000| Untracked |  0
|  79|0x000000070e600000, 0x000000070e600000, 0x000000070e800000|  0%| F|  |TAMS 0x000000070e600000| PB 0x000000070e600000| Untracked |  0
|  80|0x000000070e800000, 0x000000070e800000, 0x000000070ea00000|  0%| F|  |TAMS 0x000000070e800000| PB 0x000000070e800000| Untracked |  0
|  81|0x000000070ea00000, 0x000000070ea00000, 0x000000070ec00000|  0%| F|  |TAMS 0x000000070ea00000| PB 0x000000070ea00000| Untracked |  0
|  82|0x000000070ec00000, 0x000000070ec00000, 0x000000070ee00000|  0%| F|  |TAMS 0x000000070ec00000| PB 0x000000070ec00000| Untracked |  0
|  83|0x000000070ee00000, 0x000000070ee00000, 0x000000070f000000|  0%| F|  |TAMS 0x000000070ee00000| PB 0x000000070ee00000| Untracked |  0
|  84|0x000000070f000000, 0x000000070f000000, 0x000000070f200000|  0%| F|  |TAMS 0x000000070f000000| PB 0x000000070f000000| Untracked |  0
|  85|0x000000070f200000, 0x000000070f200000, 0x000000070f400000|  0%| F|  |TAMS 0x000000070f200000| PB 0x000000070f200000| Untracked |  0
|  86|0x000000070f400000, 0x000000070f400000, 0x000000070f600000|  0%| F|  |TAMS 0x000000070f400000| PB 0x000000070f400000| Untracked |  0
|  87|0x000000070f600000, 0x000000070f600000, 0x000000070f800000|  0%| F|  |TAMS 0x000000070f600000| PB 0x000000070f600000| Untracked |  0
|  88|0x000000070f800000, 0x000000070f800000, 0x000000070fa00000|  0%| F|  |TAMS 0x000000070f800000| PB 0x000000070f800000| Untracked |  0
|  89|0x000000070fa00000, 0x000000070fa00000, 0x000000070fc00000|  0%| F|  |TAMS 0x000000070fa00000| PB 0x000000070fa00000| Untracked |  0
|  90|0x000000070fc00000, 0x000000070fc00000, 0x000000070fe00000|  0%| F|  |TAMS 0x000000070fc00000| PB 0x000000070fc00000| Untracked |  0
|  91|0x000000070fe00000, 0x000000070fe00000, 0x0000000710000000|  0%| F|  |TAMS 0x000000070fe00000| PB 0x000000070fe00000| Untracked |  0
|  92|0x0000000710000000, 0x0000000710000000, 0x0000000710200000|  0%| F|  |TAMS 0x0000000710000000| PB 0x0000000710000000| Untracked |  0
|  93|0x0000000710200000, 0x0000000710200000, 0x0000000710400000|  0%| F|  |TAMS 0x0000000710200000| PB 0x0000000710200000| Untracked |  0
|  94|0x0000000710400000, 0x0000000710400000, 0x0000000710600000|  0%| F|  |TAMS 0x0000000710400000| PB 0x0000000710400000| Untracked |  0
|  95|0x0000000710600000, 0x0000000710600000, 0x0000000710800000|  0%| F|  |TAMS 0x0000000710600000| PB 0x0000000710600000| Untracked |  0
|  96|0x0000000710800000, 0x0000000710800000, 0x0000000710a00000|  0%| F|  |TAMS 0x0000000710800000| PB 0x0000000710800000| Untracked |  0
|  97|0x0000000710a00000, 0x0000000710a00000, 0x0000000710c00000|  0%| F|  |TAMS 0x0000000710a00000| PB 0x0000000710a00000| Untracked |  0
|  98|0x0000000710c00000, 0x0000000710c00000, 0x0000000710e00000|  0%| F|  |TAMS 0x0000000710c00000| PB 0x0000000710c00000| Untracked |  0
|  99|0x0000000710e00000, 0x0000000710e00000, 0x0000000711000000|  0%| F|  |TAMS 0x0000000710e00000| PB 0x0000000710e00000| Untracked |  0
| 100|0x0000000711000000, 0x0000000711000000, 0x0000000711200000|  0%| F|  |TAMS 0x0000000711000000| PB 0x0000000711000000| Untracked |  0
| 101|0x0000000711200000, 0x0000000711200000, 0x0000000711400000|  0%| F|  |TAMS 0x0000000711200000| PB 0x0000000711200000| Untracked |  0
| 102|0x0000000711400000, 0x0000000711400000, 0x0000000711600000|  0%| F|  |TAMS 0x0000000711400000| PB 0x0000000711400000| Untracked |  0
| 103|0x0000000711600000, 0x0000000711600000, 0x0000000711800000|  0%| F|  |TAMS 0x0000000711600000| PB 0x0000000711600000| Untracked |  0
| 104|0x0000000711800000, 0x0000000711800000, 0x0000000711a00000|  0%| F|  |TAMS 0x0000000711800000| PB 0x0000000711800000| Untracked |  0
| 105|0x0000000711a00000, 0x0000000711a00000, 0x0000000711c00000|  0%| F|  |TAMS 0x0000000711a00000| PB 0x0000000711a00000| Untracked |  0
| 106|0x0000000711c00000, 0x0000000711c00000, 0x0000000711e00000|  0%| F|  |TAMS 0x0000000711c00000| PB 0x0000000711c00000| Untracked |  0
| 107|0x0000000711e00000, 0x0000000711e00000, 0x0000000712000000|  0%| F|  |TAMS 0x0000000711e00000| PB 0x0000000711e00000| Untracked |  0
| 108|0x0000000712000000, 0x0000000712000000, 0x0000000712200000|  0%| F|  |TAMS 0x0000000712000000| PB 0x0000000712000000| Untracked |  0
| 109|0x0000000712200000, 0x0000000712200000, 0x0000000712400000|  0%| F|  |TAMS 0x0000000712200000| PB 0x0000000712200000| Untracked |  0
| 110|0x0000000712400000, 0x0000000712400000, 0x0000000712600000|  0%| F|  |TAMS 0x0000000712400000| PB 0x0000000712400000| Untracked |  0
| 111|0x0000000712600000, 0x0000000712600000, 0x0000000712800000|  0%| F|  |TAMS 0x0000000712600000| PB 0x0000000712600000| Untracked |  0
| 112|0x0000000712800000, 0x0000000712800000, 0x0000000712a00000|  0%| F|  |TAMS 0x0000000712800000| PB 0x0000000712800000| Untracked |  0
| 113|0x0000000712a00000, 0x0000000712a00000, 0x0000000712c00000|  0%| F|  |TAMS 0x0000000712a00000| PB 0x0000000712a00000| Untracked |  0
| 114|0x0000000712c00000, 0x0000000712c00000, 0x0000000712e00000|  0%| F|  |TAMS 0x0000000712c00000| PB 0x0000000712c00000| Untracked |  0
| 115|0x0000000712e00000, 0x0000000712e00000, 0x0000000713000000|  0%| F|  |TAMS 0x0000000712e00000| PB 0x0000000712e00000| Untracked |  0
| 116|0x0000000713000000, 0x0000000713000000, 0x0000000713200000|  0%| F|  |TAMS 0x0000000713000000| PB 0x0000000713000000| Untracked |  0
| 117|0x0000000713200000, 0x0000000713200000, 0x0000000713400000|  0%| F|  |TAMS 0x0000000713200000| PB 0x0000000713200000| Untracked |  0
| 118|0x0000000713400000, 0x0000000713400000, 0x0000000713600000|  0%| F|  |TAMS 0x0000000713400000| PB 0x0000000713400000| Untracked |  0
| 119|0x0000000713600000, 0x0000000713600000, 0x0000000713800000|  0%| F|  |TAMS 0x0000000713600000| PB 0x0000000713600000| Untracked |  0
| 120|0x0000000713800000, 0x0000000713800000, 0x0000000713a00000|  0%| F|  |TAMS 0x0000000713800000| PB 0x0000000713800000| Untracked |  0
| 121|0x0000000713a00000, 0x0000000713a7ae30, 0x0000000713c00000| 24%| E|  |TAMS 0x0000000713a00000| PB 0x0000000713a00000| Complete |  0
| 122|0x0000000713c00000, 0x0000000713e00000, 0x0000000713e00000|100%| E|CS|TAMS 0x0000000713c00000| PB 0x0000000713c00000| Complete |  0
| 123|0x0000000713e00000, 0x0000000714000000, 0x0000000714000000|100%| E|CS|TAMS 0x0000000713e00000| PB 0x0000000713e00000| Complete |  0
| 124|0x0000000714000000, 0x0000000714200000, 0x0000000714200000|100%| E|CS|TAMS 0x0000000714000000| PB 0x0000000714000000| Complete |  0
| 125|0x0000000714200000, 0x0000000714400000, 0x0000000714400000|100%| E|CS|TAMS 0x0000000714200000| PB 0x0000000714200000| Complete |  0

Card table byte_map: [0x000001ccfbff0000,0x000001ccfc7d0000] _byte_map_base: 0x000001ccf87cc000

Marking Bits: (CMBitMap*) 0x000001cce420baa0
 Bits: [0x000001cc80000000, 0x000001cc83ee0000)

Polling page: 0x000001cce2100000

Metaspace:

Usage:
  Non-class:      1.71 MB used.
      Class:    150.02 KB used.
       Both:      1.85 MB used.

Virtual space:
  Non-class space:       64.00 MB reserved,       1.81 MB (  3%) committed,  1 nodes.
      Class space:        1.00 GB reserved,     256.00 KB ( <1%) committed,  1 nodes.
             Both:        1.06 GB reserved,       2.06 MB ( <1%) committed. 

Chunk freelists:
   Non-Class:  11.45 MB
       Class:  15.67 MB
        Both:  27.12 MB

MaxMetaspaceSize: unlimited
CompressedClassSpaceSize: 1.00 GB
Initial GC threshold: 21.00 MB
Current GC threshold: 21.00 MB
CDS: on
 - commit_granule_bytes: 65536.
 - commit_granule_words: 8192.
 - virtual_space_node_default_size: 8388608.
 - enlarge_chunks_in_place: 1.
 - use_allocation_guard: 0.


Internal statistics:

num_allocs_failed_limit: 0.
num_arena_births: 74.
num_arena_deaths: 0.
num_vsnodes_births: 2.
num_vsnodes_deaths: 0.
num_space_committed: 33.
num_space_uncommitted: 0.
num_chunks_returned_to_freelist: 0.
num_chunks_taken_from_freelist: 109.
num_chunk_merges: 0.
num_chunk_splits: 73.
num_chunks_enlarged: 45.
num_inconsistent_stats: 0.

CodeHeap 'non-profiled nmethods': size=120000Kb used=152Kb max_used=152Kb free=119847Kb
 bounds [0x000001ccf3fb0000, 0x000001ccf4220000, 0x000001ccfb4e0000]
CodeHeap 'profiled nmethods': size=120000Kb used=622Kb max_used=622Kb free=119378Kb
 bounds [0x000001ccec4e0000, 0x000001ccec750000, 0x000001ccf3a10000]
CodeHeap 'non-nmethods': size=5760Kb used=1534Kb max_used=1537Kb free=4225Kb
 bounds [0x000001ccf3a10000, 0x000001ccf3c80000, 0x000001ccf3fb0000]
 total_blobs=926 nmethods=479 adapters=352
 compilation: enabled
              stopped_count=0, restarted_count=0
 full_count=0

Compilation events (20 events):
Event: 0.270 Thread 0x000001ccff2245d0  470       3       java.nio.Buffer::limit (65 bytes)
Event: 0.270 Thread 0x000001ccff2245d0 nmethod 470 0x000001ccec578410 code [0x000001ccec5785c0, 0x000001ccec578870]
Event: 0.270 Thread 0x000001ccff2245d0  471       1       java.net.URL::getRef (5 bytes)
Event: 0.270 Thread 0x000001ccff2245d0 nmethod 471 0x000001ccf3fd5e90 code [0x000001ccf3fd6020, 0x000001ccf3fd60f0]
Event: 0.274 Thread 0x000001ccff2245d0  472       3       java.lang.StringLatin1::indexOf (37 bytes)
Event: 0.274 Thread 0x000001ccff2245d0 nmethod 472 0x000001ccec578990 code [0x000001ccec578b60, 0x000001ccec578f88]
Event: 0.274 Thread 0x000001ccff2245d0  473       3       java.lang.String::lastIndexOf (12 bytes)
Event: 0.275 Thread 0x000001ccff2245d0 nmethod 473 0x000001ccec579110 code [0x000001ccec579300, 0x000001ccec579720]
Event: 0.275 Thread 0x000001ccff2245d0  474       3       java.lang.StringConcatHelper::prepend (37 bytes)
Event: 0.275 Thread 0x000001ccff2245d0 nmethod 474 0x000001ccec579890 code [0x000001ccec579a60, 0x000001ccec579d40]
Event: 0.278 Thread 0x000001ccff2245d0  475       3       jdk.internal.jimage.ImageStringsReader::hashCode (33 bytes)
Event: 0.278 Thread 0x000001ccff2245d0 nmethod 475 0x000001ccec579e90 code [0x000001ccec57a040, 0x000001ccec57a1c0]
Event: 0.278 Thread 0x000001ccff2245d0  476       3       java.util.concurrent.ConcurrentHashMap$ValueIterator::next (34 bytes)
Event: 0.278 Thread 0x000001ccff2245d0 nmethod 476 0x000001ccec57a290 code [0x000001ccec57a460, 0x000001ccec57a6f0]
Event: 0.278 Thread 0x000001ccff2245d0  477       3       java.util.Optional::empty (6 bytes)
Event: 0.279 Thread 0x000001ccff2245d0 nmethod 477 0x000001ccec57a810 code [0x000001ccec57a9a0, 0x000001ccec57aa98]
Event: 0.279 Thread 0x000001ccff2245d0  478       3       java.lang.Integer::stringSize (47 bytes)
Event: 0.279 Thread 0x000001ccff2245d0 nmethod 478 0x000001ccec57ab10 code [0x000001ccec57acc0, 0x000001ccec57af00]
Event: 0.279 Thread 0x000001ccff2245d0  479       3       java.lang.StringLatin1::getChars (102 bytes)
Event: 0.280 Thread 0x000001ccff2245d0 nmethod 479 0x000001ccec57b010 code [0x000001ccec57b1e0, 0x000001ccec57b5c8]

GC Heap History (0 events):
No events

Dll operation events (9 events):
Event: 0.009 Loaded shared library C:\Users\tranp\.jdks\openjdk-22.0.2\bin\java.dll
Event: 0.010 Loaded shared library C:\Users\tranp\.jdks\openjdk-22.0.2\bin\zip.dll
Event: 0.041 Loaded shared library C:\Users\tranp\.jdks\openjdk-22.0.2\bin\jsvml.dll
Event: 0.117 Loaded shared library C:\Users\tranp\.jdks\openjdk-22.0.2\bin\instrument.dll
Event: 0.156 Loaded shared library C:\Users\tranp\.jdks\openjdk-22.0.2\bin\net.dll
Event: 0.156 Loaded shared library C:\Users\tranp\.jdks\openjdk-22.0.2\bin\nio.dll
Event: 0.162 Loaded shared library C:\Users\tranp\.jdks\openjdk-22.0.2\bin\zip.dll
Event: 0.214 Loaded shared library C:\Users\tranp\.jdks\openjdk-22.0.2\bin\jimage.dll
Event: 0.240 Loaded shared library C:\Users\tranp\AppData\Local\Temp\lwjgltranp\3.3.1-build-7\lwjgl.dll

Deoptimization events (6 events):
Event: 0.147 Thread 0x000001cce1fa79c0 Uncommon trap: trap_request=0xffffff45 fr.pc=0x000001ccf3fc117c relative=0x00000000000000dc
Event: 0.147 Thread 0x000001cce1fa79c0 Uncommon trap: reason=unstable_if action=reinterpret pc=0x000001ccf3fc117c method=java.lang.String.isLatin1()Z @ 10 c2
Event: 0.147 Thread 0x000001cce1fa79c0 DEOPT PACKING pc=0x000001ccf3fc117c sp=0x000000c8344fec90
Event: 0.147 Thread 0x000001cce1fa79c0 DEOPT UNPACKING pc=0x000001ccf3a67da2 sp=0x000000c8344febe0 mode 2
Event: 0.274 Thread 0x000001cce1fa79c0 DEOPT PACKING pc=0x000001ccec50b077 sp=0x000000c8344fc100
Event: 0.274 Thread 0x000001cce1fa79c0 DEOPT UNPACKING pc=0x000001ccf3a688e2 sp=0x000000c8344fb520 mode 0

Classes loaded (20 events):
Event: 0.271 Loading class java/nio/BufferUnderflowException
Event: 0.271 Loading class java/nio/BufferUnderflowException done
Event: 0.271 Loading class org/lwjgl/system/MemoryStack
Event: 0.271 Loading class org/lwjgl/system/MemoryStack done
Event: 0.272 Loading class org/lwjgl/system/MemoryStack$DebugMemoryStack
Event: 0.272 Loading class org/lwjgl/system/MemoryStack$DebugMemoryStack done
Event: 0.273 Loading class java/lang/IndexOutOfBoundsException
Event: 0.273 Loading class java/lang/IndexOutOfBoundsException done
Event: 0.273 Loading class org/lwjgl/system/MemoryStack
Event: 0.273 Loading class org/lwjgl/system/MemoryStack done
Event: 0.273 Loading class org/lwjgl/system/MemoryStack
Event: 0.273 Loading class org/lwjgl/system/MemoryStack done
Event: 0.274 Loading class org/lwjgl/BufferUtils
Event: 0.274 Loading class org/lwjgl/BufferUtils done
Event: 0.275 Loading class org/lwjgl/system/windows/WinBase
Event: 0.275 Loading class org/lwjgl/system/windows/WinBase done
Event: 0.276 Loading class org/lwjgl/system/ThreadLocalUtil
Event: 0.276 Loading class org/lwjgl/system/ThreadLocalUtil done
Event: 0.279 Loading class org/lwjgl/glfw/GLFW$Functions
Event: 0.279 Loading class org/lwjgl/glfw/GLFW$Functions done

Classes unloaded (0 events):
No events

Classes redefined (0 events):
No events

Internal exceptions (19 events):
Event: 0.119 Thread 0x000001cce1fa79c0 Exception <a 'java/lang/NoSuchMethodError'{0x0000000714119ce8}: 'void java.lang.invoke.DirectMethodHandle$Holder.invokeStatic(java.lang.Object, java.lang.Object, java.lang.Object)'> (0x0000000714119ce8) 
thrown [s\open\src\hotspot\share\interpreter\linkResolver.cpp, line 774]
Event: 0.139 Thread 0x000001cce1fa79c0 Exception <a 'java/lang/NoSuchMethodError'{0x0000000714131780}: 'java.lang.Object java.lang.invoke.Invokers$Holder.invokeExact_MT(java.lang.Object, java.lang.Object, java.lang.Object, java.lang.Object, java.lang.Object)'> (0x0000000714131780) 
thrown [s\open\src\hotspot\share\interpreter\linkResolver.cpp, line 774]
Event: 0.197 Thread 0x000001cce1fa79c0 Exception <a 'java/lang/NoSuchMethodError'{0x0000000713fe8990}: 'void java.lang.invoke.DirectMethodHandle$Holder.invokeStatic(java.lang.Object, java.lang.Object)'> (0x0000000713fe8990) 
thrown [s\open\src\hotspot\share\interpreter\linkResolver.cpp, line 774]
Event: 0.198 Thread 0x000001cce1fa79c0 Exception <a 'java/lang/NoSuchMethodError'{0x0000000713ff46f0}: 'void java.lang.System.load(java.lang.String, java.lang.Class)'> (0x0000000713ff46f0) 
thrown [s\open\src\hotspot\share\interpreter\linkResolver.cpp, line 774]
Event: 0.198 Thread 0x000001cce1fa79c0 Exception <a 'java/lang/NoSuchMethodError'{0x0000000713ff5120}: 'void java.lang.invoke.DirectMethodHandle$Holder.invokeSpecial(java.lang.Object, java.lang.Object, java.lang.Object)'> (0x0000000713ff5120) 
thrown [s\open\src\hotspot\share\interpreter\linkResolver.cpp, line 774]
Event: 0.200 Thread 0x000001cce1fa79c0 Exception <a 'java/lang/NoSuchMethodError'{0x0000000713c08e40}: 'java.lang.Object java.lang.invoke.DirectMethodHandle$Holder.invokeStatic(java.lang.Object, java.lang.Object, int)'> (0x0000000713c08e40) 
thrown [s\open\src\hotspot\share\interpreter\linkResolver.cpp, line 774]
Event: 0.201 Thread 0x000001cce1fa79c0 Exception <a 'java/lang/NoSuchMethodError'{0x0000000713c14708}: 'void java.lang.invoke.DelegatingMethodHandle$Holder.delegate(java.lang.Object, java.lang.Object, int, java.lang.Object)'> (0x0000000713c14708) 
thrown [s\open\src\hotspot\share\interpreter\linkResolver.cpp, line 774]
Event: 0.202 Thread 0x000001cce1fa79c0 Exception <a 'java/lang/NoSuchMethodError'{0x0000000713c18448}: 'int java.lang.invoke.DirectMethodHandle$Holder.invokeSpecial(java.lang.Object, java.lang.Object, java.lang.Object)'> (0x0000000713c18448) 
thrown [s\open\src\hotspot\share\interpreter\linkResolver.cpp, line 774]
Event: 0.207 Thread 0x000001cce1fa79c0 Exception <a 'java/lang/NoSuchMethodError'{0x0000000713c34580}: 'void java.lang.System.loadLibrary(java.lang.String, java.lang.Class)'> (0x0000000713c34580) 
thrown [s\open\src\hotspot\share\interpreter\linkResolver.cpp, line 774]
Event: 0.238 Thread 0x000001cce1fa79c0 Exception <a 'sun/nio/fs/WindowsException'{0x0000000713cf74b8}> (0x0000000713cf74b8) 
thrown [s\open\src\hotspot\share\prims\jni.cpp, line 520]
Event: 0.238 Thread 0x000001cce1fa79c0 Exception <a 'sun/nio/fs/WindowsException'{0x0000000713cf8ac0}> (0x0000000713cf8ac0) 
thrown [s\open\src\hotspot\share\prims\jni.cpp, line 520]
Event: 0.252 Thread 0x000001cce1fa79c0 Exception <a 'sun/nio/fs/WindowsException'{0x0000000713d30920}> (0x0000000713d30920) 
thrown [s\open\src\hotspot\share\prims\jni.cpp, line 520]
Event: 0.252 Thread 0x000001cce1fa79c0 Exception <a 'sun/nio/fs/WindowsException'{0x0000000713d30c80}> (0x0000000713d30c80) 
thrown [s\open\src\hotspot\share\prims\jni.cpp, line 520]
Event: 0.264 Thread 0x000001cce1fa79c0 Exception <a 'java/lang/NoSuchMethodError'{0x0000000713d9fef0}: 'int java.lang.invoke.DirectMethodHandle$Holder.invokeStaticInit(java.lang.Object, java.lang.Object, int, long)'> (0x0000000713d9fef0) 
thrown [s\open\src\hotspot\share\interpreter\linkResolver.cpp, line 774]
Event: 0.264 Thread 0x000001cce1fa79c0 Exception <a 'java/lang/NoSuchMethodError'{0x0000000713da5030}: 'java.lang.Object java.lang.invoke.DirectMethodHandle$Holder.newInvokeSpecial(java.lang.Object, java.lang.Object, int)'> (0x0000000713da5030) 
thrown [s\open\src\hotspot\share\interpreter\linkResolver.cpp, line 774]
Event: 0.267 Thread 0x000001cce1fa79c0 Exception <a 'java/lang/NoSuchMethodError'{0x0000000713db66d0}: 'int java.lang.invoke.DirectMethodHandle$Holder.invokeStaticInit(java.lang.Object, java.lang.Object, long, long)'> (0x0000000713db66d0) 
thrown [s\open\src\hotspot\share\interpreter\linkResolver.cpp, line 774]
Event: 0.268 Thread 0x000001cce1fa79c0 Exception <a 'java/lang/NoSuchMethodError'{0x0000000713dbc158}: 'java.lang.Object java.lang.invoke.DirectMethodHandle$Holder.newInvokeSpecial(java.lang.Object, java.lang.Object, long)'> (0x0000000713dbc158) 
thrown [s\open\src\hotspot\share\interpreter\linkResolver.cpp, line 774]
Event: 0.268 Thread 0x000001cce1fa79c0 Exception <a 'java/lang/NoSuchMethodError'{0x0000000713dc0000}: 'java.lang.Object java.lang.invoke.Invokers$Holder.linkToTargetMethod(java.lang.Object, long, java.lang.Object)'> (0x0000000713dc0000) 
thrown [s\open\src\hotspot\share\interpreter\linkResolver.cpp, line 774]
Event: 0.269 Thread 0x000001cce1fa79c0 Exception <a 'java/lang/NoSuchMethodError'{0x0000000713dc7228}: 'int java.lang.invoke.DirectMethodHandle$Holder.invokeStaticInit(java.lang.Object, java.lang.Object, java.lang.Object, long)'> (0x0000000713dc7228) 
thrown [s\open\src\hotspot\share\interpreter\linkResolver.cpp, line 774]

ZGC Phase Switch (0 events):
No events

VM Operations (6 events):
Event: 0.074 Executing VM operation: HandshakeAllThreads (Deoptimize)
Event: 0.074 Executing VM operation: HandshakeAllThreads (Deoptimize) done
Event: 0.115 Executing VM operation: ChangeBreakpoints
Event: 0.115 Executing VM operation: ChangeBreakpoints done
Event: 0.115 Executing VM operation: ChangeBreakpoints
Event: 0.115 Executing VM operation: ChangeBreakpoints done

Memory protections (0 events):
No events

Nmethod flushes (0 events):
No events

Events (15 events):
Event: 0.024 Thread 0x000001cce1fa79c0 Thread added: 0x000001cce1fa79c0
Event: 0.038 Thread 0x000001cce1fa79c0 Thread added: 0x000001ccff208840
Event: 0.038 Thread 0x000001cce1fa79c0 Thread added: 0x000001ccff209850
Event: 0.039 Thread 0x000001cce1fa79c0 Thread added: 0x000001ccff214f40
Event: 0.039 Thread 0x000001cce1fa79c0 Thread added: 0x000001ccff217100
Event: 0.039 Thread 0x000001cce1fa79c0 Thread added: 0x000001ccff2180e0
Event: 0.039 Thread 0x000001cce1fa79c0 Thread added: 0x000001ccff218c30
Event: 0.039 Thread 0x000001cce1fa79c0 Thread added: 0x000001ccff21f0f0
Event: 0.039 Thread 0x000001cce1fa79c0 Thread added: 0x000001ccff2245d0
Event: 0.068 Thread 0x000001cce1fa79c0 Thread added: 0x000001ccff1d7710
Event: 0.083 Thread 0x000001ccff2245d0 Thread added: 0x000001ccff222a90
Event: 0.090 Thread 0x000001cce1fa79c0 Thread added: 0x000001ccc91d7310
Event: 0.090 Thread 0x000001cce1fa79c0 Thread added: 0x000001ccc91d79a0
Event: 0.091 Thread 0x000001ccc91d7310 Thread added: 0x000001ccc91d8030
Event: 0.146 Thread 0x000001cce1fa79c0 Thread added: 0x000001ccc9256210


Dynamic libraries:
0x00007ff731dc0000 - 0x00007ff731dce000 	C:\Users\tranp\.jdks\openjdk-22.0.2\bin\java.exe
0x00007ffc89430000 - 0x00007ffc89647000 	C:\WINDOWS\SYSTEM32\ntdll.dll
0x00007ffc874e0000 - 0x00007ffc875a4000 	C:\WINDOWS\System32\KERNEL32.DLL
0x00007ffc86bd0000 - 0x00007ffc86f7d000 	C:\WINDOWS\System32\KERNELBASE.dll
0x00007ffc869f0000 - 0x00007ffc86b01000 	C:\WINDOWS\System32\ucrtbase.dll
0x00007ffc79b00000 - 0x00007ffc79b17000 	C:\Users\tranp\.jdks\openjdk-22.0.2\bin\jli.dll
0x00007ffc7e6c0000 - 0x00007ffc7e6db000 	C:\Users\tranp\.jdks\openjdk-22.0.2\bin\VCRUNTIME140.dll
0x00007ffc88df0000 - 0x00007ffc88f9e000 	C:\WINDOWS\System32\USER32.dll
0x00007ffc86870000 - 0x00007ffc86896000 	C:\WINDOWS\System32\win32u.dll
0x00007ffc60a10000 - 0x00007ffc60ca3000 	C:\WINDOWS\WinSxS\amd64_microsoft.windows.common-controls_6595b64144ccf1df_6.0.22621.3672_none_2713b9d173822955\COMCTL32.dll
0x00007ffc875d0000 - 0x00007ffc875f9000 	C:\WINDOWS\System32\GDI32.dll
0x00007ffc87430000 - 0x00007ffc874d7000 	C:\WINDOWS\System32\msvcrt.dll
0x00007ffc86750000 - 0x00007ffc86869000 	C:\WINDOWS\System32\gdi32full.dll
0x00007ffc868d0000 - 0x00007ffc8696a000 	C:\WINDOWS\System32\msvcp_win.dll
0x00007ffc88fa0000 - 0x00007ffc88fd1000 	C:\WINDOWS\System32\IMM32.DLL
0x00007ffc80730000 - 0x00007ffc8073c000 	C:\Users\tranp\.jdks\openjdk-22.0.2\bin\vcruntime140_1.dll
0x00007ffc6ff20000 - 0x00007ffc6ffae000 	C:\Users\tranp\.jdks\openjdk-22.0.2\bin\msvcp140.dll
0x00007ffc07df0000 - 0x00007ffc08b39000 	C:\Users\tranp\.jdks\openjdk-22.0.2\bin\server\jvm.dll
0x00007ffc88790000 - 0x00007ffc88842000 	C:\WINDOWS\System32\ADVAPI32.dll
0x00007ffc87760000 - 0x00007ffc87809000 	C:\WINDOWS\System32\sechost.dll
0x00007ffc868a0000 - 0x00007ffc868c8000 	C:\WINDOWS\System32\bcrypt.dll
0x00007ffc88cd0000 - 0x00007ffc88de4000 	C:\WINDOWS\System32\RPCRT4.dll
0x00007ffc89370000 - 0x00007ffc893e1000 	C:\WINDOWS\System32\WS2_32.dll
0x00007ffc86470000 - 0x00007ffc864bd000 	C:\WINDOWS\SYSTEM32\POWRPROF.dll
0x00007ffc807f0000 - 0x00007ffc80824000 	C:\WINDOWS\SYSTEM32\WINMM.dll
0x00007ffc80490000 - 0x00007ffc8049a000 	C:\WINDOWS\SYSTEM32\VERSION.dll
0x00007ffc86420000 - 0x00007ffc86433000 	C:\WINDOWS\SYSTEM32\UMPDC.dll
0x00007ffc85760000 - 0x00007ffc85778000 	C:\WINDOWS\SYSTEM32\kernel.appcore.dll
0x00007ffc7e070000 - 0x00007ffc7e07a000 	C:\Users\tranp\.jdks\openjdk-22.0.2\bin\jimage.dll
0x00007ffc83b10000 - 0x00007ffc83d42000 	C:\WINDOWS\SYSTEM32\DBGHELP.DLL
0x00007ffc878e0000 - 0x00007ffc87c6e000 	C:\WINDOWS\System32\combase.dll
0x00007ffc89230000 - 0x00007ffc89307000 	C:\WINDOWS\System32\OLEAUT32.dll
0x00007ffc59c30000 - 0x00007ffc59c62000 	C:\WINDOWS\SYSTEM32\dbgcore.DLL
0x00007ffc86970000 - 0x00007ffc869eb000 	C:\WINDOWS\System32\bcryptPrimitives.dll
0x00007ffc6ac70000 - 0x00007ffc6acac000 	C:\Users\tranp\.jdks\openjdk-22.0.2\bin\jdwp.dll
0x00007ffc7cc70000 - 0x00007ffc7cc7f000 	C:\Users\tranp\.jdks\openjdk-22.0.2\bin\instrument.dll
0x00007ffc71790000 - 0x00007ffc717ae000 	C:\Users\tranp\.jdks\openjdk-22.0.2\bin\java.dll
0x00007ffc87e20000 - 0x00007ffc88687000 	C:\WINDOWS\System32\SHELL32.dll
0x00007ffc87c70000 - 0x00007ffc87e15000 	C:\WINDOWS\System32\ole32.dll
0x00007ffc71770000 - 0x00007ffc71787000 	C:\Users\tranp\.jdks\openjdk-22.0.2\bin\zip.dll
0x00007ffc84680000 - 0x00007ffc84f7f000 	C:\WINDOWS\SYSTEM32\windows.storage.dll
0x00007ffc84540000 - 0x00007ffc8467f000 	C:\WINDOWS\SYSTEM32\wintypes.dll
0x00007ffc87160000 - 0x00007ffc87259000 	C:\WINDOWS\System32\SHCORE.dll
0x00007ffc87870000 - 0x00007ffc878ce000 	C:\WINDOWS\System32\shlwapi.dll
0x00007ffc86680000 - 0x00007ffc866a7000 	C:\WINDOWS\SYSTEM32\profapi.dll
0x00007ffc5ece0000 - 0x00007ffc5edb7000 	C:\Users\tranp\.jdks\openjdk-22.0.2\bin\jsvml.dll
0x00007ffc79af0000 - 0x00007ffc79afc000 	C:\Users\tranp\.jdks\openjdk-22.0.2\bin\dt_socket.dll
0x00007ffc851e0000 - 0x00007ffc8520d000 	C:\WINDOWS\SYSTEM32\IPHLPAPI.DLL
0x00007ffc85bc0000 - 0x00007ffc85c29000 	C:\WINDOWS\system32\mswsock.dll
0x00007ffc79b50000 - 0x00007ffc79b60000 	C:\Users\tranp\.jdks\openjdk-22.0.2\bin\net.dll
0x00007ffc6ff00000 - 0x00007ffc6ff16000 	C:\Users\tranp\.jdks\openjdk-22.0.2\bin\nio.dll
0x00007ffc5f4e0000 - 0x00007ffc5f555000 	C:\Users\tranp\AppData\Local\Temp\lwjgltranp\3.3.1-build-7\lwjgl.dll
0x00007ffc5f850000 - 0x00007ffc5f8b1000 	C:\Users\tranp\AppData\Local\Temp\lwjgltranp\3.3.1-build-7\glfw.dll

dbghelp: loaded successfully - version: 4.0.5 - missing functions: none
symbol engine: initialized successfully - sym options: 0x614 - pdb path: .;C:\Users\tranp\.jdks\openjdk-22.0.2\bin;C:\WINDOWS\SYSTEM32;C:\WINDOWS\WinSxS\amd64_microsoft.windows.common-controls_6595b64144ccf1df_6.0.22621.3672_none_2713b9d173822955;C:\Users\tranp\.jdks\openjdk-22.0.2\bin\server;C:\Users\tranp\AppData\Local\Temp\lwjgltranp\3.3.1-build-7

VM Arguments:
jvm_args: -agentlib:jdwp=transport=dt_socket,address=127.0.0.1:60405,suspend=y,server=n -javaagent:C:\Users\tranp\AppData\Local\JetBrains\IdeaIC2024.1\captureAgent\debugger-agent.jar -Dfile.encoding=UTF-8 -Dsun.stdout.encoding=UTF-8 -Dsun.stderr.encoding=UTF-8 
java_command: ShadowTaxi
java_class_path (initial): C:\Users\tranp\IdeaProjects\Prj2B\phuongtrangt-project-2\target\classes;C:\Users\tranp\.m2\repository\org\lwjgl\lwjgl\3.3.1\lwjgl-3.3.1.jar;C:\Users\tranp\.m2\repository\org\lwjgl\lwjgl-assimp\3.3.1\lwjgl-assimp-3.3.1.jar;C:\Users\tranp\.m2\repository\org\lwjgl\lwjgl-glfw\3.3.1\lwjgl-glfw-3.3.1.jar;C:\Users\tranp\.m2\repository\org\lwjgl\lwjgl-openal\3.3.1\lwjgl-openal-3.3.1.jar;C:\Users\tranp\.m2\repository\org\lwjgl\lwjgl-opengl\3.3.1\lwjgl-opengl-3.3.1.jar;C:\Users\tranp\.m2\repository\org\lwjgl\lwjgl-stb\3.3.1\lwjgl-stb-3.3.1.jar;C:\Users\tranp\.m2\repository\org\lwjgl\lwjgl\3.3.1\lwjgl-3.3.1-natives-windows.jar;C:\Users\tranp\.m2\repository\org\lwjgl\lwjgl-assimp\3.3.1\lwjgl-assimp-3.3.1-natives-windows.jar;C:\Users\tranp\.m2\repository\org\lwjgl\lwjgl-glfw\3.3.1\lwjgl-glfw-3.3.1-natives-windows.jar;C:\Users\tranp\.m2\repository\org\lwjgl\lwjgl-openal\3.3.1\lwjgl-openal-3.3.1-natives-windows.jar;C:\Users\tranp\.m2\repository\org\lwjgl\lwjgl-opengl\3.3.1\lwjgl-opengl-3.3.1-natives-windows.jar;C:\Users\tranp\.m2\repository\org\lwjgl\lwjgl-stb\3.3.1\lwjgl-stb-3.3.1-natives-windows.jar;C:\Users\tranp\.m2\repository\io\github\eleanor-em\bagel\1.9.3\bagel-1.9.3.jar;D:\1. Melbourne Uni\F. Di hoc cung Neo\sem2 2024\Object Oriented thing(JAVA)\IntelliJ IDEA Community Edition 2024.1.4\lib\idea_rt.jar
Launcher Type: SUN_STANDARD

[Global flags]
     intx CICompilerCount                          = 4                                         {product} {ergonomic}
     uint ConcGCThreads                            = 2                                         {product} {ergonomic}
     uint G1ConcRefinementThreads                  = 8                                         {product} {ergonomic}
   size_t G1HeapRegionSize                         = 2097152                                   {product} {ergonomic}
   size_t InitialHeapSize                          = 264241152                                 {product} {ergonomic}
   size_t MarkStackSize                            = 4194304                                   {product} {ergonomic}
   size_t MaxHeapSize                              = 4219469824                                {product} {ergonomic}
   size_t MaxNewSize                               = 2531262464                                {product} {ergonomic}
   size_t MinHeapDeltaBytes                        = 2097152                                   {product} {ergonomic}
   size_t MinHeapSize                              = 8388608                                   {product} {ergonomic}
    uintx NonNMethodCodeHeapSize                   = 5839372                                {pd product} {ergonomic}
    uintx NonProfiledCodeHeapSize                  = 122909434                              {pd product} {ergonomic}
    uintx ProfiledCodeHeapSize                     = 122909434                              {pd product} {ergonomic}
    uintx ReservedCodeCacheSize                    = 251658240                              {pd product} {ergonomic}
     bool SegmentedCodeCache                       = true                                      {product} {ergonomic}
   size_t SoftMaxHeapSize                          = 4219469824                             {manageable} {ergonomic}
     bool UseCompressedOops                        = true                           {product lp64_product} {ergonomic}
     bool UseG1GC                                  = true                                      {product} {ergonomic}
     bool UseLargePagesIndividualAllocation        = false                                  {pd product} {ergonomic}

Logging:
Log output configuration:
 #0: stdout all=warning uptime,level,tags foldmultilines=false
 #1: stderr all=off uptime,level,tags foldmultilines=false

Environment Variables:
PATH=C:\WINDOWS\system32;C:\WINDOWS;C:\WINDOWS\System32\Wbem;C:\WINDOWS\System32\WindowsPowerShell\v1.0\;C:\WINDOWS\System32\OpenSSH\;D:\1. Melbourne Uni\F. Di hoc cung Neo\sem2 2024\Object Oriented thing(JAVA)\Git\cmd;C:\Users\tranp\AppData\Local\Programs\Python\Launcher\;C:\Users\tranp\AppData\Local\Microsoft\WindowsApps;D:\10. Software\Microsoft VS Code\bin
USERNAME=tranp
OS=Windows_NT
PROCESSOR_IDENTIFIER=Intel64 Family 6 Model 140 Stepping 1, GenuineIntel
TMP=C:\Users\tranp\AppData\Local\Temp
TEMP=C:\Users\tranp\AppData\Local\Temp




Periodic native trim disabled

---------------  S Y S T E M  ---------------

OS:
 Windows 11 , 64 bit Build 22621 (10.0.22621.3958)
OS uptime: 19 days 21:07 hours
Hyper-V role detected

CPU: total 8 (initial active 8) (4 cores per cpu, 2 threads per core) family 6 model 140 stepping 1 microcode 0xb8, cx8, cmov, fxsr, ht, mmx, 3dnowpref, sse, sse2, sse3, ssse3, sse4.1, sse4.2, popcnt, lzcnt, tsc, tscinvbit, avx, avx2, aes, erms, clmul, bmi1, bmi2, adx, avx512f, avx512dq, avx512cd, avx512bw, avx512vl, sha, fma, vzeroupper, avx512_vpopcntdq, avx512_vpclmulqdq, avx512_vaes, avx512_vnni, clflush, clflushopt, clwb, avx512_vbmi2, avx512_vbmi, hv, rdtscp, rdpid, fsrm, gfni, avx512_bitalg, f16c, cet_ibt, cet_ss, avx512_ifma
Processor Information for all 8 processors :
  Max Mhz: 2995, Current Mhz: 2995, Mhz Limit: 2995

Memory: 4k page, system-wide physical 16090M (3740M free)
TotalPageFile size 20186M (AvailPageFile size 3051M)
current process WorkingSet (physical memory assigned to process): 49M, peak: 49M
current process commit charge ("private bytes"): 341M, peak: 341M

vm_info: OpenJDK 64-Bit Server VM (22.0.2+9-70) for windows-amd64 JRE (22.0.2+9-70), built on 2024-06-04T16:52:23Z by "mach5one" with MS VC++ 17.6 (VS2022)

END.
