#
# A fatal error has been detected by the Java Runtime Environment:
#
#  EXCEPTION_ACCESS_VIOLATION (0xc0000005) at pc=0x00007ff891126918, pid=7172, tid=13140
#
# JRE version: OpenJDK Runtime Environment (22.0.2+9) (build 22.0.2+9-70)
# Java VM: OpenJDK 64-Bit Server VM (22.0.2+9-70, mixed mode, sharing, tiered, compressed oops, compressed class ptrs, g1 gc, windows-amd64)
# Problematic frame:
# C  [jdwp.dll+0x26918]
#
# No core dump will be written. Minidumps are not enabled by default on client versions of Windows
#
# If you would like to submit a bug report, please visit:
#   https://bugreport.java.com/bugreport/crash.jsp
# The crash happened outside the Java Virtual Machine in native code.
# See problematic frame for where to report the bug.
#

---------------  S U M M A R Y ------------

Command Line: -agentlib:jdwp=transport=dt_socket,address=127.0.0.1:62232,suspend=y,server=n -javaagent:C:\Users\tranp\AppData\Local\JetBrains\IdeaIC2024.1\captureAgent\debugger-agent.jar -Dfile.encoding=UTF-8 -Dsun.stdout.encoding=UTF-8 -Dsun.stderr.encoding=UTF-8 ShadowTaxi

Host: 11th Gen Intel(R) Core(TM) i7-1185G7 @ 3.00GHz, 8 cores, 15G,  Windows 11 , 64 bit Build 22621 (10.0.22621.3958)
Time: Tue Oct 15 09:49:11 2024 SE Asia Standard Time elapsed time: 0.255571 seconds (0d 0h 0m 0s)

---------------  T H R E A D  ---------------

Current thread (0x000002793b8d5560):  JavaThread "main"             [_thread_in_native, id=13140, stack(0x000000d84ca00000,0x000000d84cb00000) (1024K)]

Stack: [0x000000d84ca00000,0x000000d84cb00000],  sp=0x000000d84cafe488,  free space=1017k
Native frames: (J=compiled Java code, j=interpreted, Vv=VM code, C=native code)
C  [jdwp.dll+0x26918]  (no source info available)
C  [jdwp.dll+0x161bf]  (no source info available)
C  [jdwp.dll+0x1283f]  (no source info available)
V  [jvm.dll+0x5a04e7]  (no source info available)
V  [jvm.dll+0x3c9000]  (no source info available)
V  [jvm.dll+0x3c7c5c]  (no source info available)
V  [jvm.dll+0x3c7bf8]  (no source info available)
V  [jvm.dll+0x5ea63b]  (no source info available)
V  [jvm.dll+0x5ea6f3]  (no source info available)
V  [jvm.dll+0x3dd76a]  (no source info available)
V  [jvm.dll+0x3dd1f0]  (no source info available)
C  0x000002794d4efe31  (no source info available)

The last pc belongs to getstatic (printed below).
Java frames: (J=compiled Java code, j=interpreted, Vv=VM code)
j  org.lwjgl.glfw.GLFW.glfwInit()Z+0
j  bagel.AbstractGame.<clinit>()V+19
v  ~StubRoutines::call_stub 0x000002794d4d100d

siginfo: EXCEPTION_ACCESS_VIOLATION (0xc0000005), reading address 0xffffffffffffffff


Registers:
RAX=0x00000279a24ae930, RBX=0x000002795cb91430, RCX=0x000002793b8d5920, RDX=0x000002795cb91430
RSP=0x000000d84cafe488, RBP=0x0000000000000002, RSI=0x000000d84cafe530, RDI=0x000002793b8d5920
R8 =0x0000000000010002, R9 =0x0000000000000000, R10=0x00007ff8934d0000, R11=0x000000d84cafe458
R12=0x0000000000000007, R13=0x000002795cb91430, R14=0x00007ff891130400, R15=0x0000000000000000
RIP=0x00007ff891126918, EFLAGS=0x0000000000010202


Register to memory mapping:

RAX=0x00000279a24ae930 points into unknown readable memory: 0x0000000000000000 | 00 00 00 00 00 00 00 00
RBX=0x000002795cb91430 points into unknown readable memory: 0x0000000714209b38 | 38 9b 20 14 07 00 00 00
RCX=0x000002793b8d5920 points into unknown readable memory: 0x00000279a24ae930 | 30 e9 4a a2 79 02 00 00
RDX=0x000002795cb91430 points into unknown readable memory: 0x0000000714209b38 | 38 9b 20 14 07 00 00 00
RSP=0x000000d84cafe488 is pointing into the stack for thread: 0x000002793b8d5560
RBP=0x0000000000000002 is an unknown value
RSI=0x000000d84cafe530 is pointing into the stack for thread: 0x000002793b8d5560
RDI=0x000002793b8d5920 points into unknown readable memory: 0x00000279a24ae930 | 30 e9 4a a2 79 02 00 00
R8 =0x0000000000010002 is an unknown value
R9 =0x0 is null
R10=0x00007ff8934d0000 VCRUNTIME140.dll
R11=0x000000d84cafe458 is pointing into the stack for thread: 0x000002793b8d5560
R12=0x0000000000000007 is an unknown value
R13=0x000002795cb91430 points into unknown readable memory: 0x0000000714209b38 | 38 9b 20 14 07 00 00 00
R14=0x00007ff891130400 jdwp.dll
R15=0x0 is null

Top of Stack: (sp=0x000000d84cafe488)
0x000000d84cafe488:   00007ff8911161bf 000002795cb91430
0x000000d84cafe498:   000000d84cafe530 0000000000000000
0x000000d84cafe4a8:   0000000000000000 0000000200000007
0x000000d84cafe4b8:   000002795cbb18c0 000002793b8bd220
0x000000d84cafe4c8:   00007ff891130428 000002793b8d5b40
0x000000d84cafe4d8:   00007ff89111283f 000002795cb91430
0x000000d84cafe4e8:   0000000000000002 000002793b8d5920
0x000000d84cafe4f8:   000002795cb91438 000000d84cafe6f0
0x000000d84cafe508:   000002795ca2cf78 00000005a2270100
0x000000d84cafe518:   000002795e015358 0000000000000000
0x000000d84cafe528:   0000000bffffffff 0000000000000007
0x000000d84cafe538:   000002795cb91430 0000000000000000
0x000000d84cafe548:   000002795cb91438 0000000000000000
0x000000d84cafe558:   0000000000000000 0000000000000000
0x000000d84cafe568:   0000000000000000 0000000000000000
0x000000d84cafe578:   0000000000000000 0000000000000000
0x000000d84cafe588:   000002793b8d5b40 000002795e015358
0x000000d84cafe598:   00007ff8447d04e7 000002795cb91438
0x000000d84cafe5a8:   00000279a21a6780 000002793b8d5560
0x000000d84cafe5b8:   00007ff8444c5c22 000054c9c3a71fb2
0x000000d84cafe5c8:   000002793dc5d090 000002795e015358
0x000000d84cafe5d8:   0000000000000001 000000d84cafe670
0x000000d84cafe5e8:   00007ff8444c24d0 000002795e015358
0x000000d84cafe5f8:   0000000000000000 000002793b92d930
0x000000d84cafe608:   000002793dc641a0 000002793dc641b0
0x000000d84cafe618:   000002793dc64588 00000000000003d8
0x000000d84cafe628:   000002793b8d5560 000002793b8d5560
0x000000d84cafe638:   000002793b92d430 000002793dc64590
0x000000d84cafe648:   000002793dc645a0 000002793dc64678
0x000000d84cafe658:   00000000000000d8 000000d84cafe670
0x000000d84cafe668:   00007ff8444bc758 000002793b8d5560
0x000000d84cafe678:   000002793b92d430 000002793dc64590 

Instructions: (pc=0x00007ff891126918)
0x00007ff891126818:   05 d3 08 01 00 48 8b 03 48 8b d7 4d 8b 40 30 48
0x00007ff891126828:   8b cb 48 8b 5c 24 30 48 83 c4 20 5f 48 ff a0 00
0x00007ff891126838:   01 00 00 cc 48 89 5c 24 08 57 48 83 ec 20 48 8b
0x00007ff891126848:   f9 e8 f2 ea ff ff 4c 8b 05 9b 08 01 00 48 8b d8
0x00007ff891126858:   41 f6 80 10 02 00 00 02 74 33 41 b8 20 06 00 00
0x00007ff891126868:   48 8d 15 19 c4 00 00 48 8d 0d 4e 5b 00 00 e8 d9
0x00007ff891126878:   48 ff ff 48 8d 15 56 9a 00 00 48 8d 0d 4f 5b 00
0x00007ff891126888:   00 e8 6e 49 ff ff 4c 8b 05 5b 08 01 00 48 8b 03
0x00007ff891126898:   48 8b d7 4d 8b 40 38 48 8b cb 48 8b 5c 24 30 48
0x00007ff8911268a8:   83 c4 20 5f 48 ff a0 00 01 00 00 cc 48 89 5c 24
0x00007ff8911268b8:   08 57 48 83 ec 20 48 8b f9 e8 7a ea ff ff 48 8b
0x00007ff8911268c8:   15 23 08 01 00 48 8b d8 f6 82 10 02 00 00 02 74
0x00007ff8911268d8:   2c 41 b8 12 06 00 00 48 8d 15 a2 c3 00 00 48 8d
0x00007ff8911268e8:   0d d7 5a 00 00 e8 62 48 ff ff 48 8d 15 27 6b 00
0x00007ff8911268f8:   00 48 8d 0d d8 5a 00 00 e8 f7 48 ff ff 48 8b 03
0x00007ff891126908:   48 8b d7 48 8b cb 48 8b 5c 24 30 48 83 c4 20 5f
0x00007ff891126918:   48 ff a0 50 07 00 00 cc 48 89 5c 24 08 48 89 74
0x00007ff891126928:   24 10 48 89 7c 24 18 41 56 48 83 ec 20 4c 63 f2
0x00007ff891126938:   49 8b d8 48 8b d1 41 8b f9 48 8b cb 4d 8d 46 ff
0x00007ff891126948:   ff 15 22 59 00 00 85 c0 75 3c 41 0f be 44 1e ff
0x00007ff891126958:   3b c7 75 32 49 03 de eb 10 0f be c8 ff 15 f6 58
0x00007ff891126968:   00 00 85 c0 74 09 48 ff c3 8a 03 84 c0 75 ea 80
0x00007ff891126978:   3b 3b 74 12 8b d7 48 8b cb e8 2c 4b 00 00 48 85
0x00007ff891126988:   c0 0f 94 c0 eb 02 32 c0 48 8b 5c 24 30 48 8b 74
0x00007ff891126998:   24 38 48 8b 7c 24 40 48 83 c4 20 41 5e c3 cc cc
0x00007ff8911269a8:   0f b6 d1 83 fa 1e 0f 87 83 00 00 00 74 7b 83 fa
0x00007ff8911269b8:   07 77 41 74 39 83 ea 01 74 2e 83 ea 01 74 23 83
0x00007ff8911269c8:   ea 01 74 18 83 ea 01 74 0d 83 fa 02 0f 85 8a 00
0x00007ff8911269d8:   00 00 8d 42 03 c3 b8 04 00 00 00 c3 b8 03 00 00
0x00007ff8911269e8:   00 c3 b8 02 00 00 00 c3 b8 01 00 00 00 c3 b8 06
0x00007ff8911269f8:   00 00 00 c3 b8 08 00 00 00 2b d0 74 26 83 ea 01
0x00007ff891126a08:   0f 84 88 00 00 00 83 ea 01 74 12 b8 0a 00 00 00 


Stack slot to memory mapping:

stack at sp + 0 slots: 0x00007ff8911161bf jdwp.dll
stack at sp + 1 slots: 0x000002795cb91430 points into unknown readable memory: 0x0000000714209b38 | 38 9b 20 14 07 00 00 00
stack at sp + 2 slots: 0x000000d84cafe530 is pointing into the stack for thread: 0x000002793b8d5560
stack at sp + 3 slots: 0x0 is null
stack at sp + 4 slots: 0x0 is null
stack at sp + 5 slots: 0x0000000200000007 is an unknown value
stack at sp + 6 slots: 0x000002795cbb18c0 points into unknown readable memory: 0x000002794da70a10 | 10 0a a7 4d 79 02 00 00
stack at sp + 7 slots: 0x000002793b8bd220 points into unknown readable memory: 0x8000001200000001 | 01 00 00 00 12 00 00 80

getstatic  178 getstatic  [0x000002794d4efd80, 0x000002794d4f01d8]  1112 bytes
[MachCode]
  0x000002794d4efd80: 4883 ec08 | c5fa 1104 | 24eb 1f48 | 83ec 10c5 | fb11 0424 | eb14 4883 | ec10 4889 | 0424 48c7 
  0x000002794d4efda0: 4424 0800 | 0000 00eb | 0150 488b | 4dd0 410f | b755 0148 | 8b49 286b | d218 488d | 4c11 080f 
  0x000002794d4efdc0: b659 1281 | fbb2 0000 | 000f 8474 | 0100 00bb | b200 0000 | e805 0000 | 00e9 5001 | 0000 488b 
  0x000002794d4efde0: d348 8d44 | 2408 4c89 | 6dc0 498b | cfc5 f877 | 4989 afb0 | 0300 0049 | 8987 a003 | 0000 4883 
  0x000002794d4efe00: ec20 40f6 | c40f 0f84 | 1900 0000 | 4883 ec08 | 48b8 90d1 | 6044 f87f | 0000 ffd0 | 4883 c408 
  0x000002794d4efe20: e90c 0000 | 0048 b890 | d160 44f8 | 7f00 00ff | d048 83c4 | 2049 c787 | a003 0000 | 0000 0000 
  0x000002794d4efe40: 49c7 87b0 | 0300 0000 | 0000 0049 | c787 a803 | 0000 0000 | 0000 c5f8 | 7741 8b8f | 3405 0000 
  0x000002794d4efe60: f6c1 010f | 8442 0000 | 00f6 c102 | 0f85 3900 | 0000 4883 | ec20 40f6 | c40f 0f84 | 1900 0000 
  0x000002794d4efe80: 4883 ec08 | 48b8 c07b | 6044 f87f | 0000 ffd0 | 4883 c408 | e90c 0000 | 0048 b8c0 | 7b60 44f8 
  0x000002794d4efea0: 7f00 00ff | d048 83c4 | 20ff e049 | 8b8f e005 | 0000 4885 | c90f 8455 | 0000 008b | 899c 0000 
  0x000002794d4efec0: 0083 f901 | 0f85 4600 | 0000 498b | 8fe0 0500 | 008b 89a0 | 0000 0048 | 83ec 2040 | f6c4 0f0f 
  0x000002794d4efee0: 8419 0000 | 0048 83ec | 0848 b8b0 | 7b60 44f8 | 7f00 00ff | d048 83c4 | 08e9 0c00 | 0000 48b8 
  0x000002794d4eff00: b07b 6044 | f87f 0000 | ffd0 4883 | c420 ffe0 | 4983 7f08 | 000f 8405 | 0000 00e9 | e00f feff 
  0x000002794d4eff20: 4c8b 6dc0 | 4c8b 75c8 | 4e8d 74f5 | 00c3 488b | 4dd0 410f | b755 0148 | 8b49 286b | d218 488d 
  0x000002794d4eff40: 4c11 0848 | b8a0 a1e8 | 44f8 7f00 | 008b 0085 | c00f 848a | 0100 0048 | 8b4d d041 | 0fb7 5501 
  0x000002794d4eff60: 488b 4928 | 6bd2 1848 | 8d4c 1108 | 4833 c0e8 | 0500 0000 | e953 0100 | 004c 8bc1 | 488b d048 
  0x000002794d4eff80: 8d44 2408 | 4c89 6dc0 | 498b cfc5 | f877 4989 | afb0 0300 | 0049 8987 | a003 0000 | 4883 ec20 
  0x000002794d4effa0: 40f6 c40f | 0f84 1900 | 0000 4883 | ec08 48b8 | f0c6 6044 | f87f 0000 | ffd0 4883 | c408 e90c 
  0x000002794d4effc0: 0000 0048 | b8f0 c660 | 44f8 7f00 | 00ff d048 | 83c4 2049 | c787 a003 | 0000 0000 | 0000 49c7 
  0x000002794d4effe0: 87b0 0300 | 0000 0000 | 0049 c787 | a803 0000 | 0000 0000 | c5f8 7741 | 8b8f 3405 | 0000 f6c1 
  0x000002794d4f0000: 010f 8442 | 0000 00f6 | c102 0f85 | 3900 0000 | 4883 ec20 | 40f6 c40f | 0f84 1900 | 0000 4883 
  0x000002794d4f0020: ec08 48b8 | c07b 6044 | f87f 0000 | ffd0 4883 | c408 e90c | 0000 0048 | b8c0 7b60 | 44f8 7f00 
  0x000002794d4f0040: 00ff d048 | 83c4 20ff | e049 8b8f | e005 0000 | 4885 c90f | 8455 0000 | 008b 899c | 0000 0083 
  0x000002794d4f0060: f901 0f85 | 4600 0000 | 498b 8fe0 | 0500 008b | 89a0 0000 | 0048 83ec | 2040 f6c4 | 0f0f 8419 
  0x000002794d4f0080: 0000 0048 | 83ec 0848 | b8b0 7b60 | 44f8 7f00 | 00ff d048 | 83c4 08e9 | 0c00 0000 | 48b8 b07b 
  0x000002794d4f00a0: 6044 f87f | 0000 ffd0 | 4883 c420 | ffe0 4983 | 7f08 000f | 8405 0000 | 00e9 420e | feff 4c8b 
  0x000002794d4f00c0: 6dc0 4c8b | 75c8 4e8d | 74f5 00c3 | 488b 4dd0 | 410f b755 | 0148 8b49 | 286b d218 | 488d 4c11 
  0x000002794d4f00e0: 088b 5908 | 0fb6 5111 | 0fb6 4110 | 4c8b 094d | 8b49 704d | 8b09 85c0 | 0f85 0b00 | 0000 410f 
  0x000002794d4f0100: be04 1950 | e9b5 0000 | 0083 f801 | 0f85 0b00 | 0000 410f | b604 1950 | e9a1 0000 | 0083 f808 
  0x000002794d4f0120: 0f85 0e00 | 0000 418b | 0419 48c1 | e003 50e9 | 8a00 0000 | 83f8 040f | 850a 0000 | 0041 8b04 
  0x000002794d4f0140: 1950 e977 | 0000 0083 | f802 0f85 | 0b00 0000 | 410f b704 | 1950 e963 | 0000 0083 | f803 0f85 
  0x000002794d4f0160: 0b00 0000 | 410f bf04 | 1950 e94f | 0000 0083 | f805 0f85 | 1a00 0000 | 498b 0419 | 4883 ec10 
  0x000002794d4f0180: 4889 0424 | 48c7 4424 | 0800 0000 | 00e9 2c00 | 0000 83f8 | 060f 8514 | 0000 00c4 | c17a 1004 
  0x000002794d4f01a0: 1948 83ec | 08c5 fa11 | 0424 e90f | 0000 00c4 | c17b 1004 | 1948 83ec | 10c5 fb11 | 0424 410f 
  0x000002794d4f01c0: b65d 0349 | 83c5 0349 | ba30 11eb | 44f8 7f00 | 0041 ff24 | da66 6690 
[/MachCode]

---------------  P R O C E S S  ---------------

Threads class SMR info:
_java_thread_list=0x00000279a2289990, length=15, elements={
0x000002793b8d5560, 0x000002795cba9b50, 0x000002795cbaab60, 0x000002795cbad990,
0x000002795cbb1c50, 0x000002795cbb2bb0, 0x000002795cbbc2c0, 0x000002795cbc0160,
0x000002795cbc4410, 0x00000279a20f5870, 0x00000279a21c8d80, 0x00000279a22cddc0,
0x00000279a22d8aa0, 0x00000279a22db550, 0x00000279a22836a0
}

Java Threads: ( => current thread )
=>0x000002793b8d5560 JavaThread "main"                              [_thread_in_native, id=13140, stack(0x000000d84ca00000,0x000000d84cb00000) (1024K)]
  0x000002795cba9b50 JavaThread "Reference Handler"          daemon [_thread_blocked, id=26332, stack(0x000000d84d200000,0x000000d84d300000) (1024K)]
  0x000002795cbaab60 JavaThread "Finalizer"                  daemon [_thread_blocked, id=25296, stack(0x000000d84d300000,0x000000d84d400000) (1024K)]
  0x000002795cbad990 JavaThread "Signal Dispatcher"          daemon [_thread_blocked, id=6372, stack(0x000000d84d400000,0x000000d84d500000) (1024K)]
  0x000002795cbb1c50 JavaThread "Attach Listener"            daemon [_thread_blocked, id=19492, stack(0x000000d84d500000,0x000000d84d600000) (1024K)]
  0x000002795cbb2bb0 JavaThread "Service Thread"             daemon [_thread_blocked, id=23052, stack(0x000000d84d600000,0x000000d84d700000) (1024K)]
  0x000002795cbbc2c0 JavaThread "Monitor Deflation Thread"   daemon [_thread_blocked, id=4720, stack(0x000000d84d700000,0x000000d84d800000) (1024K)]
  0x000002795cbc0160 JavaThread "C2 CompilerThread0"         daemon [_thread_blocked, id=20036, stack(0x000000d84d800000,0x000000d84d900000) (1024K)]
  0x000002795cbc4410 JavaThread "C1 CompilerThread0"         daemon [_thread_blocked, id=24836, stack(0x000000d84d900000,0x000000d84da00000) (1024K)]
  0x00000279a20f5870 JavaThread "Common-Cleaner"             daemon [_thread_blocked, id=2588, stack(0x000000d84da00000,0x000000d84db00000) (1024K)]
  0x00000279a21c8d80 JavaThread "C2 CompilerThread1"         daemon [_thread_blocked, id=16072, stack(0x000000d84db00000,0x000000d84dc00000) (1024K)]
  0x00000279a22cddc0 JavaThread "JDWP Transport Listener: dt_socket" daemon [_thread_blocked, id=8140, stack(0x000000d84dc00000,0x000000d84dd00000) (1024K)]
  0x00000279a22d8aa0 JavaThread "JDWP Event Helper Thread"   daemon [_thread_blocked, id=14676, stack(0x000000d84dd00000,0x000000d84de00000) (1024K)]
  0x00000279a22db550 JavaThread "JDWP Command Reader"        daemon [_thread_in_native, id=8680, stack(0x000000d84de00000,0x000000d84df00000) (1024K)]
  0x00000279a22836a0 JavaThread "Notification Thread"        daemon [_thread_blocked, id=11632, stack(0x000000d84df00000,0x000000d84e000000) (1024K)]
Total: 15

Other Threads:
  0x000002795cb8e160 VMThread "VM Thread"                           [id=20120, stack(0x000000d84d100000,0x000000d84d200000) (1024K)]
  0x000002795cb73b20 WatcherThread "VM Periodic Task Thread"        [id=9172, stack(0x000000d84d000000,0x000000d84d100000) (1024K)]
  0x000002793dcc78f0 WorkerThread "GC Thread#0"                     [id=22588, stack(0x000000d84cb00000,0x000000d84cc00000) (1024K)]
  0x000002793b99e720 ConcurrentGCThread "G1 Main Marker"            [id=14712, stack(0x000000d84cc00000,0x000000d84cd00000) (1024K)]
  0x000002793dcd7ee0 WorkerThread "G1 Conc#0"                       [id=13724, stack(0x000000d84cd00000,0x000000d84ce00000) (1024K)]
  0x000002795ca465f0 ConcurrentGCThread "G1 Refine#0"               [id=1300, stack(0x000000d84ce00000,0x000000d84cf00000) (1024K)]
  0x000002795ca46e20 ConcurrentGCThread "G1 Service"                [id=19748, stack(0x000000d84cf00000,0x000000d84d000000) (1024K)]
Total: 7

Threads with active compile tasks:
Total: 0

VM state: not at safepoint (normal execution)

VM Mutex/Monitor currently owned by a thread: None

Heap address: 0x0000000704800000, size: 4024 MB, Compressed Oops mode: Zero based, Oop shift amount: 3

CDS archive(s) mapped at: [0x000002795d000000-0x000002795dc60000-0x000002795dc60000), size 12976128, SharedBaseAddress: 0x000002795d000000, ArchiveRelocationMode: 1.
Compressed class space mapped at: 0x000002795e000000-0x000002799e000000, reserved size: 1073741824
Narrow klass base: 0x000002795d000000, Narrow klass shift: 0, Narrow klass range: 0x41000000

GC Precious Log:
 CardTable entry size: 512
 Card Set container configuration: InlinePtr #cards 4 size 8 Array Of Cards #cards 16 size 48 Howl #buckets 8 coarsen threshold 3686 Howl Bitmap #cards 512 size 80 coarsen threshold 460 Card regions per heap region 1 cards per card region 4096
 CPUs: 8 total, 8 available
 Memory: 16090M
 Large Page Support: Disabled
 NUMA Support: Disabled
 Compressed Oops: Enabled (Zero based)
 Heap Region Size: 2M
 Heap Min Capacity: 8M
 Heap Initial Capacity: 252M
 Heap Max Capacity: 4024M
 Pre-touch: Disabled
 Parallel Workers: 8
 Concurrent Workers: 2
 Concurrent Refinement Workers: 8
 Periodic GC: Disabled

Heap:
 garbage-first heap   total reserved 4120576K, committed 258048K, used 8192K [0x0000000704800000, 0x0000000800000000)
  region size 2048K, 5 young (10240K), 0 survivors (0K)
 Metaspace       used 1903K, committed 2112K, reserved 1114112K
  class space    used 150K, committed 256K, reserved 1048576K

Heap Regions: E=young(eden), S=young(survivor), O=old, HS=humongous(starts), HC=humongous(continues), CS=collection set, F=free, TAMS=top-at-mark-start, PB=parsable bottom
|   0|0x0000000704800000, 0x0000000704800000, 0x0000000704a00000|  0%| F|  |TAMS 0x0000000704800000| PB 0x0000000704800000| Untracked |  0
|   1|0x0000000704a00000, 0x0000000704a00000, 0x0000000704c00000|  0%| F|  |TAMS 0x0000000704a00000| PB 0x0000000704a00000| Untracked |  0
|   2|0x0000000704c00000, 0x0000000704c00000, 0x0000000704e00000|  0%| F|  |TAMS 0x0000000704c00000| PB 0x0000000704c00000| Untracked |  0
|   3|0x0000000704e00000, 0x0000000704e00000, 0x0000000705000000|  0%| F|  |TAMS 0x0000000704e00000| PB 0x0000000704e00000| Untracked |  0
|   4|0x0000000705000000, 0x0000000705000000, 0x0000000705200000|  0%| F|  |TAMS 0x0000000705000000| PB 0x0000000705000000| Untracked |  0
|   5|0x0000000705200000, 0x0000000705200000, 0x0000000705400000|  0%| F|  |TAMS 0x0000000705200000| PB 0x0000000705200000| Untracked |  0
|   6|0x0000000705400000, 0x0000000705400000, 0x0000000705600000|  0%| F|  |TAMS 0x0000000705400000| PB 0x0000000705400000| Untracked |  0
|   7|0x0000000705600000, 0x0000000705600000, 0x0000000705800000|  0%| F|  |TAMS 0x0000000705600000| PB 0x0000000705600000| Untracked |  0
|   8|0x0000000705800000, 0x0000000705800000, 0x0000000705a00000|  0%| F|  |TAMS 0x0000000705800000| PB 0x0000000705800000| Untracked |  0
|   9|0x0000000705a00000, 0x0000000705a00000, 0x0000000705c00000|  0%| F|  |TAMS 0x0000000705a00000| PB 0x0000000705a00000| Untracked |  0
|  10|0x0000000705c00000, 0x0000000705c00000, 0x0000000705e00000|  0%| F|  |TAMS 0x0000000705c00000| PB 0x0000000705c00000| Untracked |  0
|  11|0x0000000705e00000, 0x0000000705e00000, 0x0000000706000000|  0%| F|  |TAMS 0x0000000705e00000| PB 0x0000000705e00000| Untracked |  0
|  12|0x0000000706000000, 0x0000000706000000, 0x0000000706200000|  0%| F|  |TAMS 0x0000000706000000| PB 0x0000000706000000| Untracked |  0
|  13|0x0000000706200000, 0x0000000706200000, 0x0000000706400000|  0%| F|  |TAMS 0x0000000706200000| PB 0x0000000706200000| Untracked |  0
|  14|0x0000000706400000, 0x0000000706400000, 0x0000000706600000|  0%| F|  |TAMS 0x0000000706400000| PB 0x0000000706400000| Untracked |  0
|  15|0x0000000706600000, 0x0000000706600000, 0x0000000706800000|  0%| F|  |TAMS 0x0000000706600000| PB 0x0000000706600000| Untracked |  0
|  16|0x0000000706800000, 0x0000000706800000, 0x0000000706a00000|  0%| F|  |TAMS 0x0000000706800000| PB 0x0000000706800000| Untracked |  0
|  17|0x0000000706a00000, 0x0000000706a00000, 0x0000000706c00000|  0%| F|  |TAMS 0x0000000706a00000| PB 0x0000000706a00000| Untracked |  0
|  18|0x0000000706c00000, 0x0000000706c00000, 0x0000000706e00000|  0%| F|  |TAMS 0x0000000706c00000| PB 0x0000000706c00000| Untracked |  0
|  19|0x0000000706e00000, 0x0000000706e00000, 0x0000000707000000|  0%| F|  |TAMS 0x0000000706e00000| PB 0x0000000706e00000| Untracked |  0
|  20|0x0000000707000000, 0x0000000707000000, 0x0000000707200000|  0%| F|  |TAMS 0x0000000707000000| PB 0x0000000707000000| Untracked |  0
|  21|0x0000000707200000, 0x0000000707200000, 0x0000000707400000|  0%| F|  |TAMS 0x0000000707200000| PB 0x0000000707200000| Untracked |  0
|  22|0x0000000707400000, 0x0000000707400000, 0x0000000707600000|  0%| F|  |TAMS 0x0000000707400000| PB 0x0000000707400000| Untracked |  0
|  23|0x0000000707600000, 0x0000000707600000, 0x0000000707800000|  0%| F|  |TAMS 0x0000000707600000| PB 0x0000000707600000| Untracked |  0
|  24|0x0000000707800000, 0x0000000707800000, 0x0000000707a00000|  0%| F|  |TAMS 0x0000000707800000| PB 0x0000000707800000| Untracked |  0
|  25|0x0000000707a00000, 0x0000000707a00000, 0x0000000707c00000|  0%| F|  |TAMS 0x0000000707a00000| PB 0x0000000707a00000| Untracked |  0
|  26|0x0000000707c00000, 0x0000000707c00000, 0x0000000707e00000|  0%| F|  |TAMS 0x0000000707c00000| PB 0x0000000707c00000| Untracked |  0
|  27|0x0000000707e00000, 0x0000000707e00000, 0x0000000708000000|  0%| F|  |TAMS 0x0000000707e00000| PB 0x0000000707e00000| Untracked |  0
|  28|0x0000000708000000, 0x0000000708000000, 0x0000000708200000|  0%| F|  |TAMS 0x0000000708000000| PB 0x0000000708000000| Untracked |  0
|  29|0x0000000708200000, 0x0000000708200000, 0x0000000708400000|  0%| F|  |TAMS 0x0000000708200000| PB 0x0000000708200000| Untracked |  0
|  30|0x0000000708400000, 0x0000000708400000, 0x0000000708600000|  0%| F|  |TAMS 0x0000000708400000| PB 0x0000000708400000| Untracked |  0
|  31|0x0000000708600000, 0x0000000708600000, 0x0000000708800000|  0%| F|  |TAMS 0x0000000708600000| PB 0x0000000708600000| Untracked |  0
|  32|0x0000000708800000, 0x0000000708800000, 0x0000000708a00000|  0%| F|  |TAMS 0x0000000708800000| PB 0x0000000708800000| Untracked |  0
|  33|0x0000000708a00000, 0x0000000708a00000, 0x0000000708c00000|  0%| F|  |TAMS 0x0000000708a00000| PB 0x0000000708a00000| Untracked |  0
|  34|0x0000000708c00000, 0x0000000708c00000, 0x0000000708e00000|  0%| F|  |TAMS 0x0000000708c00000| PB 0x0000000708c00000| Untracked |  0
|  35|0x0000000708e00000, 0x0000000708e00000, 0x0000000709000000|  0%| F|  |TAMS 0x0000000708e00000| PB 0x0000000708e00000| Untracked |  0
|  36|0x0000000709000000, 0x0000000709000000, 0x0000000709200000|  0%| F|  |TAMS 0x0000000709000000| PB 0x0000000709000000| Untracked |  0
|  37|0x0000000709200000, 0x0000000709200000, 0x0000000709400000|  0%| F|  |TAMS 0x0000000709200000| PB 0x0000000709200000| Untracked |  0
|  38|0x0000000709400000, 0x0000000709400000, 0x0000000709600000|  0%| F|  |TAMS 0x0000000709400000| PB 0x0000000709400000| Untracked |  0
|  39|0x0000000709600000, 0x0000000709600000, 0x0000000709800000|  0%| F|  |TAMS 0x0000000709600000| PB 0x0000000709600000| Untracked |  0
|  40|0x0000000709800000, 0x0000000709800000, 0x0000000709a00000|  0%| F|  |TAMS 0x0000000709800000| PB 0x0000000709800000| Untracked |  0
|  41|0x0000000709a00000, 0x0000000709a00000, 0x0000000709c00000|  0%| F|  |TAMS 0x0000000709a00000| PB 0x0000000709a00000| Untracked |  0
|  42|0x0000000709c00000, 0x0000000709c00000, 0x0000000709e00000|  0%| F|  |TAMS 0x0000000709c00000| PB 0x0000000709c00000| Untracked |  0
|  43|0x0000000709e00000, 0x0000000709e00000, 0x000000070a000000|  0%| F|  |TAMS 0x0000000709e00000| PB 0x0000000709e00000| Untracked |  0
|  44|0x000000070a000000, 0x000000070a000000, 0x000000070a200000|  0%| F|  |TAMS 0x000000070a000000| PB 0x000000070a000000| Untracked |  0
|  45|0x000000070a200000, 0x000000070a200000, 0x000000070a400000|  0%| F|  |TAMS 0x000000070a200000| PB 0x000000070a200000| Untracked |  0
|  46|0x000000070a400000, 0x000000070a400000, 0x000000070a600000|  0%| F|  |TAMS 0x000000070a400000| PB 0x000000070a400000| Untracked |  0
|  47|0x000000070a600000, 0x000000070a600000, 0x000000070a800000|  0%| F|  |TAMS 0x000000070a600000| PB 0x000000070a600000| Untracked |  0
|  48|0x000000070a800000, 0x000000070a800000, 0x000000070aa00000|  0%| F|  |TAMS 0x000000070a800000| PB 0x000000070a800000| Untracked |  0
|  49|0x000000070aa00000, 0x000000070aa00000, 0x000000070ac00000|  0%| F|  |TAMS 0x000000070aa00000| PB 0x000000070aa00000| Untracked |  0
|  50|0x000000070ac00000, 0x000000070ac00000, 0x000000070ae00000|  0%| F|  |TAMS 0x000000070ac00000| PB 0x000000070ac00000| Untracked |  0
|  51|0x000000070ae00000, 0x000000070ae00000, 0x000000070b000000|  0%| F|  |TAMS 0x000000070ae00000| PB 0x000000070ae00000| Untracked |  0
|  52|0x000000070b000000, 0x000000070b000000, 0x000000070b200000|  0%| F|  |TAMS 0x000000070b000000| PB 0x000000070b000000| Untracked |  0
|  53|0x000000070b200000, 0x000000070b200000, 0x000000070b400000|  0%| F|  |TAMS 0x000000070b200000| PB 0x000000070b200000| Untracked |  0
|  54|0x000000070b400000, 0x000000070b400000, 0x000000070b600000|  0%| F|  |TAMS 0x000000070b400000| PB 0x000000070b400000| Untracked |  0
|  55|0x000000070b600000, 0x000000070b600000, 0x000000070b800000|  0%| F|  |TAMS 0x000000070b600000| PB 0x000000070b600000| Untracked |  0
|  56|0x000000070b800000, 0x000000070b800000, 0x000000070ba00000|  0%| F|  |TAMS 0x000000070b800000| PB 0x000000070b800000| Untracked |  0
|  57|0x000000070ba00000, 0x000000070ba00000, 0x000000070bc00000|  0%| F|  |TAMS 0x000000070ba00000| PB 0x000000070ba00000| Untracked |  0
|  58|0x000000070bc00000, 0x000000070bc00000, 0x000000070be00000|  0%| F|  |TAMS 0x000000070bc00000| PB 0x000000070bc00000| Untracked |  0
|  59|0x000000070be00000, 0x000000070be00000, 0x000000070c000000|  0%| F|  |TAMS 0x000000070be00000| PB 0x000000070be00000| Untracked |  0
|  60|0x000000070c000000, 0x000000070c000000, 0x000000070c200000|  0%| F|  |TAMS 0x000000070c000000| PB 0x000000070c000000| Untracked |  0
|  61|0x000000070c200000, 0x000000070c200000, 0x000000070c400000|  0%| F|  |TAMS 0x000000070c200000| PB 0x000000070c200000| Untracked |  0
|  62|0x000000070c400000, 0x000000070c400000, 0x000000070c600000|  0%| F|  |TAMS 0x000000070c400000| PB 0x000000070c400000| Untracked |  0
|  63|0x000000070c600000, 0x000000070c600000, 0x000000070c800000|  0%| F|  |TAMS 0x000000070c600000| PB 0x000000070c600000| Untracked |  0
|  64|0x000000070c800000, 0x000000070c800000, 0x000000070ca00000|  0%| F|  |TAMS 0x000000070c800000| PB 0x000000070c800000| Untracked |  0
|  65|0x000000070ca00000, 0x000000070ca00000, 0x000000070cc00000|  0%| F|  |TAMS 0x000000070ca00000| PB 0x000000070ca00000| Untracked |  0
|  66|0x000000070cc00000, 0x000000070cc00000, 0x000000070ce00000|  0%| F|  |TAMS 0x000000070cc00000| PB 0x000000070cc00000| Untracked |  0
|  67|0x000000070ce00000, 0x000000070ce00000, 0x000000070d000000|  0%| F|  |TAMS 0x000000070ce00000| PB 0x000000070ce00000| Untracked |  0
|  68|0x000000070d000000, 0x000000070d000000, 0x000000070d200000|  0%| F|  |TAMS 0x000000070d000000| PB 0x000000070d000000| Untracked |  0
|  69|0x000000070d200000, 0x000000070d200000, 0x000000070d400000|  0%| F|  |TAMS 0x000000070d200000| PB 0x000000070d200000| Untracked |  0
|  70|0x000000070d400000, 0x000000070d400000, 0x000000070d600000|  0%| F|  |TAMS 0x000000070d400000| PB 0x000000070d400000| Untracked |  0
|  71|0x000000070d600000, 0x000000070d600000, 0x000000070d800000|  0%| F|  |TAMS 0x000000070d600000| PB 0x000000070d600000| Untracked |  0
|  72|0x000000070d800000, 0x000000070d800000, 0x000000070da00000|  0%| F|  |TAMS 0x000000070d800000| PB 0x000000070d800000| Untracked |  0
|  73|0x000000070da00000, 0x000000070da00000, 0x000000070dc00000|  0%| F|  |TAMS 0x000000070da00000| PB 0x000000070da00000| Untracked |  0
|  74|0x000000070dc00000, 0x000000070dc00000, 0x000000070de00000|  0%| F|  |TAMS 0x000000070dc00000| PB 0x000000070dc00000| Untracked |  0
|  75|0x000000070de00000, 0x000000070de00000, 0x000000070e000000|  0%| F|  |TAMS 0x000000070de00000| PB 0x000000070de00000| Untracked |  0
|  76|0x000000070e000000, 0x000000070e000000, 0x000000070e200000|  0%| F|  |TAMS 0x000000070e000000| PB 0x000000070e000000| Untracked |  0
|  77|0x000000070e200000, 0x000000070e200000, 0x000000070e400000|  0%| F|  |TAMS 0x000000070e200000| PB 0x000000070e200000| Untracked |  0
|  78|0x000000070e400000, 0x000000070e400000, 0x000000070e600000|  0%| F|  |TAMS 0x000000070e400000| PB 0x000000070e400000| Untracked |  0
|  79|0x000000070e600000, 0x000000070e600000, 0x000000070e800000|  0%| F|  |TAMS 0x000000070e600000| PB 0x000000070e600000| Untracked |  0
|  80|0x000000070e800000, 0x000000070e800000, 0x000000070ea00000|  0%| F|  |TAMS 0x000000070e800000| PB 0x000000070e800000| Untracked |  0
|  81|0x000000070ea00000, 0x000000070ea00000, 0x000000070ec00000|  0%| F|  |TAMS 0x000000070ea00000| PB 0x000000070ea00000| Untracked |  0
|  82|0x000000070ec00000, 0x000000070ec00000, 0x000000070ee00000|  0%| F|  |TAMS 0x000000070ec00000| PB 0x000000070ec00000| Untracked |  0
|  83|0x000000070ee00000, 0x000000070ee00000, 0x000000070f000000|  0%| F|  |TAMS 0x000000070ee00000| PB 0x000000070ee00000| Untracked |  0
|  84|0x000000070f000000, 0x000000070f000000, 0x000000070f200000|  0%| F|  |TAMS 0x000000070f000000| PB 0x000000070f000000| Untracked |  0
|  85|0x000000070f200000, 0x000000070f200000, 0x000000070f400000|  0%| F|  |TAMS 0x000000070f200000| PB 0x000000070f200000| Untracked |  0
|  86|0x000000070f400000, 0x000000070f400000, 0x000000070f600000|  0%| F|  |TAMS 0x000000070f400000| PB 0x000000070f400000| Untracked |  0
|  87|0x000000070f600000, 0x000000070f600000, 0x000000070f800000|  0%| F|  |TAMS 0x000000070f600000| PB 0x000000070f600000| Untracked |  0
|  88|0x000000070f800000, 0x000000070f800000, 0x000000070fa00000|  0%| F|  |TAMS 0x000000070f800000| PB 0x000000070f800000| Untracked |  0
|  89|0x000000070fa00000, 0x000000070fa00000, 0x000000070fc00000|  0%| F|  |TAMS 0x000000070fa00000| PB 0x000000070fa00000| Untracked |  0
|  90|0x000000070fc00000, 0x000000070fc00000, 0x000000070fe00000|  0%| F|  |TAMS 0x000000070fc00000| PB 0x000000070fc00000| Untracked |  0
|  91|0x000000070fe00000, 0x000000070fe00000, 0x0000000710000000|  0%| F|  |TAMS 0x000000070fe00000| PB 0x000000070fe00000| Untracked |  0
|  92|0x0000000710000000, 0x0000000710000000, 0x0000000710200000|  0%| F|  |TAMS 0x0000000710000000| PB 0x0000000710000000| Untracked |  0
|  93|0x0000000710200000, 0x0000000710200000, 0x0000000710400000|  0%| F|  |TAMS 0x0000000710200000| PB 0x0000000710200000| Untracked |  0
|  94|0x0000000710400000, 0x0000000710400000, 0x0000000710600000|  0%| F|  |TAMS 0x0000000710400000| PB 0x0000000710400000| Untracked |  0
|  95|0x0000000710600000, 0x0000000710600000, 0x0000000710800000|  0%| F|  |TAMS 0x0000000710600000| PB 0x0000000710600000| Untracked |  0
|  96|0x0000000710800000, 0x0000000710800000, 0x0000000710a00000|  0%| F|  |TAMS 0x0000000710800000| PB 0x0000000710800000| Untracked |  0
|  97|0x0000000710a00000, 0x0000000710a00000, 0x0000000710c00000|  0%| F|  |TAMS 0x0000000710a00000| PB 0x0000000710a00000| Untracked |  0
|  98|0x0000000710c00000, 0x0000000710c00000, 0x0000000710e00000|  0%| F|  |TAMS 0x0000000710c00000| PB 0x0000000710c00000| Untracked |  0
|  99|0x0000000710e00000, 0x0000000710e00000, 0x0000000711000000|  0%| F|  |TAMS 0x0000000710e00000| PB 0x0000000710e00000| Untracked |  0
| 100|0x0000000711000000, 0x0000000711000000, 0x0000000711200000|  0%| F|  |TAMS 0x0000000711000000| PB 0x0000000711000000| Untracked |  0
| 101|0x0000000711200000, 0x0000000711200000, 0x0000000711400000|  0%| F|  |TAMS 0x0000000711200000| PB 0x0000000711200000| Untracked |  0
| 102|0x0000000711400000, 0x0000000711400000, 0x0000000711600000|  0%| F|  |TAMS 0x0000000711400000| PB 0x0000000711400000| Untracked |  0
| 103|0x0000000711600000, 0x0000000711600000, 0x0000000711800000|  0%| F|  |TAMS 0x0000000711600000| PB 0x0000000711600000| Untracked |  0
| 104|0x0000000711800000, 0x0000000711800000, 0x0000000711a00000|  0%| F|  |TAMS 0x0000000711800000| PB 0x0000000711800000| Untracked |  0
| 105|0x0000000711a00000, 0x0000000711a00000, 0x0000000711c00000|  0%| F|  |TAMS 0x0000000711a00000| PB 0x0000000711a00000| Untracked |  0
| 106|0x0000000711c00000, 0x0000000711c00000, 0x0000000711e00000|  0%| F|  |TAMS 0x0000000711c00000| PB 0x0000000711c00000| Untracked |  0
| 107|0x0000000711e00000, 0x0000000711e00000, 0x0000000712000000|  0%| F|  |TAMS 0x0000000711e00000| PB 0x0000000711e00000| Untracked |  0
| 108|0x0000000712000000, 0x0000000712000000, 0x0000000712200000|  0%| F|  |TAMS 0x0000000712000000| PB 0x0000000712000000| Untracked |  0
| 109|0x0000000712200000, 0x0000000712200000, 0x0000000712400000|  0%| F|  |TAMS 0x0000000712200000| PB 0x0000000712200000| Untracked |  0
| 110|0x0000000712400000, 0x0000000712400000, 0x0000000712600000|  0%| F|  |TAMS 0x0000000712400000| PB 0x0000000712400000| Untracked |  0
| 111|0x0000000712600000, 0x0000000712600000, 0x0000000712800000|  0%| F|  |TAMS 0x0000000712600000| PB 0x0000000712600000| Untracked |  0
| 112|0x0000000712800000, 0x0000000712800000, 0x0000000712a00000|  0%| F|  |TAMS 0x0000000712800000| PB 0x0000000712800000| Untracked |  0
| 113|0x0000000712a00000, 0x0000000712a00000, 0x0000000712c00000|  0%| F|  |TAMS 0x0000000712a00000| PB 0x0000000712a00000| Untracked |  0
| 114|0x0000000712c00000, 0x0000000712c00000, 0x0000000712e00000|  0%| F|  |TAMS 0x0000000712c00000| PB 0x0000000712c00000| Untracked |  0
| 115|0x0000000712e00000, 0x0000000712e00000, 0x0000000713000000|  0%| F|  |TAMS 0x0000000712e00000| PB 0x0000000712e00000| Untracked |  0
| 116|0x0000000713000000, 0x0000000713000000, 0x0000000713200000|  0%| F|  |TAMS 0x0000000713000000| PB 0x0000000713000000| Untracked |  0
| 117|0x0000000713200000, 0x0000000713200000, 0x0000000713400000|  0%| F|  |TAMS 0x0000000713200000| PB 0x0000000713200000| Untracked |  0
| 118|0x0000000713400000, 0x0000000713400000, 0x0000000713600000|  0%| F|  |TAMS 0x0000000713400000| PB 0x0000000713400000| Untracked |  0
| 119|0x0000000713600000, 0x0000000713600000, 0x0000000713800000|  0%| F|  |TAMS 0x0000000713600000| PB 0x0000000713600000| Untracked |  0
| 120|0x0000000713800000, 0x0000000713800000, 0x0000000713a00000|  0%| F|  |TAMS 0x0000000713800000| PB 0x0000000713800000| Untracked |  0
| 121|0x0000000713a00000, 0x0000000713a7ae30, 0x0000000713c00000| 24%| E|  |TAMS 0x0000000713a00000| PB 0x0000000713a00000| Complete |  0
| 122|0x0000000713c00000, 0x0000000713e00000, 0x0000000713e00000|100%| E|CS|TAMS 0x0000000713c00000| PB 0x0000000713c00000| Complete |  0
| 123|0x0000000713e00000, 0x0000000714000000, 0x0000000714000000|100%| E|CS|TAMS 0x0000000713e00000| PB 0x0000000713e00000| Complete |  0
| 124|0x0000000714000000, 0x0000000714200000, 0x0000000714200000|100%| E|CS|TAMS 0x0000000714000000| PB 0x0000000714000000| Complete |  0
| 125|0x0000000714200000, 0x0000000714400000, 0x0000000714400000|100%| E|CS|TAMS 0x0000000714200000| PB 0x0000000714200000| Complete |  0

Card table byte_map: [0x0000027955ab0000,0x0000027956290000] _byte_map_base: 0x000002795228c000

Marking Bits: (CMBitMap*) 0x000002793b99e0b0
 Bits: [0x0000027956290000, 0x000002795a170000)

Polling page: 0x000002793bb80000

Metaspace:

Usage:
  Non-class:      1.71 MB used.
      Class:    150.02 KB used.
       Both:      1.86 MB used.

Virtual space:
  Non-class space:       64.00 MB reserved,       1.81 MB (  3%) committed,  1 nodes.
      Class space:        1.00 GB reserved,     256.00 KB ( <1%) committed,  1 nodes.
             Both:        1.06 GB reserved,       2.06 MB ( <1%) committed. 

Chunk freelists:
   Non-Class:  11.45 MB
       Class:  15.67 MB
        Both:  27.12 MB

MaxMetaspaceSize: unlimited
CompressedClassSpaceSize: 1.00 GB
Initial GC threshold: 21.00 MB
Current GC threshold: 21.00 MB
CDS: on
 - commit_granule_bytes: 65536.
 - commit_granule_words: 8192.
 - virtual_space_node_default_size: 8388608.
 - enlarge_chunks_in_place: 1.
 - use_allocation_guard: 0.


Internal statistics:

num_allocs_failed_limit: 0.
num_arena_births: 74.
num_arena_deaths: 0.
num_vsnodes_births: 2.
num_vsnodes_deaths: 0.
num_space_committed: 33.
num_space_uncommitted: 0.
num_chunks_returned_to_freelist: 0.
num_chunks_taken_from_freelist: 109.
num_chunk_merges: 0.
num_chunk_splits: 73.
num_chunks_enlarged: 45.
num_inconsistent_stats: 0.

CodeHeap 'non-profiled nmethods': size=120000Kb used=152Kb max_used=152Kb free=119847Kb
 bounds [0x000002794da70000, 0x000002794dce0000, 0x0000027954fa0000]
CodeHeap 'profiled nmethods': size=120000Kb used=612Kb max_used=612Kb free=119388Kb
 bounds [0x0000027945fa0000, 0x0000027946210000, 0x000002794d4d0000]
CodeHeap 'non-nmethods': size=5760Kb used=1536Kb max_used=1538Kb free=4223Kb
 bounds [0x000002794d4d0000, 0x000002794d740000, 0x000002794da70000]
 total_blobs=918 nmethods=471 adapters=352
 compilation: enabled
              stopped_count=0, restarted_count=0
 full_count=0

Compilation events (20 events):
Event: 0.248 Thread 0x000002795cbc4410  462       1       java.net.URL::getRef (5 bytes)
Event: 0.248 Thread 0x000002795cbc4410 nmethod 462 0x000002794da95e90 code [0x000002794da96020, 0x000002794da960f0]
Event: 0.249 Thread 0x000002795cbc4410  463       3       java.lang.StringLatin1::indexOf (37 bytes)
Event: 0.250 Thread 0x000002795cbc4410 nmethod 463 0x0000027946035d10 code [0x0000027946035ee0, 0x0000027946036308]
Event: 0.250 Thread 0x000002795cbc4410  464       3       java.lang.StringConcatHelper::mix (27 bytes)
Event: 0.250 Thread 0x000002795cbc4410 nmethod 464 0x0000027946036490 code [0x0000027946036660, 0x0000027946036a60]
Event: 0.250 Thread 0x000002795cbc4410  465       3       java.lang.StringConcatHelper::checkOverflow (17 bytes)
Event: 0.250 Thread 0x000002795cbc4410 nmethod 465 0x0000027946036c10 code [0x0000027946036dc0, 0x0000027946036fa0]
Event: 0.250 Thread 0x000002795cbc4410  466       3       java.lang.StringConcatHelper::prepend (37 bytes)
Event: 0.250 Thread 0x000002795cbc4410 nmethod 466 0x0000027946037090 code [0x0000027946037260, 0x0000027946037540]
Event: 0.252 Thread 0x000002795cbc4410  467       3       jdk.internal.jimage.ImageStringsReader::hashCode (33 bytes)
Event: 0.252 Thread 0x000002795cbc4410 nmethod 467 0x0000027946037690 code [0x0000027946037840, 0x00000279460379c0]
Event: 0.252 Thread 0x000002795cbc4410  468       3       java.util.concurrent.ConcurrentHashMap$ValueIterator::next (34 bytes)
Event: 0.252 Thread 0x000002795cbc4410 nmethod 468 0x0000027946037a90 code [0x0000027946037c60, 0x0000027946037ef0]
Event: 0.252 Thread 0x000002795cbc4410  469       3       java.util.Optional::empty (6 bytes)
Event: 0.252 Thread 0x000002795cbc4410 nmethod 469 0x0000027946038010 code [0x00000279460381a0, 0x0000027946038298]
Event: 0.253 Thread 0x000002795cbc4410  470       3       java.lang.Integer::stringSize (47 bytes)
Event: 0.253 Thread 0x000002795cbc4410 nmethod 470 0x0000027946038310 code [0x00000279460384c0, 0x0000027946038700]
Event: 0.253 Thread 0x000002795cbc4410  471       3       java.lang.StringLatin1::getChars (102 bytes)
Event: 0.253 Thread 0x000002795cbc4410 nmethod 471 0x0000027946038810 code [0x00000279460389e0, 0x0000027946038dc8]

GC Heap History (0 events):
No events

Dll operation events (9 events):
Event: 0.008 Loaded shared library C:\Users\tranp\.jdks\openjdk-22.0.2\bin\java.dll
Event: 0.009 Loaded shared library C:\Users\tranp\.jdks\openjdk-22.0.2\bin\zip.dll
Event: 0.035 Loaded shared library C:\Users\tranp\.jdks\openjdk-22.0.2\bin\jsvml.dll
Event: 0.125 Loaded shared library C:\Users\tranp\.jdks\openjdk-22.0.2\bin\instrument.dll
Event: 0.144 Loaded shared library C:\Users\tranp\.jdks\openjdk-22.0.2\bin\net.dll
Event: 0.145 Loaded shared library C:\Users\tranp\.jdks\openjdk-22.0.2\bin\nio.dll
Event: 0.150 Loaded shared library C:\Users\tranp\.jdks\openjdk-22.0.2\bin\zip.dll
Event: 0.202 Loaded shared library C:\Users\tranp\.jdks\openjdk-22.0.2\bin\jimage.dll
Event: 0.226 Loaded shared library C:\Users\tranp\AppData\Local\Temp\lwjgltranp\3.3.1-build-7\lwjgl.dll

Deoptimization events (6 events):
Event: 0.137 Thread 0x000002793b8d5560 Uncommon trap: trap_request=0xffffff45 fr.pc=0x000002794da81b7c relative=0x00000000000000dc
Event: 0.137 Thread 0x000002793b8d5560 Uncommon trap: reason=unstable_if action=reinterpret pc=0x000002794da81b7c method=java.lang.String.isLatin1()Z @ 10 c2
Event: 0.137 Thread 0x000002793b8d5560 DEOPT PACKING pc=0x000002794da81b7c sp=0x000000d84caff090
Event: 0.137 Thread 0x000002793b8d5560 DEOPT UNPACKING pc=0x000002794d527da2 sp=0x000000d84cafefe0 mode 2
Event: 0.249 Thread 0x000002793b8d5560 DEOPT PACKING pc=0x0000027945fc8f77 sp=0x000000d84cafc500
Event: 0.250 Thread 0x000002793b8d5560 DEOPT UNPACKING pc=0x000002794d5288e2 sp=0x000000d84cafb920 mode 0

Classes loaded (20 events):
Event: 0.248 Loading class java/nio/BufferUnderflowException
Event: 0.248 Loading class java/nio/BufferUnderflowException done
Event: 0.248 Loading class org/lwjgl/system/MemoryStack
Event: 0.248 Loading class org/lwjgl/system/MemoryStack done
Event: 0.249 Loading class org/lwjgl/system/MemoryStack$DebugMemoryStack
Event: 0.249 Loading class org/lwjgl/system/MemoryStack$DebugMemoryStack done
Event: 0.249 Loading class java/lang/IndexOutOfBoundsException
Event: 0.249 Loading class java/lang/IndexOutOfBoundsException done
Event: 0.249 Loading class org/lwjgl/system/MemoryStack
Event: 0.249 Loading class org/lwjgl/system/MemoryStack done
Event: 0.249 Loading class org/lwjgl/system/MemoryStack
Event: 0.249 Loading class org/lwjgl/system/MemoryStack done
Event: 0.249 Loading class org/lwjgl/BufferUtils
Event: 0.249 Loading class org/lwjgl/BufferUtils done
Event: 0.250 Loading class org/lwjgl/system/windows/WinBase
Event: 0.250 Loading class org/lwjgl/system/windows/WinBase done
Event: 0.251 Loading class org/lwjgl/system/ThreadLocalUtil
Event: 0.251 Loading class org/lwjgl/system/ThreadLocalUtil done
Event: 0.252 Loading class org/lwjgl/glfw/GLFW$Functions
Event: 0.252 Loading class org/lwjgl/glfw/GLFW$Functions done

Classes unloaded (0 events):
No events

Classes redefined (0 events):
No events

Internal exceptions (19 events):
Event: 0.126 Thread 0x000002793b8d5560 Exception <a 'java/lang/NoSuchMethodError'{0x0000000714119cb8}: 'void java.lang.invoke.DirectMethodHandle$Holder.invokeStatic(java.lang.Object, java.lang.Object, java.lang.Object)'> (0x0000000714119cb8) 
thrown [s\open\src\hotspot\share\interpreter\linkResolver.cpp, line 774]
Event: 0.130 Thread 0x000002793b8d5560 Exception <a 'java/lang/NoSuchMethodError'{0x0000000714131750}: 'java.lang.Object java.lang.invoke.Invokers$Holder.invokeExact_MT(java.lang.Object, java.lang.Object, java.lang.Object, java.lang.Object, java.lang.Object)'> (0x0000000714131750) 
thrown [s\open\src\hotspot\share\interpreter\linkResolver.cpp, line 774]
Event: 0.185 Thread 0x000002793b8d5560 Exception <a 'java/lang/NoSuchMethodError'{0x0000000713fe8a80}: 'void java.lang.invoke.DirectMethodHandle$Holder.invokeStatic(java.lang.Object, java.lang.Object)'> (0x0000000713fe8a80) 
thrown [s\open\src\hotspot\share\interpreter\linkResolver.cpp, line 774]
Event: 0.186 Thread 0x000002793b8d5560 Exception <a 'java/lang/NoSuchMethodError'{0x0000000713ff46f0}: 'void java.lang.System.load(java.lang.String, java.lang.Class)'> (0x0000000713ff46f0) 
thrown [s\open\src\hotspot\share\interpreter\linkResolver.cpp, line 774]
Event: 0.186 Thread 0x000002793b8d5560 Exception <a 'java/lang/NoSuchMethodError'{0x0000000713ff5120}: 'void java.lang.invoke.DirectMethodHandle$Holder.invokeSpecial(java.lang.Object, java.lang.Object, java.lang.Object)'> (0x0000000713ff5120) 
thrown [s\open\src\hotspot\share\interpreter\linkResolver.cpp, line 774]
Event: 0.189 Thread 0x000002793b8d5560 Exception <a 'java/lang/NoSuchMethodError'{0x0000000713c08e40}: 'java.lang.Object java.lang.invoke.DirectMethodHandle$Holder.invokeStatic(java.lang.Object, java.lang.Object, int)'> (0x0000000713c08e40) 
thrown [s\open\src\hotspot\share\interpreter\linkResolver.cpp, line 774]
Event: 0.190 Thread 0x000002793b8d5560 Exception <a 'java/lang/NoSuchMethodError'{0x0000000713c14708}: 'void java.lang.invoke.DelegatingMethodHandle$Holder.delegate(java.lang.Object, java.lang.Object, int, java.lang.Object)'> (0x0000000713c14708) 
thrown [s\open\src\hotspot\share\interpreter\linkResolver.cpp, line 774]
Event: 0.190 Thread 0x000002793b8d5560 Exception <a 'java/lang/NoSuchMethodError'{0x0000000713c18448}: 'int java.lang.invoke.DirectMethodHandle$Holder.invokeSpecial(java.lang.Object, java.lang.Object, java.lang.Object)'> (0x0000000713c18448) 
thrown [s\open\src\hotspot\share\interpreter\linkResolver.cpp, line 774]
Event: 0.194 Thread 0x000002793b8d5560 Exception <a 'java/lang/NoSuchMethodError'{0x0000000713c34580}: 'void java.lang.System.loadLibrary(java.lang.String, java.lang.Class)'> (0x0000000713c34580) 
thrown [s\open\src\hotspot\share\interpreter\linkResolver.cpp, line 774]
Event: 0.224 Thread 0x000002793b8d5560 Exception <a 'sun/nio/fs/WindowsException'{0x0000000713cf74b8}> (0x0000000713cf74b8) 
thrown [s\open\src\hotspot\share\prims\jni.cpp, line 520]
Event: 0.224 Thread 0x000002793b8d5560 Exception <a 'sun/nio/fs/WindowsException'{0x0000000713cf8ac0}> (0x0000000713cf8ac0) 
thrown [s\open\src\hotspot\share\prims\jni.cpp, line 520]
Event: 0.235 Thread 0x000002793b8d5560 Exception <a 'sun/nio/fs/WindowsException'{0x0000000713d30920}> (0x0000000713d30920) 
thrown [s\open\src\hotspot\share\prims\jni.cpp, line 520]
Event: 0.235 Thread 0x000002793b8d5560 Exception <a 'sun/nio/fs/WindowsException'{0x0000000713d30c80}> (0x0000000713d30c80) 
thrown [s\open\src\hotspot\share\prims\jni.cpp, line 520]
Event: 0.244 Thread 0x000002793b8d5560 Exception <a 'java/lang/NoSuchMethodError'{0x0000000713d9fef0}: 'int java.lang.invoke.DirectMethodHandle$Holder.invokeStaticInit(java.lang.Object, java.lang.Object, int, long)'> (0x0000000713d9fef0) 
thrown [s\open\src\hotspot\share\interpreter\linkResolver.cpp, line 774]
Event: 0.244 Thread 0x000002793b8d5560 Exception <a 'java/lang/NoSuchMethodError'{0x0000000713da5030}: 'java.lang.Object java.lang.invoke.DirectMethodHandle$Holder.newInvokeSpecial(java.lang.Object, java.lang.Object, int)'> (0x0000000713da5030) 
thrown [s\open\src\hotspot\share\interpreter\linkResolver.cpp, line 774]
Event: 0.246 Thread 0x000002793b8d5560 Exception <a 'java/lang/NoSuchMethodError'{0x0000000713db66d0}: 'int java.lang.invoke.DirectMethodHandle$Holder.invokeStaticInit(java.lang.Object, java.lang.Object, long, long)'> (0x0000000713db66d0) 
thrown [s\open\src\hotspot\share\interpreter\linkResolver.cpp, line 774]
Event: 0.246 Thread 0x000002793b8d5560 Exception <a 'java/lang/NoSuchMethodError'{0x0000000713dbc158}: 'java.lang.Object java.lang.invoke.DirectMethodHandle$Holder.newInvokeSpecial(java.lang.Object, java.lang.Object, long)'> (0x0000000713dbc158) 
thrown [s\open\src\hotspot\share\interpreter\linkResolver.cpp, line 774]
Event: 0.246 Thread 0x000002793b8d5560 Exception <a 'java/lang/NoSuchMethodError'{0x0000000713dc0000}: 'java.lang.Object java.lang.invoke.Invokers$Holder.linkToTargetMethod(java.lang.Object, long, java.lang.Object)'> (0x0000000713dc0000) 
thrown [s\open\src\hotspot\share\interpreter\linkResolver.cpp, line 774]
Event: 0.247 Thread 0x000002793b8d5560 Exception <a 'java/lang/NoSuchMethodError'{0x0000000713dc7228}: 'int java.lang.invoke.DirectMethodHandle$Holder.invokeStaticInit(java.lang.Object, java.lang.Object, java.lang.Object, long)'> (0x0000000713dc7228) 
thrown [s\open\src\hotspot\share\interpreter\linkResolver.cpp, line 774]

ZGC Phase Switch (0 events):
No events

VM Operations (6 events):
Event: 0.064 Executing VM operation: HandshakeAllThreads (Deoptimize)
Event: 0.064 Executing VM operation: HandshakeAllThreads (Deoptimize) done
Event: 0.122 Executing VM operation: ChangeBreakpoints
Event: 0.122 Executing VM operation: ChangeBreakpoints done
Event: 0.123 Executing VM operation: ChangeBreakpoints
Event: 0.123 Executing VM operation: ChangeBreakpoints done

Memory protections (0 events):
No events

Nmethod flushes (0 events):
No events

Events (15 events):
Event: 0.022 Thread 0x000002793b8d5560 Thread added: 0x000002793b8d5560
Event: 0.033 Thread 0x000002793b8d5560 Thread added: 0x000002795cba9b50
Event: 0.033 Thread 0x000002793b8d5560 Thread added: 0x000002795cbaab60
Event: 0.033 Thread 0x000002793b8d5560 Thread added: 0x000002795cbad990
Event: 0.033 Thread 0x000002793b8d5560 Thread added: 0x000002795cbb1c50
Event: 0.033 Thread 0x000002793b8d5560 Thread added: 0x000002795cbb2bb0
Event: 0.033 Thread 0x000002793b8d5560 Thread added: 0x000002795cbbc2c0
Event: 0.033 Thread 0x000002793b8d5560 Thread added: 0x000002795cbc0160
Event: 0.034 Thread 0x000002793b8d5560 Thread added: 0x000002795cbc4410
Event: 0.057 Thread 0x000002793b8d5560 Thread added: 0x00000279a20f5870
Event: 0.071 Thread 0x000002795cbc4410 Thread added: 0x00000279a21c8d80
Event: 0.077 Thread 0x000002793b8d5560 Thread added: 0x00000279a22cddc0
Event: 0.077 Thread 0x000002793b8d5560 Thread added: 0x00000279a22d8aa0
Event: 0.078 Thread 0x00000279a22cddc0 Thread added: 0x00000279a22db550
Event: 0.136 Thread 0x000002793b8d5560 Thread added: 0x00000279a22836a0


Dynamic libraries:
0x00007ff623d40000 - 0x00007ff623d4e000 	C:\Users\tranp\.jdks\openjdk-22.0.2\bin\java.exe
0x00007ff8ac6f0000 - 0x00007ff8ac907000 	C:\WINDOWS\SYSTEM32\ntdll.dll
0x00007ff8ab830000 - 0x00007ff8ab8f4000 	C:\WINDOWS\System32\KERNEL32.DLL
0x00007ff8a9e50000 - 0x00007ff8aa207000 	C:\WINDOWS\System32\KERNELBASE.dll
0x00007ff8aa300000 - 0x00007ff8aa411000 	C:\WINDOWS\System32\ucrtbase.dll
0x00007ff893b00000 - 0x00007ff893b17000 	C:\Users\tranp\.jdks\openjdk-22.0.2\bin\jli.dll
0x00007ff8934d0000 - 0x00007ff8934eb000 	C:\Users\tranp\.jdks\openjdk-22.0.2\bin\VCRUNTIME140.dll
0x00007ff8aba60000 - 0x00007ff8abc0f000 	C:\WINDOWS\System32\USER32.dll
0x00007ff8a9d00000 - 0x00007ff8a9d26000 	C:\WINDOWS\System32\win32u.dll
0x00007ff8846b0000 - 0x00007ff884943000 	C:\WINDOWS\WinSxS\amd64_microsoft.windows.common-controls_6595b64144ccf1df_6.0.22621.3672_none_2713b9d173822955\COMCTL32.dll
0x00007ff8ac400000 - 0x00007ff8ac429000 	C:\WINDOWS\System32\GDI32.dll
0x00007ff8abdc0000 - 0x00007ff8abe67000 	C:\WINDOWS\System32\msvcrt.dll
0x00007ff8a9be0000 - 0x00007ff8a9cf8000 	C:\WINDOWS\System32\gdi32full.dll
0x00007ff8a9db0000 - 0x00007ff8a9e4a000 	C:\WINDOWS\System32\msvcp_win.dll
0x00007ff8ab7f0000 - 0x00007ff8ab821000 	C:\WINDOWS\System32\IMM32.DLL
0x00007ff89fc20000 - 0x00007ff89fc2c000 	C:\Users\tranp\.jdks\openjdk-22.0.2\bin\vcruntime140_1.dll
0x00007ff892c70000 - 0x00007ff892cfe000 	C:\Users\tranp\.jdks\openjdk-22.0.2\bin\msvcp140.dll
0x00007ff844230000 - 0x00007ff844f79000 	C:\Users\tranp\.jdks\openjdk-22.0.2\bin\server\jvm.dll
0x00007ff8ac430000 - 0x00007ff8ac4e2000 	C:\WINDOWS\System32\ADVAPI32.dll
0x00007ff8aa5b0000 - 0x00007ff8aa658000 	C:\WINDOWS\System32\sechost.dll
0x00007ff8aa210000 - 0x00007ff8aa238000 	C:\WINDOWS\System32\bcrypt.dll
0x00007ff8ab6d0000 - 0x00007ff8ab7e4000 	C:\WINDOWS\System32\RPCRT4.dll
0x00007ff8aa530000 - 0x00007ff8aa5a1000 	C:\WINDOWS\System32\WS2_32.dll
0x00007ff8a9670000 - 0x00007ff8a96bd000 	C:\WINDOWS\SYSTEM32\POWRPROF.dll
0x00007ff8a3fc0000 - 0x00007ff8a3ff4000 	C:\WINDOWS\SYSTEM32\WINMM.dll
0x00007ff8a1730000 - 0x00007ff8a173a000 	C:\WINDOWS\SYSTEM32\VERSION.dll
0x00007ff8a9650000 - 0x00007ff8a9663000 	C:\WINDOWS\SYSTEM32\UMPDC.dll
0x00007ff8a8a10000 - 0x00007ff8a8a28000 	C:\WINDOWS\SYSTEM32\kernel.appcore.dll
0x00007ff8934a0000 - 0x00007ff8934aa000 	C:\Users\tranp\.jdks\openjdk-22.0.2\bin\jimage.dll
0x00007ff8a6d30000 - 0x00007ff8a6f62000 	C:\WINDOWS\SYSTEM32\DBGHELP.DLL
0x00007ff8abe80000 - 0x00007ff8ac20e000 	C:\WINDOWS\System32\combase.dll
0x00007ff8aa660000 - 0x00007ff8aa737000 	C:\WINDOWS\System32\OLEAUT32.dll
0x00007ff877930000 - 0x00007ff877962000 	C:\WINDOWS\SYSTEM32\dbgcore.DLL
0x00007ff8a9d30000 - 0x00007ff8a9dab000 	C:\WINDOWS\System32\bcryptPrimitives.dll
0x00007ff891100000 - 0x00007ff89113c000 	C:\Users\tranp\.jdks\openjdk-22.0.2\bin\jdwp.dll
0x00007ff892c40000 - 0x00007ff892c4f000 	C:\Users\tranp\.jdks\openjdk-22.0.2\bin\instrument.dll
0x00007ff892e20000 - 0x00007ff892e3e000 	C:\Users\tranp\.jdks\openjdk-22.0.2\bin\java.dll
0x00007ff8aa7a0000 - 0x00007ff8ab009000 	C:\WINDOWS\System32\SHELL32.dll
0x00007ff8ac4f0000 - 0x00007ff8ac695000 	C:\WINDOWS\System32\ole32.dll
0x00007ff88c4e0000 - 0x00007ff88c4f7000 	C:\Users\tranp\.jdks\openjdk-22.0.2\bin\zip.dll
0x00007ff8a7920000 - 0x00007ff8a821f000 	C:\WINDOWS\SYSTEM32\windows.storage.dll
0x00007ff8a77e0000 - 0x00007ff8a791f000 	C:\WINDOWS\SYSTEM32\wintypes.dll
0x00007ff8abcc0000 - 0x00007ff8abdb9000 	C:\WINDOWS\System32\SHCORE.dll
0x00007ff8aba00000 - 0x00007ff8aba5e000 	C:\WINDOWS\System32\shlwapi.dll
0x00007ff8a9930000 - 0x00007ff8a9957000 	C:\WINDOWS\SYSTEM32\profapi.dll
0x00007ff88c520000 - 0x00007ff88c5f7000 	C:\Users\tranp\.jdks\openjdk-22.0.2\bin\jsvml.dll
0x00007ff892c30000 - 0x00007ff892c3c000 	C:\Users\tranp\.jdks\openjdk-22.0.2\bin\dt_socket.dll
0x00007ff8a8480000 - 0x00007ff8a84ad000 	C:\WINDOWS\SYSTEM32\IPHLPAPI.DLL
0x00007ff8a8e70000 - 0x00007ff8a8ed9000 	C:\WINDOWS\system32\mswsock.dll
0x00007ff892c50000 - 0x00007ff892c60000 	C:\Users\tranp\.jdks\openjdk-22.0.2\bin\net.dll
0x00007ff88c500000 - 0x00007ff88c516000 	C:\Users\tranp\.jdks\openjdk-22.0.2\bin\nio.dll
0x00007ff84f720000 - 0x00007ff84f795000 	C:\Users\tranp\AppData\Local\Temp\lwjgltranp\3.3.1-build-7\lwjgl.dll
0x00007ff84f6b0000 - 0x00007ff84f711000 	C:\Users\tranp\AppData\Local\Temp\lwjgltranp\3.3.1-build-7\glfw.dll

dbghelp: loaded successfully - version: 4.0.5 - missing functions: none
symbol engine: initialized successfully - sym options: 0x614 - pdb path: .;C:\Users\tranp\.jdks\openjdk-22.0.2\bin;C:\WINDOWS\SYSTEM32;C:\WINDOWS\WinSxS\amd64_microsoft.windows.common-controls_6595b64144ccf1df_6.0.22621.3672_none_2713b9d173822955;C:\Users\tranp\.jdks\openjdk-22.0.2\bin\server;C:\Users\tranp\AppData\Local\Temp\lwjgltranp\3.3.1-build-7

VM Arguments:
jvm_args: -agentlib:jdwp=transport=dt_socket,address=127.0.0.1:62232,suspend=y,server=n -javaagent:C:\Users\tranp\AppData\Local\JetBrains\IdeaIC2024.1\captureAgent\debugger-agent.jar -Dfile.encoding=UTF-8 -Dsun.stdout.encoding=UTF-8 -Dsun.stderr.encoding=UTF-8 
java_command: ShadowTaxi
java_class_path (initial): C:\Users\tranp\IdeaProjects\Prj2B\phuongtrangt-project-2\target\classes;C:\Users\tranp\.m2\repository\org\lwjgl\lwjgl\3.3.1\lwjgl-3.3.1.jar;C:\Users\tranp\.m2\repository\org\lwjgl\lwjgl-assimp\3.3.1\lwjgl-assimp-3.3.1.jar;C:\Users\tranp\.m2\repository\org\lwjgl\lwjgl-glfw\3.3.1\lwjgl-glfw-3.3.1.jar;C:\Users\tranp\.m2\repository\org\lwjgl\lwjgl-openal\3.3.1\lwjgl-openal-3.3.1.jar;C:\Users\tranp\.m2\repository\org\lwjgl\lwjgl-opengl\3.3.1\lwjgl-opengl-3.3.1.jar;C:\Users\tranp\.m2\repository\org\lwjgl\lwjgl-stb\3.3.1\lwjgl-stb-3.3.1.jar;C:\Users\tranp\.m2\repository\org\lwjgl\lwjgl\3.3.1\lwjgl-3.3.1-natives-windows.jar;C:\Users\tranp\.m2\repository\org\lwjgl\lwjgl-assimp\3.3.1\lwjgl-assimp-3.3.1-natives-windows.jar;C:\Users\tranp\.m2\repository\org\lwjgl\lwjgl-glfw\3.3.1\lwjgl-glfw-3.3.1-natives-windows.jar;C:\Users\tranp\.m2\repository\org\lwjgl\lwjgl-openal\3.3.1\lwjgl-openal-3.3.1-natives-windows.jar;C:\Users\tranp\.m2\repository\org\lwjgl\lwjgl-opengl\3.3.1\lwjgl-opengl-3.3.1-natives-windows.jar;C:\Users\tranp\.m2\repository\org\lwjgl\lwjgl-stb\3.3.1\lwjgl-stb-3.3.1-natives-windows.jar;C:\Users\tranp\.m2\repository\io\github\eleanor-em\bagel\1.9.3\bagel-1.9.3.jar;D:\1. Melbourne Uni\F. Di hoc cung Neo\sem2 2024\Object Oriented thing(JAVA)\IntelliJ IDEA Community Edition 2024.1.4\lib\idea_rt.jar
Launcher Type: SUN_STANDARD

[Global flags]
     intx CICompilerCount                          = 4                                         {product} {ergonomic}
     uint ConcGCThreads                            = 2                                         {product} {ergonomic}
     uint G1ConcRefinementThreads                  = 8                                         {product} {ergonomic}
   size_t G1HeapRegionSize                         = 2097152                                   {product} {ergonomic}
   size_t InitialHeapSize                          = 264241152                                 {product} {ergonomic}
   size_t MarkStackSize                            = 4194304                                   {product} {ergonomic}
   size_t MaxHeapSize                              = 4219469824                                {product} {ergonomic}
   size_t MaxNewSize                               = 2531262464                                {product} {ergonomic}
   size_t MinHeapDeltaBytes                        = 2097152                                   {product} {ergonomic}
   size_t MinHeapSize                              = 8388608                                   {product} {ergonomic}
    uintx NonNMethodCodeHeapSize                   = 5839372                                {pd product} {ergonomic}
    uintx NonProfiledCodeHeapSize                  = 122909434                              {pd product} {ergonomic}
    uintx ProfiledCodeHeapSize                     = 122909434                              {pd product} {ergonomic}
    uintx ReservedCodeCacheSize                    = 251658240                              {pd product} {ergonomic}
     bool SegmentedCodeCache                       = true                                      {product} {ergonomic}
   size_t SoftMaxHeapSize                          = 4219469824                             {manageable} {ergonomic}
     bool UseCompressedOops                        = true                           {product lp64_product} {ergonomic}
     bool UseG1GC                                  = true                                      {product} {ergonomic}
     bool UseLargePagesIndividualAllocation        = false                                  {pd product} {ergonomic}

Logging:
Log output configuration:
 #0: stdout all=warning uptime,level,tags foldmultilines=false
 #1: stderr all=off uptime,level,tags foldmultilines=false

Environment Variables:
PATH=C:\WINDOWS\system32;C:\WINDOWS;C:\WINDOWS\System32\Wbem;C:\WINDOWS\System32\WindowsPowerShell\v1.0\;C:\WINDOWS\System32\OpenSSH\;D:\1. Melbourne Uni\F. Di hoc cung Neo\sem2 2024\Object Oriented thing(JAVA)\Git\cmd;C:\Users\tranp\AppData\Local\Programs\Python\Launcher\;C:\Users\tranp\AppData\Local\Microsoft\WindowsApps;D:\10. Software\Microsoft VS Code\bin
USERNAME=tranp
OS=Windows_NT
PROCESSOR_IDENTIFIER=Intel64 Family 6 Model 140 Stepping 1, GenuineIntel
TMP=C:\Users\tranp\AppData\Local\Temp
TEMP=C:\Users\tranp\AppData\Local\Temp




Periodic native trim disabled

---------------  S Y S T E M  ---------------

OS:
 Windows 11 , 64 bit Build 22621 (10.0.22621.3958)
OS uptime: 5 days 4:58 hours
Hyper-V role detected

CPU: total 8 (initial active 8) (4 cores per cpu, 2 threads per core) family 6 model 140 stepping 1 microcode 0xb8, cx8, cmov, fxsr, ht, mmx, 3dnowpref, sse, sse2, sse3, ssse3, sse4.1, sse4.2, popcnt, lzcnt, tsc, tscinvbit, avx, avx2, aes, erms, clmul, bmi1, bmi2, adx, avx512f, avx512dq, avx512cd, avx512bw, avx512vl, sha, fma, vzeroupper, avx512_vpopcntdq, avx512_vpclmulqdq, avx512_vaes, avx512_vnni, clflush, clflushopt, clwb, avx512_vbmi2, avx512_vbmi, hv, rdtscp, rdpid, fsrm, gfni, avx512_bitalg, f16c, cet_ibt, cet_ss, avx512_ifma
Processor Information for all 8 processors :
  Max Mhz: 2995, Current Mhz: 2995, Mhz Limit: 2995

Memory: 4k page, system-wide physical 16090M (3630M free)
TotalPageFile size 22234M (AvailPageFile size 5822M)
current process WorkingSet (physical memory assigned to process): 49M, peak: 49M
current process commit charge ("private bytes"): 341M, peak: 341M

vm_info: OpenJDK 64-Bit Server VM (22.0.2+9-70) for windows-amd64 JRE (22.0.2+9-70), built on 2024-06-04T16:52:23Z by "mach5one" with MS VC++ 17.6 (VS2022)

END.
