#
# A fatal error has been detected by the Java Runtime Environment:
#
#  EXCEPTION_ACCESS_VIOLATION (0xc0000005) at pc=0x0000000000000000, pid=20592, tid=22028
#
# JRE version: OpenJDK Runtime Environment (22.0.2+9) (build 22.0.2+9-70)
# Java VM: OpenJDK 64-Bit Server VM (22.0.2+9-70, mixed mode, sharing, tiered, compressed oops, compressed class ptrs, g1 gc, windows-amd64)
# Problematic frame:
# C  [jdwp.dll+0x161bf]
#
# No core dump will be written. Minidumps are not enabled by default on client versions of Windows
#
# If you would like to submit a bug report, please visit:
#   https://bugreport.java.com/bugreport/crash.jsp
# The crash happened outside the Java Virtual Machine in native code.
# See problematic frame for where to report the bug.
#

---------------  S U M M A R Y ------------

Command Line: -agentlib:jdwp=transport=dt_socket,address=127.0.0.1:54385,suspend=y,server=n -javaagent:C:\Users\tranp\AppData\Local\JetBrains\IdeaIC2024.1\captureAgent\debugger-agent.jar -Dfile.encoding=UTF-8 -Dsun.stdout.encoding=UTF-8 -Dsun.stderr.encoding=UTF-8 ShadowTaxi

Host: 11th Gen Intel(R) Core(TM) i7-1185G7 @ 3.00GHz, 8 cores, 15G,  Windows 11 , 64 bit Build 22621 (10.0.22621.3958)
Time: Sat Oct  5 06:42:29 2024 SE Asia Standard Time elapsed time: 0.769800 seconds (0d 0h 0m 0s)

---------------  T H R E A D  ---------------

Current thread (0x000002177bc14e10):  JavaThread "main"             [_thread_in_native, id=22028, stack(0x0000001df5800000,0x0000001df5900000) (1024K)]

Stack: [0x0000001df5800000,0x0000001df5900000],  sp=0x0000001df58fe440,  free space=1017k
Native frames: (J=compiled Java code, j=interpreted, Vv=VM code, C=native code)

Java frames: (J=compiled Java code, j=interpreted, Vv=VM code)
j  org.lwjgl.glfw.GLFW.glfwInit()Z+0
j  bagel.AbstractGame.<clinit>()V+19
v  ~StubRoutines::call_stub 0x000002170f7b100d

siginfo: EXCEPTION_ACCESS_VIOLATION (0xc0000005), data execution prevention violation at address 0x0000000000000000


Registers:
RAX=0x000002171d72a670, RBX=0x000002177f7d2c50, RCX=0x000002177bc151d0, RDX=0x000002177f7d2c50
RSP=0x0000001df58fe438, RBP=0x0000000000000002, RSI=0x0000001df58fe4e0, RDI=0x000002177bc151d0
R8 =0x0000000000010002, R9 =0x0000000000000000, R10=0x00007ffc79ce0000, R11=0x0000001df58fe408
R12=0x0000000000000007, R13=0x000002177f7d2c50, R14=0x00007ffc717a0400, R15=0x0000000000000000
RIP=0x0000000000000000, EFLAGS=0x0000000000010206


Register to memory mapping:

RAX=0x000002171d72a670 points into unknown readable memory: 0x0000000000000000 | 00 00 00 00 00 00 00 00
RBX=0x000002177f7d2c50 points into unknown readable memory: 0x0000000714209b38 | 38 9b 20 14 07 00 00 00
RCX=0x000002177bc151d0 points into unknown readable memory: 0x000002171d72a670 | 70 a6 72 1d 17 02 00 00
RDX=0x000002177f7d2c50 points into unknown readable memory: 0x0000000714209b38 | 38 9b 20 14 07 00 00 00
RSP=0x0000001df58fe438 is pointing into the stack for thread: 0x000002177bc14e10
RBP=0x0000000000000002 is an unknown value
RSI=0x0000001df58fe4e0 is pointing into the stack for thread: 0x000002177bc14e10
RDI=0x000002177bc151d0 points into unknown readable memory: 0x000002171d72a670 | 70 a6 72 1d 17 02 00 00
R8 =0x0000000000010002 is an unknown value
R9 =0x0 is null
R10=0x00007ffc79ce0000 VCRUNTIME140.dll
R11=0x0000001df58fe408 is pointing into the stack for thread: 0x000002177bc14e10
R12=0x0000000000000007 is an unknown value
R13=0x000002177f7d2c50 points into unknown readable memory: 0x0000000714209b38 | 38 9b 20 14 07 00 00 00
R14=0x00007ffc717a0400 jdwp.dll
R15=0x0 is null

Top of Stack: (sp=0x0000001df58fe438)
0x0000001df58fe438:   00007ffc717861bf 000002177f7d2c50
0x0000001df58fe448:   0000001df58fe4e0 0000000000000000
0x0000001df58fe458:   0000000000000000 0000000200000007
0x0000001df58fe468:   000002171d281b50 000002177bbfd7a0
0x0000001df58fe478:   00007ffc717a0428 000002177bc153f0
0x0000001df58fe488:   00007ffc7178283f 000002177f7d2c50
0x0000001df58fe498:   0000000000000002 000002177bc151d0
0x0000001df58fe4a8:   000002177f7d2c58 0000001df58fe6a0
0x0000001df58fe4b8:   000002177f66e528 000000051d5f0100
0x0000001df58fe4c8:   000002171f015358 0000000000000000
0x0000001df58fe4d8:   0000000bffffffff 0000000000000007
0x0000001df58fe4e8:   000002177f7d2c50 0000000000000000
0x0000001df58fe4f8:   000002177f7d2c58 0000000000000000
0x0000001df58fe508:   0000000000000000 0000000000000000
0x0000001df58fe518:   0000000000000000 0000000000000000
0x0000001df58fe528:   0000000000000000 0000000000000000
0x0000001df58fe538:   000002177bc153f0 000002171f015358
0x0000001df58fe548:   00007ffc076e04e7 000002177f7d2c58
0x0000001df58fe558:   000002171d475070 000002177bc14e10
0x0000001df58fe568:   00007ffc073d5c22 00008847fe02c32f
0x0000001df58fe578:   000002177bd27d40 000002171f015358
0x0000001df58fe588:   0000000000000001 0000001df58fe620
0x0000001df58fe598:   00007ffc073d24d0 000002171f015358
0x0000001df58fe5a8:   0000000000000000 000002177bc85e90
0x0000001df58fe5b8:   000002177bc15480 000002177bc15490
0x0000001df58fe5c8:   000002177bc15868 00000000000003d8
0x0000001df58fe5d8:   000002177bc14e10 000002177bc14e10
0x0000001df58fe5e8:   000002177bc864d0 000002177bd2a110
0x0000001df58fe5f8:   000002177bd2a120 000002177bd2a1f8
0x0000001df58fe608:   00000000000000d8 0000001df58fe620
0x0000001df58fe618:   00007ffc073cc758 000002177bc14e10
0x0000001df58fe628:   000002177bc864d0 000002177bd2a110 

Instructions: (pc=0x00007ffc717861bf)
0x00007ffc717860bf:   2c 41 b8 61 02 00 00 48 8d 0d cb 6e 01 00 48 8b
0x00007ffc717860cf:   d3 e8 7f 50 00 00 41 8b cc e8 33 a0 ff ff 48 8b
0x00007ffc717860df:   d0 48 8d 0d 89 a4 01 00 e8 10 51 00 00 4c 8b 4e
0x00007ffc717860ef:   28 48 8d 0d 91 a4 01 00 4c 8b 46 20 48 8b 56 08
0x00007ffc717860ff:   e8 4c 0d 01 00 48 8b 05 e5 0f 02 00 f6 80 10 02
0x00007ffc7178610f:   00 00 02 74 28 41 b8 6a 02 00 00 48 8d 0d a3 62
0x00007ffc7178611f:   01 00 48 8b d3 e8 2b 50 00 00 48 8d 15 88 63 01
0x00007ffc7178612f:   00 48 8d 0d a1 62 01 00 e8 c0 50 00 00 48 8b 07
0x00007ffc7178613f:   48 8b cf ff 50 78 48 8b 0d a4 0f 02 00 4c 8b f8
0x00007ffc7178614f:   f6 81 10 02 00 00 02 74 28 41 b8 6b 02 00 00 48
0x00007ffc7178615f:   8d 0d 5f 62 01 00 48 8b d3 e8 e7 4f 00 00 48 8d
0x00007ffc7178616f:   15 7c 63 01 00 48 8d 0d 5d 62 01 00 e8 7c 50 00
0x00007ffc7178617f:   00 48 8b 07 48 8b cf ff 90 88 00 00 00 83 3d 19
0x00007ffc7178618f:   0b 02 00 00 76 0c e8 ce 5b ff ff 83 25 0b 0b 02
0x00007ffc7178619f:   00 00 48 8b 5e 08 48 85 db 74 4b 48 8b 05 3f 0f
0x00007ffc717861af:   02 00 80 78 13 00 74 0b 48 8b cb e8 f5 06 01 00
0x00007ffc717861bf:   88 46 10 4d 8b c7 48 8b d6 41 8a ce e8 08 a1 00
0x00007ffc717861cf:   00 48 8b e8 48 85 c0 75 25 48 8b cb e8 c0 44 00
0x00007ffc717861df:   00 84 c0 0f 84 ea 00 00 00 48 8b d3 41 8a ce e8
0x00007ffc717861ef:   ad 13 00 00 eb e3 e8 0e 0e 00 00 48 8b e8 4c 8b
0x00007ffc717861ff:   cd 44 88 74 24 20 45 8b c4 48 8b d6 48 8b cf e8
0x00007ffc7178620f:   e1 00 00 00 83 3e 14 75 0b 48 8b 05 d1 0e 02 00
0x00007ffc7178621f:   c6 40 10 01 48 85 db 75 08 48 8b cd e8 0c 53 ff
0x00007ffc7178622f:   ff 48 8b 05 b9 0e 02 00 4d 85 ff 74 43 f6 80 10
0x00007ffc7178623f:   02 00 00 02 74 2c 41 b8 b3 02 00 00 48 8d 15 d6
0x00007ffc7178624f:   a1 01 00 48 8d 0d 6b 61 01 00 e8 f6 4e 00 00 48
0x00007ffc7178625f:   8d 15 1b 7d 01 00 48 8d 0d 6c 61 01 00 e8 8b 4f
0x00007ffc7178626f:   00 00 48 8b 07 49 8b d7 48 8b cf ff 50 68 eb 41
0x00007ffc7178627f:   f6 80 10 02 00 00 02 74 2c 41 b8 b5 02 00 00 48
0x00007ffc7178628f:   8d 15 93 a1 01 00 48 8d 0d 28 61 01 00 e8 b3 4e
0x00007ffc7178629f:   00 00 48 8d 15 48 62 01 00 48 8d 0d 29 61 01 00
0x00007ffc717862af:   e8 48 4f 00 00 48 8b 07 48 8b cf ff 90 88 00 00 


Stack slot to memory mapping:

stack at sp + 0 slots: 0x000002177f7d2c50 points into unknown readable memory: 0x0000000714209b38 | 38 9b 20 14 07 00 00 00
stack at sp + 1 slots: 0x0000001df58fe4e0 is pointing into the stack for thread: 0x000002177bc14e10
stack at sp + 2 slots: 0x0 is null
stack at sp + 3 slots: 0x0 is null
stack at sp + 4 slots: 0x0000000200000007 is an unknown value
stack at sp + 5 slots: 0x000002171d281b50 points into unknown readable memory: 0x000002170fd50010 | 10 00 d5 0f 17 02 00 00
stack at sp + 6 slots: 0x000002177bbfd7a0 points into unknown readable memory: 0x8000001200000001 | 01 00 00 00 12 00 00 80
stack at sp + 7 slots: 0x00007ffc717a0428 jdwp.dll


---------------  P R O C E S S  ---------------

Threads class SMR info:
_java_thread_list=0x000002171d4c5990, length=14, elements={
0x000002177bc14e10, 0x000002177f7e86d0, 0x000002177f7e96e0, 0x000002177f7f1720,
0x000002177f7f4a70, 0x000002177f7f56f0, 0x000002177f7f8640, 0x000002171d278dd0,
0x000002171d281bd0, 0x000002177f7b8910, 0x000002171d4f5300, 0x000002171d4f20c0,
0x000002171d4f2b60, 0x000002171d4a73b0
}

Java Threads: ( => current thread )
=>0x000002177bc14e10 JavaThread "main"                              [_thread_in_native, id=22028, stack(0x0000001df5800000,0x0000001df5900000) (1024K)]
  0x000002177f7e86d0 JavaThread "Reference Handler"          daemon [_thread_blocked, id=10800, stack(0x0000001df6000000,0x0000001df6100000) (1024K)]
  0x000002177f7e96e0 JavaThread "Finalizer"                  daemon [_thread_blocked, id=30436, stack(0x0000001df6100000,0x0000001df6200000) (1024K)]
  0x000002177f7f1720 JavaThread "Signal Dispatcher"          daemon [_thread_blocked, id=36552, stack(0x0000001df6200000,0x0000001df6300000) (1024K)]
  0x000002177f7f4a70 JavaThread "Attach Listener"            daemon [_thread_blocked, id=35364, stack(0x0000001df6300000,0x0000001df6400000) (1024K)]
  0x000002177f7f56f0 JavaThread "Service Thread"             daemon [_thread_blocked, id=35436, stack(0x0000001df6400000,0x0000001df6500000) (1024K)]
  0x000002177f7f8640 JavaThread "Monitor Deflation Thread"   daemon [_thread_blocked, id=29856, stack(0x0000001df6500000,0x0000001df6600000) (1024K)]
  0x000002171d278dd0 JavaThread "C2 CompilerThread0"         daemon [_thread_blocked, id=30700, stack(0x0000001df6600000,0x0000001df6700000) (1024K)]
  0x000002171d281bd0 JavaThread "C1 CompilerThread0"         daemon [_thread_blocked, id=1324, stack(0x0000001df6700000,0x0000001df6800000) (1024K)]
  0x000002177f7b8910 JavaThread "Common-Cleaner"             daemon [_thread_blocked, id=36828, stack(0x0000001df6800000,0x0000001df6900000) (1024K)]
  0x000002171d4f5300 JavaThread "JDWP Transport Listener: dt_socket" daemon [_thread_blocked, id=29476, stack(0x0000001df6900000,0x0000001df6a00000) (1024K)]
  0x000002171d4f20c0 JavaThread "JDWP Event Helper Thread"   daemon [_thread_blocked, id=21708, stack(0x0000001df6a00000,0x0000001df6b00000) (1024K)]
  0x000002171d4f2b60 JavaThread "JDWP Command Reader"        daemon [_thread_in_native, id=23092, stack(0x0000001df6b00000,0x0000001df6c00000) (1024K)]
  0x000002171d4a73b0 JavaThread "Notification Thread"        daemon [_thread_blocked, id=38824, stack(0x0000001df6c00000,0x0000001df6d00000) (1024K)]
Total: 14

Other Threads:
  0x000002177f7d1990 VMThread "VM Thread"                           [id=28380, stack(0x0000001df5f00000,0x0000001df6000000) (1024K)]
  0x000002177f7b7a00 WatcherThread "VM Periodic Task Thread"        [id=23488, stack(0x0000001df5e00000,0x0000001df5f00000) (1024K)]
  0x000002177bd975e0 WorkerThread "GC Thread#0"                     [id=40496, stack(0x0000001df5900000,0x0000001df5a00000) (1024K)]
  0x000002177bda8300 ConcurrentGCThread "G1 Main Marker"            [id=38692, stack(0x0000001df5a00000,0x0000001df5b00000) (1024K)]
  0x000002177bda8e10 WorkerThread "G1 Conc#0"                       [id=24608, stack(0x0000001df5b00000,0x0000001df5c00000) (1024K)]
  0x000002177f6884d0 ConcurrentGCThread "G1 Refine#0"               [id=36468, stack(0x0000001df5c00000,0x0000001df5d00000) (1024K)]
  0x000002177f68ad10 ConcurrentGCThread "G1 Service"                [id=32500, stack(0x0000001df5d00000,0x0000001df5e00000) (1024K)]
Total: 7

Threads with active compile tasks:
Total: 0

VM state: not at safepoint (normal execution)

VM Mutex/Monitor currently owned by a thread: None

Heap address: 0x0000000704800000, size: 4024 MB, Compressed Oops mode: Zero based, Oop shift amount: 3

CDS archive(s) mapped at: [0x000002171e000000-0x000002171ec60000-0x000002171ec60000), size 12976128, SharedBaseAddress: 0x000002171e000000, ArchiveRelocationMode: 1.
Compressed class space mapped at: 0x000002171f000000-0x000002175f000000, reserved size: 1073741824
Narrow klass base: 0x000002171e000000, Narrow klass shift: 0, Narrow klass range: 0x41000000

GC Precious Log:
 CardTable entry size: 512
 Card Set container configuration: InlinePtr #cards 4 size 8 Array Of Cards #cards 16 size 48 Howl #buckets 8 coarsen threshold 3686 Howl Bitmap #cards 512 size 80 coarsen threshold 460 Card regions per heap region 1 cards per card region 4096
 CPUs: 8 total, 8 available
 Memory: 16090M
 Large Page Support: Disabled
 NUMA Support: Disabled
 Compressed Oops: Enabled (Zero based)
 Heap Region Size: 2M
 Heap Min Capacity: 8M
 Heap Initial Capacity: 252M
 Heap Max Capacity: 4024M
 Pre-touch: Disabled
 Parallel Workers: 8
 Concurrent Workers: 2
 Concurrent Refinement Workers: 8
 Periodic GC: Disabled

Heap:
 garbage-first heap   total reserved 4120576K, committed 258048K, used 8192K [0x0000000704800000, 0x0000000800000000)
  region size 2048K, 5 young (10240K), 0 survivors (0K)
 Metaspace       used 1908K, committed 2112K, reserved 1114112K
  class space    used 150K, committed 256K, reserved 1048576K

Heap Regions: E=young(eden), S=young(survivor), O=old, HS=humongous(starts), HC=humongous(continues), CS=collection set, F=free, TAMS=top-at-mark-start, PB=parsable bottom
|   0|0x0000000704800000, 0x0000000704800000, 0x0000000704a00000|  0%| F|  |TAMS 0x0000000704800000| PB 0x0000000704800000| Untracked |  0
|   1|0x0000000704a00000, 0x0000000704a00000, 0x0000000704c00000|  0%| F|  |TAMS 0x0000000704a00000| PB 0x0000000704a00000| Untracked |  0
|   2|0x0000000704c00000, 0x0000000704c00000, 0x0000000704e00000|  0%| F|  |TAMS 0x0000000704c00000| PB 0x0000000704c00000| Untracked |  0
|   3|0x0000000704e00000, 0x0000000704e00000, 0x0000000705000000|  0%| F|  |TAMS 0x0000000704e00000| PB 0x0000000704e00000| Untracked |  0
|   4|0x0000000705000000, 0x0000000705000000, 0x0000000705200000|  0%| F|  |TAMS 0x0000000705000000| PB 0x0000000705000000| Untracked |  0
|   5|0x0000000705200000, 0x0000000705200000, 0x0000000705400000|  0%| F|  |TAMS 0x0000000705200000| PB 0x0000000705200000| Untracked |  0
|   6|0x0000000705400000, 0x0000000705400000, 0x0000000705600000|  0%| F|  |TAMS 0x0000000705400000| PB 0x0000000705400000| Untracked |  0
|   7|0x0000000705600000, 0x0000000705600000, 0x0000000705800000|  0%| F|  |TAMS 0x0000000705600000| PB 0x0000000705600000| Untracked |  0
|   8|0x0000000705800000, 0x0000000705800000, 0x0000000705a00000|  0%| F|  |TAMS 0x0000000705800000| PB 0x0000000705800000| Untracked |  0
|   9|0x0000000705a00000, 0x0000000705a00000, 0x0000000705c00000|  0%| F|  |TAMS 0x0000000705a00000| PB 0x0000000705a00000| Untracked |  0
|  10|0x0000000705c00000, 0x0000000705c00000, 0x0000000705e00000|  0%| F|  |TAMS 0x0000000705c00000| PB 0x0000000705c00000| Untracked |  0
|  11|0x0000000705e00000, 0x0000000705e00000, 0x0000000706000000|  0%| F|  |TAMS 0x0000000705e00000| PB 0x0000000705e00000| Untracked |  0
|  12|0x0000000706000000, 0x0000000706000000, 0x0000000706200000|  0%| F|  |TAMS 0x0000000706000000| PB 0x0000000706000000| Untracked |  0
|  13|0x0000000706200000, 0x0000000706200000, 0x0000000706400000|  0%| F|  |TAMS 0x0000000706200000| PB 0x0000000706200000| Untracked |  0
|  14|0x0000000706400000, 0x0000000706400000, 0x0000000706600000|  0%| F|  |TAMS 0x0000000706400000| PB 0x0000000706400000| Untracked |  0
|  15|0x0000000706600000, 0x0000000706600000, 0x0000000706800000|  0%| F|  |TAMS 0x0000000706600000| PB 0x0000000706600000| Untracked |  0
|  16|0x0000000706800000, 0x0000000706800000, 0x0000000706a00000|  0%| F|  |TAMS 0x0000000706800000| PB 0x0000000706800000| Untracked |  0
|  17|0x0000000706a00000, 0x0000000706a00000, 0x0000000706c00000|  0%| F|  |TAMS 0x0000000706a00000| PB 0x0000000706a00000| Untracked |  0
|  18|0x0000000706c00000, 0x0000000706c00000, 0x0000000706e00000|  0%| F|  |TAMS 0x0000000706c00000| PB 0x0000000706c00000| Untracked |  0
|  19|0x0000000706e00000, 0x0000000706e00000, 0x0000000707000000|  0%| F|  |TAMS 0x0000000706e00000| PB 0x0000000706e00000| Untracked |  0
|  20|0x0000000707000000, 0x0000000707000000, 0x0000000707200000|  0%| F|  |TAMS 0x0000000707000000| PB 0x0000000707000000| Untracked |  0
|  21|0x0000000707200000, 0x0000000707200000, 0x0000000707400000|  0%| F|  |TAMS 0x0000000707200000| PB 0x0000000707200000| Untracked |  0
|  22|0x0000000707400000, 0x0000000707400000, 0x0000000707600000|  0%| F|  |TAMS 0x0000000707400000| PB 0x0000000707400000| Untracked |  0
|  23|0x0000000707600000, 0x0000000707600000, 0x0000000707800000|  0%| F|  |TAMS 0x0000000707600000| PB 0x0000000707600000| Untracked |  0
|  24|0x0000000707800000, 0x0000000707800000, 0x0000000707a00000|  0%| F|  |TAMS 0x0000000707800000| PB 0x0000000707800000| Untracked |  0
|  25|0x0000000707a00000, 0x0000000707a00000, 0x0000000707c00000|  0%| F|  |TAMS 0x0000000707a00000| PB 0x0000000707a00000| Untracked |  0
|  26|0x0000000707c00000, 0x0000000707c00000, 0x0000000707e00000|  0%| F|  |TAMS 0x0000000707c00000| PB 0x0000000707c00000| Untracked |  0
|  27|0x0000000707e00000, 0x0000000707e00000, 0x0000000708000000|  0%| F|  |TAMS 0x0000000707e00000| PB 0x0000000707e00000| Untracked |  0
|  28|0x0000000708000000, 0x0000000708000000, 0x0000000708200000|  0%| F|  |TAMS 0x0000000708000000| PB 0x0000000708000000| Untracked |  0
|  29|0x0000000708200000, 0x0000000708200000, 0x0000000708400000|  0%| F|  |TAMS 0x0000000708200000| PB 0x0000000708200000| Untracked |  0
|  30|0x0000000708400000, 0x0000000708400000, 0x0000000708600000|  0%| F|  |TAMS 0x0000000708400000| PB 0x0000000708400000| Untracked |  0
|  31|0x0000000708600000, 0x0000000708600000, 0x0000000708800000|  0%| F|  |TAMS 0x0000000708600000| PB 0x0000000708600000| Untracked |  0
|  32|0x0000000708800000, 0x0000000708800000, 0x0000000708a00000|  0%| F|  |TAMS 0x0000000708800000| PB 0x0000000708800000| Untracked |  0
|  33|0x0000000708a00000, 0x0000000708a00000, 0x0000000708c00000|  0%| F|  |TAMS 0x0000000708a00000| PB 0x0000000708a00000| Untracked |  0
|  34|0x0000000708c00000, 0x0000000708c00000, 0x0000000708e00000|  0%| F|  |TAMS 0x0000000708c00000| PB 0x0000000708c00000| Untracked |  0
|  35|0x0000000708e00000, 0x0000000708e00000, 0x0000000709000000|  0%| F|  |TAMS 0x0000000708e00000| PB 0x0000000708e00000| Untracked |  0
|  36|0x0000000709000000, 0x0000000709000000, 0x0000000709200000|  0%| F|  |TAMS 0x0000000709000000| PB 0x0000000709000000| Untracked |  0
|  37|0x0000000709200000, 0x0000000709200000, 0x0000000709400000|  0%| F|  |TAMS 0x0000000709200000| PB 0x0000000709200000| Untracked |  0
|  38|0x0000000709400000, 0x0000000709400000, 0x0000000709600000|  0%| F|  |TAMS 0x0000000709400000| PB 0x0000000709400000| Untracked |  0
|  39|0x0000000709600000, 0x0000000709600000, 0x0000000709800000|  0%| F|  |TAMS 0x0000000709600000| PB 0x0000000709600000| Untracked |  0
|  40|0x0000000709800000, 0x0000000709800000, 0x0000000709a00000|  0%| F|  |TAMS 0x0000000709800000| PB 0x0000000709800000| Untracked |  0
|  41|0x0000000709a00000, 0x0000000709a00000, 0x0000000709c00000|  0%| F|  |TAMS 0x0000000709a00000| PB 0x0000000709a00000| Untracked |  0
|  42|0x0000000709c00000, 0x0000000709c00000, 0x0000000709e00000|  0%| F|  |TAMS 0x0000000709c00000| PB 0x0000000709c00000| Untracked |  0
|  43|0x0000000709e00000, 0x0000000709e00000, 0x000000070a000000|  0%| F|  |TAMS 0x0000000709e00000| PB 0x0000000709e00000| Untracked |  0
|  44|0x000000070a000000, 0x000000070a000000, 0x000000070a200000|  0%| F|  |TAMS 0x000000070a000000| PB 0x000000070a000000| Untracked |  0
|  45|0x000000070a200000, 0x000000070a200000, 0x000000070a400000|  0%| F|  |TAMS 0x000000070a200000| PB 0x000000070a200000| Untracked |  0
|  46|0x000000070a400000, 0x000000070a400000, 0x000000070a600000|  0%| F|  |TAMS 0x000000070a400000| PB 0x000000070a400000| Untracked |  0
|  47|0x000000070a600000, 0x000000070a600000, 0x000000070a800000|  0%| F|  |TAMS 0x000000070a600000| PB 0x000000070a600000| Untracked |  0
|  48|0x000000070a800000, 0x000000070a800000, 0x000000070aa00000|  0%| F|  |TAMS 0x000000070a800000| PB 0x000000070a800000| Untracked |  0
|  49|0x000000070aa00000, 0x000000070aa00000, 0x000000070ac00000|  0%| F|  |TAMS 0x000000070aa00000| PB 0x000000070aa00000| Untracked |  0
|  50|0x000000070ac00000, 0x000000070ac00000, 0x000000070ae00000|  0%| F|  |TAMS 0x000000070ac00000| PB 0x000000070ac00000| Untracked |  0
|  51|0x000000070ae00000, 0x000000070ae00000, 0x000000070b000000|  0%| F|  |TAMS 0x000000070ae00000| PB 0x000000070ae00000| Untracked |  0
|  52|0x000000070b000000, 0x000000070b000000, 0x000000070b200000|  0%| F|  |TAMS 0x000000070b000000| PB 0x000000070b000000| Untracked |  0
|  53|0x000000070b200000, 0x000000070b200000, 0x000000070b400000|  0%| F|  |TAMS 0x000000070b200000| PB 0x000000070b200000| Untracked |  0
|  54|0x000000070b400000, 0x000000070b400000, 0x000000070b600000|  0%| F|  |TAMS 0x000000070b400000| PB 0x000000070b400000| Untracked |  0
|  55|0x000000070b600000, 0x000000070b600000, 0x000000070b800000|  0%| F|  |TAMS 0x000000070b600000| PB 0x000000070b600000| Untracked |  0
|  56|0x000000070b800000, 0x000000070b800000, 0x000000070ba00000|  0%| F|  |TAMS 0x000000070b800000| PB 0x000000070b800000| Untracked |  0
|  57|0x000000070ba00000, 0x000000070ba00000, 0x000000070bc00000|  0%| F|  |TAMS 0x000000070ba00000| PB 0x000000070ba00000| Untracked |  0
|  58|0x000000070bc00000, 0x000000070bc00000, 0x000000070be00000|  0%| F|  |TAMS 0x000000070bc00000| PB 0x000000070bc00000| Untracked |  0
|  59|0x000000070be00000, 0x000000070be00000, 0x000000070c000000|  0%| F|  |TAMS 0x000000070be00000| PB 0x000000070be00000| Untracked |  0
|  60|0x000000070c000000, 0x000000070c000000, 0x000000070c200000|  0%| F|  |TAMS 0x000000070c000000| PB 0x000000070c000000| Untracked |  0
|  61|0x000000070c200000, 0x000000070c200000, 0x000000070c400000|  0%| F|  |TAMS 0x000000070c200000| PB 0x000000070c200000| Untracked |  0
|  62|0x000000070c400000, 0x000000070c400000, 0x000000070c600000|  0%| F|  |TAMS 0x000000070c400000| PB 0x000000070c400000| Untracked |  0
|  63|0x000000070c600000, 0x000000070c600000, 0x000000070c800000|  0%| F|  |TAMS 0x000000070c600000| PB 0x000000070c600000| Untracked |  0
|  64|0x000000070c800000, 0x000000070c800000, 0x000000070ca00000|  0%| F|  |TAMS 0x000000070c800000| PB 0x000000070c800000| Untracked |  0
|  65|0x000000070ca00000, 0x000000070ca00000, 0x000000070cc00000|  0%| F|  |TAMS 0x000000070ca00000| PB 0x000000070ca00000| Untracked |  0
|  66|0x000000070cc00000, 0x000000070cc00000, 0x000000070ce00000|  0%| F|  |TAMS 0x000000070cc00000| PB 0x000000070cc00000| Untracked |  0
|  67|0x000000070ce00000, 0x000000070ce00000, 0x000000070d000000|  0%| F|  |TAMS 0x000000070ce00000| PB 0x000000070ce00000| Untracked |  0
|  68|0x000000070d000000, 0x000000070d000000, 0x000000070d200000|  0%| F|  |TAMS 0x000000070d000000| PB 0x000000070d000000| Untracked |  0
|  69|0x000000070d200000, 0x000000070d200000, 0x000000070d400000|  0%| F|  |TAMS 0x000000070d200000| PB 0x000000070d200000| Untracked |  0
|  70|0x000000070d400000, 0x000000070d400000, 0x000000070d600000|  0%| F|  |TAMS 0x000000070d400000| PB 0x000000070d400000| Untracked |  0
|  71|0x000000070d600000, 0x000000070d600000, 0x000000070d800000|  0%| F|  |TAMS 0x000000070d600000| PB 0x000000070d600000| Untracked |  0
|  72|0x000000070d800000, 0x000000070d800000, 0x000000070da00000|  0%| F|  |TAMS 0x000000070d800000| PB 0x000000070d800000| Untracked |  0
|  73|0x000000070da00000, 0x000000070da00000, 0x000000070dc00000|  0%| F|  |TAMS 0x000000070da00000| PB 0x000000070da00000| Untracked |  0
|  74|0x000000070dc00000, 0x000000070dc00000, 0x000000070de00000|  0%| F|  |TAMS 0x000000070dc00000| PB 0x000000070dc00000| Untracked |  0
|  75|0x000000070de00000, 0x000000070de00000, 0x000000070e000000|  0%| F|  |TAMS 0x000000070de00000| PB 0x000000070de00000| Untracked |  0
|  76|0x000000070e000000, 0x000000070e000000, 0x000000070e200000|  0%| F|  |TAMS 0x000000070e000000| PB 0x000000070e000000| Untracked |  0
|  77|0x000000070e200000, 0x000000070e200000, 0x000000070e400000|  0%| F|  |TAMS 0x000000070e200000| PB 0x000000070e200000| Untracked |  0
|  78|0x000000070e400000, 0x000000070e400000, 0x000000070e600000|  0%| F|  |TAMS 0x000000070e400000| PB 0x000000070e400000| Untracked |  0
|  79|0x000000070e600000, 0x000000070e600000, 0x000000070e800000|  0%| F|  |TAMS 0x000000070e600000| PB 0x000000070e600000| Untracked |  0
|  80|0x000000070e800000, 0x000000070e800000, 0x000000070ea00000|  0%| F|  |TAMS 0x000000070e800000| PB 0x000000070e800000| Untracked |  0
|  81|0x000000070ea00000, 0x000000070ea00000, 0x000000070ec00000|  0%| F|  |TAMS 0x000000070ea00000| PB 0x000000070ea00000| Untracked |  0
|  82|0x000000070ec00000, 0x000000070ec00000, 0x000000070ee00000|  0%| F|  |TAMS 0x000000070ec00000| PB 0x000000070ec00000| Untracked |  0
|  83|0x000000070ee00000, 0x000000070ee00000, 0x000000070f000000|  0%| F|  |TAMS 0x000000070ee00000| PB 0x000000070ee00000| Untracked |  0
|  84|0x000000070f000000, 0x000000070f000000, 0x000000070f200000|  0%| F|  |TAMS 0x000000070f000000| PB 0x000000070f000000| Untracked |  0
|  85|0x000000070f200000, 0x000000070f200000, 0x000000070f400000|  0%| F|  |TAMS 0x000000070f200000| PB 0x000000070f200000| Untracked |  0
|  86|0x000000070f400000, 0x000000070f400000, 0x000000070f600000|  0%| F|  |TAMS 0x000000070f400000| PB 0x000000070f400000| Untracked |  0
|  87|0x000000070f600000, 0x000000070f600000, 0x000000070f800000|  0%| F|  |TAMS 0x000000070f600000| PB 0x000000070f600000| Untracked |  0
|  88|0x000000070f800000, 0x000000070f800000, 0x000000070fa00000|  0%| F|  |TAMS 0x000000070f800000| PB 0x000000070f800000| Untracked |  0
|  89|0x000000070fa00000, 0x000000070fa00000, 0x000000070fc00000|  0%| F|  |TAMS 0x000000070fa00000| PB 0x000000070fa00000| Untracked |  0
|  90|0x000000070fc00000, 0x000000070fc00000, 0x000000070fe00000|  0%| F|  |TAMS 0x000000070fc00000| PB 0x000000070fc00000| Untracked |  0
|  91|0x000000070fe00000, 0x000000070fe00000, 0x0000000710000000|  0%| F|  |TAMS 0x000000070fe00000| PB 0x000000070fe00000| Untracked |  0
|  92|0x0000000710000000, 0x0000000710000000, 0x0000000710200000|  0%| F|  |TAMS 0x0000000710000000| PB 0x0000000710000000| Untracked |  0
|  93|0x0000000710200000, 0x0000000710200000, 0x0000000710400000|  0%| F|  |TAMS 0x0000000710200000| PB 0x0000000710200000| Untracked |  0
|  94|0x0000000710400000, 0x0000000710400000, 0x0000000710600000|  0%| F|  |TAMS 0x0000000710400000| PB 0x0000000710400000| Untracked |  0
|  95|0x0000000710600000, 0x0000000710600000, 0x0000000710800000|  0%| F|  |TAMS 0x0000000710600000| PB 0x0000000710600000| Untracked |  0
|  96|0x0000000710800000, 0x0000000710800000, 0x0000000710a00000|  0%| F|  |TAMS 0x0000000710800000| PB 0x0000000710800000| Untracked |  0
|  97|0x0000000710a00000, 0x0000000710a00000, 0x0000000710c00000|  0%| F|  |TAMS 0x0000000710a00000| PB 0x0000000710a00000| Untracked |  0
|  98|0x0000000710c00000, 0x0000000710c00000, 0x0000000710e00000|  0%| F|  |TAMS 0x0000000710c00000| PB 0x0000000710c00000| Untracked |  0
|  99|0x0000000710e00000, 0x0000000710e00000, 0x0000000711000000|  0%| F|  |TAMS 0x0000000710e00000| PB 0x0000000710e00000| Untracked |  0
| 100|0x0000000711000000, 0x0000000711000000, 0x0000000711200000|  0%| F|  |TAMS 0x0000000711000000| PB 0x0000000711000000| Untracked |  0
| 101|0x0000000711200000, 0x0000000711200000, 0x0000000711400000|  0%| F|  |TAMS 0x0000000711200000| PB 0x0000000711200000| Untracked |  0
| 102|0x0000000711400000, 0x0000000711400000, 0x0000000711600000|  0%| F|  |TAMS 0x0000000711400000| PB 0x0000000711400000| Untracked |  0
| 103|0x0000000711600000, 0x0000000711600000, 0x0000000711800000|  0%| F|  |TAMS 0x0000000711600000| PB 0x0000000711600000| Untracked |  0
| 104|0x0000000711800000, 0x0000000711800000, 0x0000000711a00000|  0%| F|  |TAMS 0x0000000711800000| PB 0x0000000711800000| Untracked |  0
| 105|0x0000000711a00000, 0x0000000711a00000, 0x0000000711c00000|  0%| F|  |TAMS 0x0000000711a00000| PB 0x0000000711a00000| Untracked |  0
| 106|0x0000000711c00000, 0x0000000711c00000, 0x0000000711e00000|  0%| F|  |TAMS 0x0000000711c00000| PB 0x0000000711c00000| Untracked |  0
| 107|0x0000000711e00000, 0x0000000711e00000, 0x0000000712000000|  0%| F|  |TAMS 0x0000000711e00000| PB 0x0000000711e00000| Untracked |  0
| 108|0x0000000712000000, 0x0000000712000000, 0x0000000712200000|  0%| F|  |TAMS 0x0000000712000000| PB 0x0000000712000000| Untracked |  0
| 109|0x0000000712200000, 0x0000000712200000, 0x0000000712400000|  0%| F|  |TAMS 0x0000000712200000| PB 0x0000000712200000| Untracked |  0
| 110|0x0000000712400000, 0x0000000712400000, 0x0000000712600000|  0%| F|  |TAMS 0x0000000712400000| PB 0x0000000712400000| Untracked |  0
| 111|0x0000000712600000, 0x0000000712600000, 0x0000000712800000|  0%| F|  |TAMS 0x0000000712600000| PB 0x0000000712600000| Untracked |  0
| 112|0x0000000712800000, 0x0000000712800000, 0x0000000712a00000|  0%| F|  |TAMS 0x0000000712800000| PB 0x0000000712800000| Untracked |  0
| 113|0x0000000712a00000, 0x0000000712a00000, 0x0000000712c00000|  0%| F|  |TAMS 0x0000000712a00000| PB 0x0000000712a00000| Untracked |  0
| 114|0x0000000712c00000, 0x0000000712c00000, 0x0000000712e00000|  0%| F|  |TAMS 0x0000000712c00000| PB 0x0000000712c00000| Untracked |  0
| 115|0x0000000712e00000, 0x0000000712e00000, 0x0000000713000000|  0%| F|  |TAMS 0x0000000712e00000| PB 0x0000000712e00000| Untracked |  0
| 116|0x0000000713000000, 0x0000000713000000, 0x0000000713200000|  0%| F|  |TAMS 0x0000000713000000| PB 0x0000000713000000| Untracked |  0
| 117|0x0000000713200000, 0x0000000713200000, 0x0000000713400000|  0%| F|  |TAMS 0x0000000713200000| PB 0x0000000713200000| Untracked |  0
| 118|0x0000000713400000, 0x0000000713400000, 0x0000000713600000|  0%| F|  |TAMS 0x0000000713400000| PB 0x0000000713400000| Untracked |  0
| 119|0x0000000713600000, 0x0000000713600000, 0x0000000713800000|  0%| F|  |TAMS 0x0000000713600000| PB 0x0000000713600000| Untracked |  0
| 120|0x0000000713800000, 0x0000000713800000, 0x0000000713a00000|  0%| F|  |TAMS 0x0000000713800000| PB 0x0000000713800000| Untracked |  0
| 121|0x0000000713a00000, 0x0000000713a7ae30, 0x0000000713c00000| 24%| E|  |TAMS 0x0000000713a00000| PB 0x0000000713a00000| Complete |  0
| 122|0x0000000713c00000, 0x0000000713e00000, 0x0000000713e00000|100%| E|CS|TAMS 0x0000000713c00000| PB 0x0000000713c00000| Complete |  0
| 123|0x0000000713e00000, 0x0000000714000000, 0x0000000714000000|100%| E|CS|TAMS 0x0000000713e00000| PB 0x0000000713e00000| Complete |  0
| 124|0x0000000714000000, 0x0000000714200000, 0x0000000714200000|100%| E|CS|TAMS 0x0000000714000000| PB 0x0000000714000000| Complete |  0
| 125|0x0000000714200000, 0x0000000714400000, 0x0000000714400000|100%| E|CS|TAMS 0x0000000714200000| PB 0x0000000714200000| Complete |  0

Card table byte_map: [0x000002177e840000,0x000002177f020000] _byte_map_base: 0x000002177b01c000

Marking Bits: (CMBitMap*) 0x000002177bd97cf0
 Bits: [0x0000021717280000, 0x000002171b160000)

Polling page: 0x000002177bdf0000

Metaspace:

Usage:
  Non-class:      1.72 MB used.
      Class:    150.02 KB used.
       Both:      1.86 MB used.

Virtual space:
  Non-class space:       64.00 MB reserved,       1.81 MB (  3%) committed,  1 nodes.
      Class space:        1.00 GB reserved,     256.00 KB ( <1%) committed,  1 nodes.
             Both:        1.06 GB reserved,       2.06 MB ( <1%) committed. 

Chunk freelists:
   Non-Class:  11.45 MB
       Class:  15.67 MB
        Both:  27.12 MB

MaxMetaspaceSize: unlimited
CompressedClassSpaceSize: 1.00 GB
Initial GC threshold: 21.00 MB
Current GC threshold: 21.00 MB
CDS: on
 - commit_granule_bytes: 65536.
 - commit_granule_words: 8192.
 - virtual_space_node_default_size: 8388608.
 - enlarge_chunks_in_place: 1.
 - use_allocation_guard: 0.


Internal statistics:

num_allocs_failed_limit: 0.
num_arena_births: 74.
num_arena_deaths: 0.
num_vsnodes_births: 2.
num_vsnodes_deaths: 0.
num_space_committed: 33.
num_space_uncommitted: 0.
num_chunks_returned_to_freelist: 0.
num_chunks_taken_from_freelist: 109.
num_chunk_merges: 0.
num_chunk_splits: 73.
num_chunks_enlarged: 45.
num_inconsistent_stats: 0.

CodeHeap 'non-profiled nmethods': size=120000Kb used=153Kb max_used=153Kb free=119847Kb
 bounds [0x000002170fd50000, 0x000002170ffc0000, 0x0000021717280000]
CodeHeap 'profiled nmethods': size=120000Kb used=623Kb max_used=623Kb free=119377Kb
 bounds [0x0000021708280000, 0x00000217084f0000, 0x000002170f7b0000]
CodeHeap 'non-nmethods': size=5760Kb used=1534Kb max_used=1536Kb free=4225Kb
 bounds [0x000002170f7b0000, 0x000002170fa20000, 0x000002170fd50000]
 total_blobs=927 nmethods=480 adapters=352
 compilation: enabled
              stopped_count=0, restarted_count=0
 full_count=0

Compilation events (20 events):
Event: 0.760 Thread 0x000002171d281bd0  471       3       java.lang.StringLatin1::indexOf (37 bytes)
Event: 0.760 Thread 0x000002171d281bd0 nmethod 471 0x0000021708318190 code [0x0000021708318360, 0x0000021708318788]
Event: 0.760 Thread 0x000002171d281bd0  472       3       java.lang.String::lastIndexOf (12 bytes)
Event: 0.760 Thread 0x000002171d281bd0 nmethod 472 0x0000021708318910 code [0x0000021708318b00, 0x0000021708318f20]
Event: 0.760 Thread 0x000002171d281bd0  473       3       java.lang.StringConcatHelper::mix (27 bytes)
Event: 0.760 Thread 0x000002171d281bd0 nmethod 473 0x0000021708319090 code [0x0000021708319260, 0x0000021708319660]
Event: 0.760 Thread 0x000002171d281bd0  474       3       java.lang.StringConcatHelper::checkOverflow (17 bytes)
Event: 0.760 Thread 0x000002171d281bd0 nmethod 474 0x0000021708319810 code [0x00000217083199c0, 0x0000021708319ba0]
Event: 0.760 Thread 0x000002171d281bd0  475       3       java.lang.StringConcatHelper::prepend (37 bytes)
Event: 0.760 Thread 0x000002171d281bd0 nmethod 475 0x0000021708319c90 code [0x0000021708319e60, 0x000002170831a140]
Event: 0.763 Thread 0x000002171d281bd0  476       3       jdk.internal.jimage.ImageStringsReader::hashCode (33 bytes)
Event: 0.763 Thread 0x000002171d281bd0 nmethod 476 0x000002170831a290 code [0x000002170831a440, 0x000002170831a5c0]
Event: 0.763 Thread 0x000002171d281bd0  477       3       java.util.concurrent.ConcurrentHashMap$ValueIterator::next (34 bytes)
Event: 0.763 Thread 0x000002171d281bd0 nmethod 477 0x000002170831a690 code [0x000002170831a860, 0x000002170831aaf0]
Event: 0.763 Thread 0x000002171d281bd0  478       3       java.util.Optional::empty (6 bytes)
Event: 0.763 Thread 0x000002171d281bd0 nmethod 478 0x000002170831ac10 code [0x000002170831ada0, 0x000002170831ae98]
Event: 0.764 Thread 0x000002171d281bd0  479       3       java.lang.Integer::stringSize (47 bytes)
Event: 0.764 Thread 0x000002171d281bd0 nmethod 479 0x000002170831af10 code [0x000002170831b0c0, 0x000002170831b300]
Event: 0.764 Thread 0x000002171d281bd0  480       3       java.lang.StringLatin1::getChars (102 bytes)
Event: 0.764 Thread 0x000002171d281bd0 nmethod 480 0x000002170831b410 code [0x000002170831b5e0, 0x000002170831b9c8]

GC Heap History (0 events):
No events

Dll operation events (9 events):
Event: 0.011 Loaded shared library C:\Users\tranp\.jdks\openjdk-22.0.2\bin\java.dll
Event: 0.012 Loaded shared library C:\Users\tranp\.jdks\openjdk-22.0.2\bin\zip.dll
Event: 0.039 Loaded shared library C:\Users\tranp\.jdks\openjdk-22.0.2\bin\jsvml.dll
Event: 0.573 Loaded shared library C:\Users\tranp\.jdks\openjdk-22.0.2\bin\instrument.dll
Event: 0.613 Loaded shared library C:\Users\tranp\.jdks\openjdk-22.0.2\bin\net.dll
Event: 0.614 Loaded shared library C:\Users\tranp\.jdks\openjdk-22.0.2\bin\nio.dll
Event: 0.625 Loaded shared library C:\Users\tranp\.jdks\openjdk-22.0.2\bin\zip.dll
Event: 0.699 Loaded shared library C:\Users\tranp\.jdks\openjdk-22.0.2\bin\jimage.dll
Event: 0.726 Loaded shared library C:\Users\tranp\AppData\Local\Temp\lwjgltranp\3.3.1-build-7\lwjgl.dll

Deoptimization events (6 events):
Event: 0.591 Thread 0x000002177bc14e10 Uncommon trap: trap_request=0xffffff45 fr.pc=0x000002170fd60ffc relative=0x00000000000000dc
Event: 0.591 Thread 0x000002177bc14e10 Uncommon trap: reason=unstable_if action=reinterpret pc=0x000002170fd60ffc method=java.lang.String.isLatin1()Z @ 10 c2
Event: 0.591 Thread 0x000002177bc14e10 DEOPT PACKING pc=0x000002170fd60ffc sp=0x0000001df58ff040
Event: 0.591 Thread 0x000002177bc14e10 DEOPT UNPACKING pc=0x000002170f807da2 sp=0x0000001df58fef90 mode 2
Event: 0.760 Thread 0x000002177bc14e10 DEOPT PACKING pc=0x00000217082a9977 sp=0x0000001df58fc4b0
Event: 0.760 Thread 0x000002177bc14e10 DEOPT UNPACKING pc=0x000002170f8088e2 sp=0x0000001df58fb8d0 mode 0

Classes loaded (20 events):
Event: 0.757 Loading class java/nio/BufferUnderflowException
Event: 0.757 Loading class java/nio/BufferUnderflowException done
Event: 0.757 Loading class org/lwjgl/system/MemoryStack
Event: 0.757 Loading class org/lwjgl/system/MemoryStack done
Event: 0.758 Loading class org/lwjgl/system/MemoryStack$DebugMemoryStack
Event: 0.758 Loading class org/lwjgl/system/MemoryStack$DebugMemoryStack done
Event: 0.759 Loading class java/lang/IndexOutOfBoundsException
Event: 0.759 Loading class java/lang/IndexOutOfBoundsException done
Event: 0.759 Loading class org/lwjgl/system/MemoryStack
Event: 0.759 Loading class org/lwjgl/system/MemoryStack done
Event: 0.759 Loading class org/lwjgl/system/MemoryStack
Event: 0.759 Loading class org/lwjgl/system/MemoryStack done
Event: 0.760 Loading class org/lwjgl/BufferUtils
Event: 0.760 Loading class org/lwjgl/BufferUtils done
Event: 0.760 Loading class org/lwjgl/system/windows/WinBase
Event: 0.760 Loading class org/lwjgl/system/windows/WinBase done
Event: 0.761 Loading class org/lwjgl/system/ThreadLocalUtil
Event: 0.761 Loading class org/lwjgl/system/ThreadLocalUtil done
Event: 0.763 Loading class org/lwjgl/glfw/GLFW$Functions
Event: 0.763 Loading class org/lwjgl/glfw/GLFW$Functions done

Classes unloaded (0 events):
No events

Classes redefined (0 events):
No events

Internal exceptions (19 events):
Event: 0.574 Thread 0x000002177bc14e10 Exception <a 'java/lang/NoSuchMethodError'{0x0000000714119c48}: 'void java.lang.invoke.DirectMethodHandle$Holder.invokeStatic(java.lang.Object, java.lang.Object, java.lang.Object)'> (0x0000000714119c48) 
thrown [s\open\src\hotspot\share\interpreter\linkResolver.cpp, line 774]
Event: 0.578 Thread 0x000002177bc14e10 Exception <a 'java/lang/NoSuchMethodError'{0x00000007141316e0}: 'java.lang.Object java.lang.invoke.Invokers$Holder.invokeExact_MT(java.lang.Object, java.lang.Object, java.lang.Object, java.lang.Object, java.lang.Object)'> (0x00000007141316e0) 
thrown [s\open\src\hotspot\share\interpreter\linkResolver.cpp, line 774]
Event: 0.668 Thread 0x000002177bc14e10 Exception <a 'java/lang/NoSuchMethodError'{0x0000000713fe8a80}: 'void java.lang.invoke.DirectMethodHandle$Holder.invokeStatic(java.lang.Object, java.lang.Object)'> (0x0000000713fe8a80) 
thrown [s\open\src\hotspot\share\interpreter\linkResolver.cpp, line 774]
Event: 0.670 Thread 0x000002177bc14e10 Exception <a 'java/lang/NoSuchMethodError'{0x0000000713ff46f0}: 'void java.lang.System.load(java.lang.String, java.lang.Class)'> (0x0000000713ff46f0) 
thrown [s\open\src\hotspot\share\interpreter\linkResolver.cpp, line 774]
Event: 0.670 Thread 0x000002177bc14e10 Exception <a 'java/lang/NoSuchMethodError'{0x0000000713ff5120}: 'void java.lang.invoke.DirectMethodHandle$Holder.invokeSpecial(java.lang.Object, java.lang.Object, java.lang.Object)'> (0x0000000713ff5120) 
thrown [s\open\src\hotspot\share\interpreter\linkResolver.cpp, line 774]
Event: 0.673 Thread 0x000002177bc14e10 Exception <a 'java/lang/NoSuchMethodError'{0x0000000713c08e40}: 'java.lang.Object java.lang.invoke.DirectMethodHandle$Holder.invokeStatic(java.lang.Object, java.lang.Object, int)'> (0x0000000713c08e40) 
thrown [s\open\src\hotspot\share\interpreter\linkResolver.cpp, line 774]
Event: 0.675 Thread 0x000002177bc14e10 Exception <a 'java/lang/NoSuchMethodError'{0x0000000713c14708}: 'void java.lang.invoke.DelegatingMethodHandle$Holder.delegate(java.lang.Object, java.lang.Object, int, java.lang.Object)'> (0x0000000713c14708) 
thrown [s\open\src\hotspot\share\interpreter\linkResolver.cpp, line 774]
Event: 0.676 Thread 0x000002177bc14e10 Exception <a 'java/lang/NoSuchMethodError'{0x0000000713c18448}: 'int java.lang.invoke.DirectMethodHandle$Holder.invokeSpecial(java.lang.Object, java.lang.Object, java.lang.Object)'> (0x0000000713c18448) 
thrown [s\open\src\hotspot\share\interpreter\linkResolver.cpp, line 774]
Event: 0.683 Thread 0x000002177bc14e10 Exception <a 'java/lang/NoSuchMethodError'{0x0000000713c34580}: 'void java.lang.System.loadLibrary(java.lang.String, java.lang.Class)'> (0x0000000713c34580) 
thrown [s\open\src\hotspot\share\interpreter\linkResolver.cpp, line 774]
Event: 0.724 Thread 0x000002177bc14e10 Exception <a 'sun/nio/fs/WindowsException'{0x0000000713cf74b8}> (0x0000000713cf74b8) 
thrown [s\open\src\hotspot\share\prims\jni.cpp, line 520]
Event: 0.725 Thread 0x000002177bc14e10 Exception <a 'sun/nio/fs/WindowsException'{0x0000000713cf8ac0}> (0x0000000713cf8ac0) 
thrown [s\open\src\hotspot\share\prims\jni.cpp, line 520]
Event: 0.739 Thread 0x000002177bc14e10 Exception <a 'sun/nio/fs/WindowsException'{0x0000000713d30920}> (0x0000000713d30920) 
thrown [s\open\src\hotspot\share\prims\jni.cpp, line 520]
Event: 0.739 Thread 0x000002177bc14e10 Exception <a 'sun/nio/fs/WindowsException'{0x0000000713d30c80}> (0x0000000713d30c80) 
thrown [s\open\src\hotspot\share\prims\jni.cpp, line 520]
Event: 0.750 Thread 0x000002177bc14e10 Exception <a 'java/lang/NoSuchMethodError'{0x0000000713d9fef0}: 'int java.lang.invoke.DirectMethodHandle$Holder.invokeStaticInit(java.lang.Object, java.lang.Object, int, long)'> (0x0000000713d9fef0) 
thrown [s\open\src\hotspot\share\interpreter\linkResolver.cpp, line 774]
Event: 0.751 Thread 0x000002177bc14e10 Exception <a 'java/lang/NoSuchMethodError'{0x0000000713da5030}: 'java.lang.Object java.lang.invoke.DirectMethodHandle$Holder.newInvokeSpecial(java.lang.Object, java.lang.Object, int)'> (0x0000000713da5030) 
thrown [s\open\src\hotspot\share\interpreter\linkResolver.cpp, line 774]
Event: 0.754 Thread 0x000002177bc14e10 Exception <a 'java/lang/NoSuchMethodError'{0x0000000713db66d0}: 'int java.lang.invoke.DirectMethodHandle$Holder.invokeStaticInit(java.lang.Object, java.lang.Object, long, long)'> (0x0000000713db66d0) 
thrown [s\open\src\hotspot\share\interpreter\linkResolver.cpp, line 774]
Event: 0.754 Thread 0x000002177bc14e10 Exception <a 'java/lang/NoSuchMethodError'{0x0000000713dbc158}: 'java.lang.Object java.lang.invoke.DirectMethodHandle$Holder.newInvokeSpecial(java.lang.Object, java.lang.Object, long)'> (0x0000000713dbc158) 
thrown [s\open\src\hotspot\share\interpreter\linkResolver.cpp, line 774]
Event: 0.755 Thread 0x000002177bc14e10 Exception <a 'java/lang/NoSuchMethodError'{0x0000000713dc0000}: 'java.lang.Object java.lang.invoke.Invokers$Holder.linkToTargetMethod(java.lang.Object, long, java.lang.Object)'> (0x0000000713dc0000) 
thrown [s\open\src\hotspot\share\interpreter\linkResolver.cpp, line 774]
Event: 0.755 Thread 0x000002177bc14e10 Exception <a 'java/lang/NoSuchMethodError'{0x0000000713dc7228}: 'int java.lang.invoke.DirectMethodHandle$Holder.invokeStaticInit(java.lang.Object, java.lang.Object, java.lang.Object, long)'> (0x0000000713dc7228) 
thrown [s\open\src\hotspot\share\interpreter\linkResolver.cpp, line 774]

ZGC Phase Switch (0 events):
No events

VM Operations (6 events):
Event: 0.065 Executing VM operation: HandshakeAllThreads (Deoptimize)
Event: 0.065 Executing VM operation: HandshakeAllThreads (Deoptimize) done
Event: 0.569 Executing VM operation: ChangeBreakpoints
Event: 0.569 Executing VM operation: ChangeBreakpoints done
Event: 0.571 Executing VM operation: ChangeBreakpoints
Event: 0.571 Executing VM operation: ChangeBreakpoints done

Memory protections (0 events):
No events

Nmethod flushes (0 events):
No events

Events (14 events):
Event: 0.026 Thread 0x000002177bc14e10 Thread added: 0x000002177bc14e10
Event: 0.037 Thread 0x000002177bc14e10 Thread added: 0x000002177f7e86d0
Event: 0.037 Thread 0x000002177bc14e10 Thread added: 0x000002177f7e96e0
Event: 0.037 Thread 0x000002177bc14e10 Thread added: 0x000002177f7f1720
Event: 0.037 Thread 0x000002177bc14e10 Thread added: 0x000002177f7f4a70
Event: 0.037 Thread 0x000002177bc14e10 Thread added: 0x000002177f7f56f0
Event: 0.037 Thread 0x000002177bc14e10 Thread added: 0x000002177f7f8640
Event: 0.037 Thread 0x000002177bc14e10 Thread added: 0x000002171d278dd0
Event: 0.037 Thread 0x000002177bc14e10 Thread added: 0x000002171d281bd0
Event: 0.061 Thread 0x000002177bc14e10 Thread added: 0x000002177f7b8910
Event: 0.084 Thread 0x000002177bc14e10 Thread added: 0x000002171d4f5300
Event: 0.084 Thread 0x000002177bc14e10 Thread added: 0x000002171d4f20c0
Event: 0.084 Thread 0x000002171d4f5300 Thread added: 0x000002171d4f2b60
Event: 0.585 Thread 0x000002177bc14e10 Thread added: 0x000002171d4a73b0


Dynamic libraries:
0x00007ff782ec0000 - 0x00007ff782ece000 	C:\Users\tranp\.jdks\openjdk-22.0.2\bin\java.exe
0x00007ffc89430000 - 0x00007ffc89647000 	C:\WINDOWS\SYSTEM32\ntdll.dll
0x00007ffc874e0000 - 0x00007ffc875a4000 	C:\WINDOWS\System32\KERNEL32.DLL
0x00007ffc86bd0000 - 0x00007ffc86f7d000 	C:\WINDOWS\System32\KERNELBASE.dll
0x00007ffc869f0000 - 0x00007ffc86b01000 	C:\WINDOWS\System32\ucrtbase.dll
0x00007ffc79ce0000 - 0x00007ffc79cfb000 	C:\Users\tranp\.jdks\openjdk-22.0.2\bin\VCRUNTIME140.dll
0x00007ffc808d0000 - 0x00007ffc808e7000 	C:\Users\tranp\.jdks\openjdk-22.0.2\bin\jli.dll
0x00007ffc88df0000 - 0x00007ffc88f9e000 	C:\WINDOWS\System32\USER32.dll
0x00007ffc86870000 - 0x00007ffc86896000 	C:\WINDOWS\System32\win32u.dll
0x00007ffc60a10000 - 0x00007ffc60ca3000 	C:\WINDOWS\WinSxS\amd64_microsoft.windows.common-controls_6595b64144ccf1df_6.0.22621.3672_none_2713b9d173822955\COMCTL32.dll
0x00007ffc875d0000 - 0x00007ffc875f9000 	C:\WINDOWS\System32\GDI32.dll
0x00007ffc87430000 - 0x00007ffc874d7000 	C:\WINDOWS\System32\msvcrt.dll
0x00007ffc86750000 - 0x00007ffc86869000 	C:\WINDOWS\System32\gdi32full.dll
0x00007ffc868d0000 - 0x00007ffc8696a000 	C:\WINDOWS\System32\msvcp_win.dll
0x00007ffc88fa0000 - 0x00007ffc88fd1000 	C:\WINDOWS\System32\IMM32.DLL
0x00007ffc7e070000 - 0x00007ffc7e07c000 	C:\Users\tranp\.jdks\openjdk-22.0.2\bin\vcruntime140_1.dll
0x00007ffc66de0000 - 0x00007ffc66e6e000 	C:\Users\tranp\.jdks\openjdk-22.0.2\bin\msvcp140.dll
0x00007ffc07140000 - 0x00007ffc07e89000 	C:\Users\tranp\.jdks\openjdk-22.0.2\bin\server\jvm.dll
0x00007ffc88790000 - 0x00007ffc88842000 	C:\WINDOWS\System32\ADVAPI32.dll
0x00007ffc87760000 - 0x00007ffc87809000 	C:\WINDOWS\System32\sechost.dll
0x00007ffc868a0000 - 0x00007ffc868c8000 	C:\WINDOWS\System32\bcrypt.dll
0x00007ffc88cd0000 - 0x00007ffc88de4000 	C:\WINDOWS\System32\RPCRT4.dll
0x00007ffc89370000 - 0x00007ffc893e1000 	C:\WINDOWS\System32\WS2_32.dll
0x00007ffc86470000 - 0x00007ffc864bd000 	C:\WINDOWS\SYSTEM32\POWRPROF.dll
0x00007ffc807f0000 - 0x00007ffc80824000 	C:\WINDOWS\SYSTEM32\WINMM.dll
0x00007ffc80490000 - 0x00007ffc8049a000 	C:\WINDOWS\SYSTEM32\VERSION.dll
0x00007ffc86420000 - 0x00007ffc86433000 	C:\WINDOWS\SYSTEM32\UMPDC.dll
0x00007ffc85760000 - 0x00007ffc85778000 	C:\WINDOWS\SYSTEM32\kernel.appcore.dll
0x00007ffc7cd30000 - 0x00007ffc7cd3a000 	C:\Users\tranp\.jdks\openjdk-22.0.2\bin\jimage.dll
0x00007ffc83b10000 - 0x00007ffc83d42000 	C:\WINDOWS\SYSTEM32\DBGHELP.DLL
0x00007ffc878e0000 - 0x00007ffc87c6e000 	C:\WINDOWS\System32\combase.dll
0x00007ffc89230000 - 0x00007ffc89307000 	C:\WINDOWS\System32\OLEAUT32.dll
0x00007ffc59c30000 - 0x00007ffc59c62000 	C:\WINDOWS\SYSTEM32\dbgcore.DLL
0x00007ffc86970000 - 0x00007ffc869eb000 	C:\WINDOWS\System32\bcryptPrimitives.dll
0x00007ffc71770000 - 0x00007ffc717ac000 	C:\Users\tranp\.jdks\openjdk-22.0.2\bin\jdwp.dll
0x00007ffc79610000 - 0x00007ffc7961f000 	C:\Users\tranp\.jdks\openjdk-22.0.2\bin\instrument.dll
0x00007ffc79cc0000 - 0x00007ffc79cde000 	C:\Users\tranp\.jdks\openjdk-22.0.2\bin\java.dll
0x00007ffc87e20000 - 0x00007ffc88687000 	C:\WINDOWS\System32\SHELL32.dll
0x00007ffc87c70000 - 0x00007ffc87e15000 	C:\WINDOWS\System32\ole32.dll
0x00007ffc79970000 - 0x00007ffc79987000 	C:\Users\tranp\.jdks\openjdk-22.0.2\bin\zip.dll
0x00007ffc84680000 - 0x00007ffc84f7f000 	C:\WINDOWS\SYSTEM32\windows.storage.dll
0x00007ffc84540000 - 0x00007ffc8467f000 	C:\WINDOWS\SYSTEM32\wintypes.dll
0x00007ffc87160000 - 0x00007ffc87259000 	C:\WINDOWS\System32\SHCORE.dll
0x00007ffc87870000 - 0x00007ffc878ce000 	C:\WINDOWS\System32\shlwapi.dll
0x00007ffc86680000 - 0x00007ffc866a7000 	C:\WINDOWS\SYSTEM32\profapi.dll
0x00007ffc66750000 - 0x00007ffc66827000 	C:\Users\tranp\.jdks\openjdk-22.0.2\bin\jsvml.dll
0x00007ffc6fde0000 - 0x00007ffc6fdec000 	C:\Users\tranp\.jdks\openjdk-22.0.2\bin\dt_socket.dll
0x00007ffc851e0000 - 0x00007ffc8520d000 	C:\WINDOWS\SYSTEM32\IPHLPAPI.DLL
0x00007ffc85bc0000 - 0x00007ffc85c29000 	C:\WINDOWS\system32\mswsock.dll
0x00007ffc7a230000 - 0x00007ffc7a240000 	C:\Users\tranp\.jdks\openjdk-22.0.2\bin\net.dll
0x00007ffc79ca0000 - 0x00007ffc79cb6000 	C:\Users\tranp\.jdks\openjdk-22.0.2\bin\nio.dll
0x00007ffc66180000 - 0x00007ffc661f5000 	C:\Users\tranp\AppData\Local\Temp\lwjgltranp\3.3.1-build-7\lwjgl.dll
0x00007ffc666e0000 - 0x00007ffc66741000 	C:\Users\tranp\AppData\Local\Temp\lwjgltranp\3.3.1-build-7\glfw.dll

dbghelp: loaded successfully - version: 4.0.5 - missing functions: none
symbol engine: initialized successfully - sym options: 0x614 - pdb path: .;C:\Users\tranp\.jdks\openjdk-22.0.2\bin;C:\WINDOWS\SYSTEM32;C:\WINDOWS\WinSxS\amd64_microsoft.windows.common-controls_6595b64144ccf1df_6.0.22621.3672_none_2713b9d173822955;C:\Users\tranp\.jdks\openjdk-22.0.2\bin\server;C:\Users\tranp\AppData\Local\Temp\lwjgltranp\3.3.1-build-7

VM Arguments:
jvm_args: -agentlib:jdwp=transport=dt_socket,address=127.0.0.1:54385,suspend=y,server=n -javaagent:C:\Users\tranp\AppData\Local\JetBrains\IdeaIC2024.1\captureAgent\debugger-agent.jar -Dfile.encoding=UTF-8 -Dsun.stdout.encoding=UTF-8 -Dsun.stderr.encoding=UTF-8 
java_command: ShadowTaxi
java_class_path (initial): C:\Users\tranp\IdeaProjects\Prj2B\phuongtrangt-project-2\target\classes;C:\Users\tranp\.m2\repository\org\lwjgl\lwjgl\3.3.1\lwjgl-3.3.1.jar;C:\Users\tranp\.m2\repository\org\lwjgl\lwjgl-assimp\3.3.1\lwjgl-assimp-3.3.1.jar;C:\Users\tranp\.m2\repository\org\lwjgl\lwjgl-glfw\3.3.1\lwjgl-glfw-3.3.1.jar;C:\Users\tranp\.m2\repository\org\lwjgl\lwjgl-openal\3.3.1\lwjgl-openal-3.3.1.jar;C:\Users\tranp\.m2\repository\org\lwjgl\lwjgl-opengl\3.3.1\lwjgl-opengl-3.3.1.jar;C:\Users\tranp\.m2\repository\org\lwjgl\lwjgl-stb\3.3.1\lwjgl-stb-3.3.1.jar;C:\Users\tranp\.m2\repository\org\lwjgl\lwjgl\3.3.1\lwjgl-3.3.1-natives-windows.jar;C:\Users\tranp\.m2\repository\org\lwjgl\lwjgl-assimp\3.3.1\lwjgl-assimp-3.3.1-natives-windows.jar;C:\Users\tranp\.m2\repository\org\lwjgl\lwjgl-glfw\3.3.1\lwjgl-glfw-3.3.1-natives-windows.jar;C:\Users\tranp\.m2\repository\org\lwjgl\lwjgl-openal\3.3.1\lwjgl-openal-3.3.1-natives-windows.jar;C:\Users\tranp\.m2\repository\org\lwjgl\lwjgl-opengl\3.3.1\lwjgl-opengl-3.3.1-natives-windows.jar;C:\Users\tranp\.m2\repository\org\lwjgl\lwjgl-stb\3.3.1\lwjgl-stb-3.3.1-natives-windows.jar;C:\Users\tranp\.m2\repository\io\github\eleanor-em\bagel\1.9.3\bagel-1.9.3.jar;D:\1. Melbourne Uni\F. Di hoc cung Neo\sem2 2024\Object Oriented thing(JAVA)\IntelliJ IDEA Community Edition 2024.1.4\lib\idea_rt.jar
Launcher Type: SUN_STANDARD

[Global flags]
     intx CICompilerCount                          = 4                                         {product} {ergonomic}
     uint ConcGCThreads                            = 2                                         {product} {ergonomic}
     uint G1ConcRefinementThreads                  = 8                                         {product} {ergonomic}
   size_t G1HeapRegionSize                         = 2097152                                   {product} {ergonomic}
   size_t InitialHeapSize                          = 264241152                                 {product} {ergonomic}
   size_t MarkStackSize                            = 4194304                                   {product} {ergonomic}
   size_t MaxHeapSize                              = 4219469824                                {product} {ergonomic}
   size_t MaxNewSize                               = 2531262464                                {product} {ergonomic}
   size_t MinHeapDeltaBytes                        = 2097152                                   {product} {ergonomic}
   size_t MinHeapSize                              = 8388608                                   {product} {ergonomic}
    uintx NonNMethodCodeHeapSize                   = 5839372                                {pd product} {ergonomic}
    uintx NonProfiledCodeHeapSize                  = 122909434                              {pd product} {ergonomic}
    uintx ProfiledCodeHeapSize                     = 122909434                              {pd product} {ergonomic}
    uintx ReservedCodeCacheSize                    = 251658240                              {pd product} {ergonomic}
     bool SegmentedCodeCache                       = true                                      {product} {ergonomic}
   size_t SoftMaxHeapSize                          = 4219469824                             {manageable} {ergonomic}
     bool UseCompressedOops                        = true                           {product lp64_product} {ergonomic}
     bool UseG1GC                                  = true                                      {product} {ergonomic}
     bool UseLargePagesIndividualAllocation        = false                                  {pd product} {ergonomic}

Logging:
Log output configuration:
 #0: stdout all=warning uptime,level,tags foldmultilines=false
 #1: stderr all=off uptime,level,tags foldmultilines=false

Environment Variables:
PATH=C:\WINDOWS\system32;C:\WINDOWS;C:\WINDOWS\System32\Wbem;C:\WINDOWS\System32\WindowsPowerShell\v1.0\;C:\WINDOWS\System32\OpenSSH\;D:\1. Melbourne Uni\F. Di hoc cung Neo\sem2 2024\Object Oriented thing(JAVA)\Git\cmd;C:\Users\tranp\AppData\Local\Programs\Python\Launcher\;C:\Users\tranp\AppData\Local\Microsoft\WindowsApps;D:\10. Software\Microsoft VS Code\bin
USERNAME=tranp
OS=Windows_NT
PROCESSOR_IDENTIFIER=Intel64 Family 6 Model 140 Stepping 1, GenuineIntel
TMP=C:\Users\tranp\AppData\Local\Temp
TEMP=C:\Users\tranp\AppData\Local\Temp




Periodic native trim disabled

---------------  S Y S T E M  ---------------

OS:
 Windows 11 , 64 bit Build 22621 (10.0.22621.3958)
OS uptime: 21 days 12:35 hours
Hyper-V role detected

CPU: total 8 (initial active 8) (4 cores per cpu, 2 threads per core) family 6 model 140 stepping 1 microcode 0xb8, cx8, cmov, fxsr, ht, mmx, 3dnowpref, sse, sse2, sse3, ssse3, sse4.1, sse4.2, popcnt, lzcnt, tsc, tscinvbit, avx, avx2, aes, erms, clmul, bmi1, bmi2, adx, avx512f, avx512dq, avx512cd, avx512bw, avx512vl, sha, fma, vzeroupper, avx512_vpopcntdq, avx512_vpclmulqdq, avx512_vaes, avx512_vnni, clflush, clflushopt, clwb, avx512_vbmi2, avx512_vbmi, hv, rdtscp, rdpid, fsrm, gfni, avx512_bitalg, f16c, cet_ibt, cet_ss, avx512_ifma
Processor Information for all 8 processors :
  Max Mhz: 2995, Current Mhz: 2995, Mhz Limit: 2995

Memory: 4k page, system-wide physical 16090M (2463M free)
TotalPageFile size 21975M (AvailPageFile size 2507M)
current process WorkingSet (physical memory assigned to process): 49M, peak: 49M
current process commit charge ("private bytes"): 341M, peak: 341M

vm_info: OpenJDK 64-Bit Server VM (22.0.2+9-70) for windows-amd64 JRE (22.0.2+9-70), built on 2024-06-04T16:52:23Z by "mach5one" with MS VC++ 17.6 (VS2022)

END.
