#
# A fatal error has been detected by the Java Runtime Environment:
#
#  EXCEPTION_ACCESS_VIOLATION (0xc0000005) at pc=0x00007ff893686918, pid=13104, tid=13260
#
# JRE version: OpenJDK Runtime Environment (22.0.2+9) (build 22.0.2+9-70)
# Java VM: OpenJDK 64-Bit Server VM (22.0.2+9-70, mixed mode, sharing, tiered, compressed oops, compressed class ptrs, g1 gc, windows-amd64)
# Problematic frame:
# C  [jdwp.dll+0x26918]
#
# No core dump will be written. Minidumps are not enabled by default on client versions of Windows
#
# If you would like to submit a bug report, please visit:
#   https://bugreport.java.com/bugreport/crash.jsp
# The crash happened outside the Java Virtual Machine in native code.
# See problematic frame for where to report the bug.
#

---------------  S U M M A R Y ------------

Command Line: -agentlib:jdwp=transport=dt_socket,address=127.0.0.1:57105,suspend=y,server=n -javaagent:C:\Users\tranp\AppData\Local\JetBrains\IdeaIC2024.1\captureAgent\debugger-agent.jar -Dfile.encoding=UTF-8 -Dsun.stdout.encoding=UTF-8 -Dsun.stderr.encoding=UTF-8 ShadowTaxi

Host: 11th Gen Intel(R) Core(TM) i7-1185G7 @ 3.00GHz, 8 cores, 15G,  Windows 11 , 64 bit Build 22621 (10.0.22621.3958)
Time: Sat Oct 12 13:16:16 2024 SE Asia Standard Time elapsed time: 0.726737 seconds (0d 0h 0m 0s)

---------------  T H R E A D  ---------------

Current thread (0x000001d8f3b23570):  JavaThread "main"             [_thread_in_native, id=13260, stack(0x0000000d04c00000,0x0000000d04d00000) (1024K)]

Stack: [0x0000000d04c00000,0x0000000d04d00000],  sp=0x0000000d04cfe6e8,  free space=1017k
Native frames: (J=compiled Java code, j=interpreted, Vv=VM code, C=native code)
C  [jdwp.dll+0x26918]  (no source info available)
C  [jdwp.dll+0x161bf]  (no source info available)
C  [jdwp.dll+0x1283f]  (no source info available)
V  [jvm.dll+0x5a04e7]  (no source info available)
V  [jvm.dll+0x3c9000]  (no source info available)
V  [jvm.dll+0x3c7c5c]  (no source info available)
V  [jvm.dll+0x3c7bf8]  (no source info available)
V  [jvm.dll+0x5ea63b]  (no source info available)
V  [jvm.dll+0x5ea6f3]  (no source info available)
V  [jvm.dll+0x3dd76a]  (no source info available)
V  [jvm.dll+0x3dd1f0]  (no source info available)
C  0x000001d88754fe31  (no source info available)

The last pc belongs to getstatic (printed below).
Java frames: (J=compiled Java code, j=interpreted, Vv=VM code)
j  org.lwjgl.glfw.GLFW.glfwInit()Z+0
j  bagel.AbstractGame.<clinit>()V+19
v  ~StubRoutines::call_stub 0x000001d88753100d

siginfo: EXCEPTION_ACCESS_VIOLATION (0xc0000005), reading address 0xffffffffffffffff


Registers:
RAX=0x000001d8da2f5670, RBX=0x000001d8ffcc0c10, RCX=0x000001d8f3b23930, RDX=0x000001d8ffcc0c10
RSP=0x0000000d04cfe6e8, RBP=0x0000000000000002, RSI=0x0000000d04cfe790, RDI=0x000001d8f3b23930
R8 =0x0000000000010002, R9 =0x0000000000000000, R10=0x00007ff89fa80000, R11=0x0000000d04cfe6b8
R12=0x0000000000000007, R13=0x000001d8ffcc0c10, R14=0x00007ff893690400, R15=0x0000000000000000
RIP=0x00007ff893686918, EFLAGS=0x0000000000010202


Register to memory mapping:

RAX=0x000001d8da2f5670 points into unknown readable memory: 0x0000000000000000 | 00 00 00 00 00 00 00 00
RBX=0x000001d8ffcc0c10 points into unknown readable memory: 0x0000000714209b38 | 38 9b 20 14 07 00 00 00
RCX=0x000001d8f3b23930 points into unknown readable memory: 0x000001d8da2f5670 | 70 56 2f da d8 01 00 00
RDX=0x000001d8ffcc0c10 points into unknown readable memory: 0x0000000714209b38 | 38 9b 20 14 07 00 00 00
RSP=0x0000000d04cfe6e8 is pointing into the stack for thread: 0x000001d8f3b23570
RBP=0x0000000000000002 is an unknown value
RSI=0x0000000d04cfe790 is pointing into the stack for thread: 0x000001d8f3b23570
RDI=0x000001d8f3b23930 points into unknown readable memory: 0x000001d8da2f5670 | 70 56 2f da d8 01 00 00
R8 =0x0000000000010002 is an unknown value
R9 =0x0 is null
R10=0x00007ff89fa80000 VCRUNTIME140.dll
R11=0x0000000d04cfe6b8 is pointing into the stack for thread: 0x000001d8f3b23570
R12=0x0000000000000007 is an unknown value
R13=0x000001d8ffcc0c10 points into unknown readable memory: 0x0000000714209b38 | 38 9b 20 14 07 00 00 00
R14=0x00007ff893690400 jdwp.dll
R15=0x0 is null

Top of Stack: (sp=0x0000000d04cfe6e8)
0x0000000d04cfe6e8:   00007ff8936761bf 000001d8ffcc0c10
0x0000000d04cfe6f8:   0000000d04cfe790 0000000000000000
0x0000000d04cfe708:   0000000000000000 0000000200000007
0x0000000d04cfe718:   000001d8da06fa10 000001d8f3b0fb80
0x0000000d04cfe728:   00007ff893690428 000001d8f3b23b50
0x0000000d04cfe738:   00007ff89367283f 000001d8ffcc0c10
0x0000000d04cfe748:   0000000000000002 000001d8f3b23930
0x0000000d04cfe758:   000001d8ffcc0c18 0000000d04cfe950
0x0000000d04cfe768:   000001d8ffb5b248 00000005da220100
0x0000000d04cfe778:   000001d896015358 0000000000000000
0x0000000d04cfe788:   0000000bffffffff 0000000000000007
0x0000000d04cfe798:   000001d8ffcc0c10 0000000000000000
0x0000000d04cfe7a8:   000001d8ffcc0c18 0000000000000000
0x0000000d04cfe7b8:   0000000000000000 0000000000000000
0x0000000d04cfe7c8:   0000000000000000 0000000000000000
0x0000000d04cfe7d8:   0000000000000000 0000000000000000
0x0000000d04cfe7e8:   000001d8f3b23b50 000001d896015358
0x0000000d04cfe7f8:   00007ff8353e04e7 000001d8ffcc0c18
0x0000000d04cfe808:   000001d8da1c8f40 000001d8f3b23570
0x0000000d04cfe818:   00007ff8350d5c22 0000ea8969d816f0
0x0000000d04cfe828:   000001d8f5c57650 000001d896015358
0x0000000d04cfe838:   0000000000000001 0000000d04cfe8d0
0x0000000d04cfe848:   00007ff8350d24d0 000001d896015358
0x0000000d04cfe858:   0000000000000000 000001d8f3b8fed0
0x0000000d04cfe868:   000001d8f3b23be0 000001d8f3b23bf0
0x0000000d04cfe878:   000001d8f3b23fc8 00000000000003d8
0x0000000d04cfe888:   000001d8f3b23570 000001d8f3b23570
0x0000000d04cfe898:   000001d8f3b8f3d0 000001d8f3b23fd0
0x0000000d04cfe8a8:   000001d8f3b23fe0 000001d8f3b240b8
0x0000000d04cfe8b8:   00000000000000d8 0000000d04cfe8d0
0x0000000d04cfe8c8:   00007ff8350cc758 000001d8f3b23570
0x0000000d04cfe8d8:   000001d8f3b8f3d0 000001d8f3b23fd0 

Instructions: (pc=0x00007ff893686918)
0x00007ff893686818:   05 d3 08 01 00 48 8b 03 48 8b d7 4d 8b 40 30 48
0x00007ff893686828:   8b cb 48 8b 5c 24 30 48 83 c4 20 5f 48 ff a0 00
0x00007ff893686838:   01 00 00 cc 48 89 5c 24 08 57 48 83 ec 20 48 8b
0x00007ff893686848:   f9 e8 f2 ea ff ff 4c 8b 05 9b 08 01 00 48 8b d8
0x00007ff893686858:   41 f6 80 10 02 00 00 02 74 33 41 b8 20 06 00 00
0x00007ff893686868:   48 8d 15 19 c4 00 00 48 8d 0d 4e 5b 00 00 e8 d9
0x00007ff893686878:   48 ff ff 48 8d 15 56 9a 00 00 48 8d 0d 4f 5b 00
0x00007ff893686888:   00 e8 6e 49 ff ff 4c 8b 05 5b 08 01 00 48 8b 03
0x00007ff893686898:   48 8b d7 4d 8b 40 38 48 8b cb 48 8b 5c 24 30 48
0x00007ff8936868a8:   83 c4 20 5f 48 ff a0 00 01 00 00 cc 48 89 5c 24
0x00007ff8936868b8:   08 57 48 83 ec 20 48 8b f9 e8 7a ea ff ff 48 8b
0x00007ff8936868c8:   15 23 08 01 00 48 8b d8 f6 82 10 02 00 00 02 74
0x00007ff8936868d8:   2c 41 b8 12 06 00 00 48 8d 15 a2 c3 00 00 48 8d
0x00007ff8936868e8:   0d d7 5a 00 00 e8 62 48 ff ff 48 8d 15 27 6b 00
0x00007ff8936868f8:   00 48 8d 0d d8 5a 00 00 e8 f7 48 ff ff 48 8b 03
0x00007ff893686908:   48 8b d7 48 8b cb 48 8b 5c 24 30 48 83 c4 20 5f
0x00007ff893686918:   48 ff a0 50 07 00 00 cc 48 89 5c 24 08 48 89 74
0x00007ff893686928:   24 10 48 89 7c 24 18 41 56 48 83 ec 20 4c 63 f2
0x00007ff893686938:   49 8b d8 48 8b d1 41 8b f9 48 8b cb 4d 8d 46 ff
0x00007ff893686948:   ff 15 22 59 00 00 85 c0 75 3c 41 0f be 44 1e ff
0x00007ff893686958:   3b c7 75 32 49 03 de eb 10 0f be c8 ff 15 f6 58
0x00007ff893686968:   00 00 85 c0 74 09 48 ff c3 8a 03 84 c0 75 ea 80
0x00007ff893686978:   3b 3b 74 12 8b d7 48 8b cb e8 2c 4b 00 00 48 85
0x00007ff893686988:   c0 0f 94 c0 eb 02 32 c0 48 8b 5c 24 30 48 8b 74
0x00007ff893686998:   24 38 48 8b 7c 24 40 48 83 c4 20 41 5e c3 cc cc
0x00007ff8936869a8:   0f b6 d1 83 fa 1e 0f 87 83 00 00 00 74 7b 83 fa
0x00007ff8936869b8:   07 77 41 74 39 83 ea 01 74 2e 83 ea 01 74 23 83
0x00007ff8936869c8:   ea 01 74 18 83 ea 01 74 0d 83 fa 02 0f 85 8a 00
0x00007ff8936869d8:   00 00 8d 42 03 c3 b8 04 00 00 00 c3 b8 03 00 00
0x00007ff8936869e8:   00 c3 b8 02 00 00 00 c3 b8 01 00 00 00 c3 b8 06
0x00007ff8936869f8:   00 00 00 c3 b8 08 00 00 00 2b d0 74 26 83 ea 01
0x00007ff893686a08:   0f 84 88 00 00 00 83 ea 01 74 12 b8 0a 00 00 00 


Stack slot to memory mapping:

stack at sp + 0 slots: 0x00007ff8936761bf jdwp.dll
stack at sp + 1 slots: 0x000001d8ffcc0c10 points into unknown readable memory: 0x0000000714209b38 | 38 9b 20 14 07 00 00 00
stack at sp + 2 slots: 0x0000000d04cfe790 is pointing into the stack for thread: 0x000001d8f3b23570
stack at sp + 3 slots: 0x0 is null
stack at sp + 4 slots: 0x0 is null
stack at sp + 5 slots: 0x0000000200000007 is an unknown value
stack at sp + 6 slots: 0x000001d8da06fa10 points into unknown readable memory: 0x000001d887ad0a10 | 10 0a ad 87 d8 01 00 00
stack at sp + 7 slots: 0x000001d8f3b0fb80 points into unknown readable memory: 0x8000001200000001 | 01 00 00 00 12 00 00 80

getstatic  178 getstatic  [0x000001d88754fd80, 0x000001d8875501d8]  1112 bytes
[MachCode]
  0x000001d88754fd80: 4883 ec08 | c5fa 1104 | 24eb 1f48 | 83ec 10c5 | fb11 0424 | eb14 4883 | ec10 4889 | 0424 48c7 
  0x000001d88754fda0: 4424 0800 | 0000 00eb | 0150 488b | 4dd0 410f | b755 0148 | 8b49 286b | d218 488d | 4c11 080f 
  0x000001d88754fdc0: b659 1281 | fbb2 0000 | 000f 8474 | 0100 00bb | b200 0000 | e805 0000 | 00e9 5001 | 0000 488b 
  0x000001d88754fde0: d348 8d44 | 2408 4c89 | 6dc0 498b | cfc5 f877 | 4989 afb0 | 0300 0049 | 8987 a003 | 0000 4883 
  0x000001d88754fe00: ec20 40f6 | c40f 0f84 | 1900 0000 | 4883 ec08 | 48b8 90d1 | 2135 f87f | 0000 ffd0 | 4883 c408 
  0x000001d88754fe20: e90c 0000 | 0048 b890 | d121 35f8 | 7f00 00ff | d048 83c4 | 2049 c787 | a003 0000 | 0000 0000 
  0x000001d88754fe40: 49c7 87b0 | 0300 0000 | 0000 0049 | c787 a803 | 0000 0000 | 0000 c5f8 | 7741 8b8f | 3405 0000 
  0x000001d88754fe60: f6c1 010f | 8442 0000 | 00f6 c102 | 0f85 3900 | 0000 4883 | ec20 40f6 | c40f 0f84 | 1900 0000 
  0x000001d88754fe80: 4883 ec08 | 48b8 c07b | 2135 f87f | 0000 ffd0 | 4883 c408 | e90c 0000 | 0048 b8c0 | 7b21 35f8 
  0x000001d88754fea0: 7f00 00ff | d048 83c4 | 20ff e049 | 8b8f e005 | 0000 4885 | c90f 8455 | 0000 008b | 899c 0000 
  0x000001d88754fec0: 0083 f901 | 0f85 4600 | 0000 498b | 8fe0 0500 | 008b 89a0 | 0000 0048 | 83ec 2040 | f6c4 0f0f 
  0x000001d88754fee0: 8419 0000 | 0048 83ec | 0848 b8b0 | 7b21 35f8 | 7f00 00ff | d048 83c4 | 08e9 0c00 | 0000 48b8 
  0x000001d88754ff00: b07b 2135 | f87f 0000 | ffd0 4883 | c420 ffe0 | 4983 7f08 | 000f 8405 | 0000 00e9 | e00f feff 
  0x000001d88754ff20: 4c8b 6dc0 | 4c8b 75c8 | 4e8d 74f5 | 00c3 488b | 4dd0 410f | b755 0148 | 8b49 286b | d218 488d 
  0x000001d88754ff40: 4c11 0848 | b8a0 a1a9 | 35f8 7f00 | 008b 0085 | c00f 848a | 0100 0048 | 8b4d d041 | 0fb7 5501 
  0x000001d88754ff60: 488b 4928 | 6bd2 1848 | 8d4c 1108 | 4833 c0e8 | 0500 0000 | e953 0100 | 004c 8bc1 | 488b d048 
  0x000001d88754ff80: 8d44 2408 | 4c89 6dc0 | 498b cfc5 | f877 4989 | afb0 0300 | 0049 8987 | a003 0000 | 4883 ec20 
  0x000001d88754ffa0: 40f6 c40f | 0f84 1900 | 0000 4883 | ec08 48b8 | f0c6 2135 | f87f 0000 | ffd0 4883 | c408 e90c 
  0x000001d88754ffc0: 0000 0048 | b8f0 c621 | 35f8 7f00 | 00ff d048 | 83c4 2049 | c787 a003 | 0000 0000 | 0000 49c7 
  0x000001d88754ffe0: 87b0 0300 | 0000 0000 | 0049 c787 | a803 0000 | 0000 0000 | c5f8 7741 | 8b8f 3405 | 0000 f6c1 
  0x000001d887550000: 010f 8442 | 0000 00f6 | c102 0f85 | 3900 0000 | 4883 ec20 | 40f6 c40f | 0f84 1900 | 0000 4883 
  0x000001d887550020: ec08 48b8 | c07b 2135 | f87f 0000 | ffd0 4883 | c408 e90c | 0000 0048 | b8c0 7b21 | 35f8 7f00 
  0x000001d887550040: 00ff d048 | 83c4 20ff | e049 8b8f | e005 0000 | 4885 c90f | 8455 0000 | 008b 899c | 0000 0083 
  0x000001d887550060: f901 0f85 | 4600 0000 | 498b 8fe0 | 0500 008b | 89a0 0000 | 0048 83ec | 2040 f6c4 | 0f0f 8419 
  0x000001d887550080: 0000 0048 | 83ec 0848 | b8b0 7b21 | 35f8 7f00 | 00ff d048 | 83c4 08e9 | 0c00 0000 | 48b8 b07b 
  0x000001d8875500a0: 2135 f87f | 0000 ffd0 | 4883 c420 | ffe0 4983 | 7f08 000f | 8405 0000 | 00e9 420e | feff 4c8b 
  0x000001d8875500c0: 6dc0 4c8b | 75c8 4e8d | 74f5 00c3 | 488b 4dd0 | 410f b755 | 0148 8b49 | 286b d218 | 488d 4c11 
  0x000001d8875500e0: 088b 5908 | 0fb6 5111 | 0fb6 4110 | 4c8b 094d | 8b49 704d | 8b09 85c0 | 0f85 0b00 | 0000 410f 
  0x000001d887550100: be04 1950 | e9b5 0000 | 0083 f801 | 0f85 0b00 | 0000 410f | b604 1950 | e9a1 0000 | 0083 f808 
  0x000001d887550120: 0f85 0e00 | 0000 418b | 0419 48c1 | e003 50e9 | 8a00 0000 | 83f8 040f | 850a 0000 | 0041 8b04 
  0x000001d887550140: 1950 e977 | 0000 0083 | f802 0f85 | 0b00 0000 | 410f b704 | 1950 e963 | 0000 0083 | f803 0f85 
  0x000001d887550160: 0b00 0000 | 410f bf04 | 1950 e94f | 0000 0083 | f805 0f85 | 1a00 0000 | 498b 0419 | 4883 ec10 
  0x000001d887550180: 4889 0424 | 48c7 4424 | 0800 0000 | 00e9 2c00 | 0000 83f8 | 060f 8514 | 0000 00c4 | c17a 1004 
  0x000001d8875501a0: 1948 83ec | 08c5 fa11 | 0424 e90f | 0000 00c4 | c17b 1004 | 1948 83ec | 10c5 fb11 | 0424 410f 
  0x000001d8875501c0: b65d 0349 | 83c5 0349 | ba30 11ac | 35f8 7f00 | 0041 ff24 | da66 6690 
[/MachCode]

---------------  P R O C E S S  ---------------

Threads class SMR info:
_java_thread_list=0x000001d8ffcde1b0, length=14, elements={
0x000001d8f3b23570, 0x000001d8ffcd8690, 0x000001d8ffcd94a0, 0x000001d8ffce2270,
0x000001d8ffce3380, 0x000001d8ffce3ed0, 0x000001d8ffceca30, 0x000001d8ffced9e0,
0x000001d8ffcf1ee0, 0x000001d8da0b4b30, 0x000001d8da303690, 0x000001d8da3185f0,
0x000001d8da303de0, 0x000001d8da2c3450
}

Java Threads: ( => current thread )
=>0x000001d8f3b23570 JavaThread "main"                              [_thread_in_native, id=13260, stack(0x0000000d04c00000,0x0000000d04d00000) (1024K)]
  0x000001d8ffcd8690 JavaThread "Reference Handler"          daemon [_thread_blocked, id=19080, stack(0x0000000d05400000,0x0000000d05500000) (1024K)]
  0x000001d8ffcd94a0 JavaThread "Finalizer"                  daemon [_thread_blocked, id=21296, stack(0x0000000d05500000,0x0000000d05600000) (1024K)]
  0x000001d8ffce2270 JavaThread "Signal Dispatcher"          daemon [_thread_blocked, id=9696, stack(0x0000000d05600000,0x0000000d05700000) (1024K)]
  0x000001d8ffce3380 JavaThread "Attach Listener"            daemon [_thread_blocked, id=19116, stack(0x0000000d05700000,0x0000000d05800000) (1024K)]
  0x000001d8ffce3ed0 JavaThread "Service Thread"             daemon [_thread_blocked, id=704, stack(0x0000000d05800000,0x0000000d05900000) (1024K)]
  0x000001d8ffceca30 JavaThread "Monitor Deflation Thread"   daemon [_thread_blocked, id=23168, stack(0x0000000d05900000,0x0000000d05a00000) (1024K)]
  0x000001d8ffced9e0 JavaThread "C2 CompilerThread0"         daemon [_thread_blocked, id=12864, stack(0x0000000d05a00000,0x0000000d05b00000) (1024K)]
  0x000001d8ffcf1ee0 JavaThread "C1 CompilerThread0"         daemon [_thread_blocked, id=13520, stack(0x0000000d05b00000,0x0000000d05c00000) (1024K)]
  0x000001d8da0b4b30 JavaThread "Common-Cleaner"             daemon [_thread_blocked, id=2060, stack(0x0000000d05c00000,0x0000000d05d00000) (1024K)]
  0x000001d8da303690 JavaThread "JDWP Transport Listener: dt_socket" daemon [_thread_blocked, id=21016, stack(0x0000000d05e00000,0x0000000d05f00000) (1024K)]
  0x000001d8da3185f0 JavaThread "JDWP Event Helper Thread"   daemon [_thread_blocked, id=19416, stack(0x0000000d05f00000,0x0000000d06000000) (1024K)]
  0x000001d8da303de0 JavaThread "JDWP Command Reader"        daemon [_thread_in_native, id=18100, stack(0x0000000d06000000,0x0000000d06100000) (1024K)]
  0x000001d8da2c3450 JavaThread "Notification Thread"        daemon [_thread_blocked, id=8900, stack(0x0000000d05d00000,0x0000000d05e00000) (1024K)]
Total: 14

Other Threads:
  0x000001d8ffcbfa50 VMThread "VM Thread"                           [id=10284, stack(0x0000000d05300000,0x0000000d05400000) (1024K)]
  0x000001d8ffca6520 WatcherThread "VM Periodic Task Thread"        [id=12792, stack(0x0000000d05200000,0x0000000d05300000) (1024K)]
  0x000001d8f5cc5f60 WorkerThread "GC Thread#0"                     [id=9412, stack(0x0000000d04d00000,0x0000000d04e00000) (1024K)]
  0x000001d8f5cd6c80 ConcurrentGCThread "G1 Main Marker"            [id=6956, stack(0x0000000d04e00000,0x0000000d04f00000) (1024K)]
  0x000001d8f5cd7790 WorkerThread "G1 Conc#0"                       [id=26108, stack(0x0000000d04f00000,0x0000000d05000000) (1024K)]
  0x000001d8ffb761b0 ConcurrentGCThread "G1 Refine#0"               [id=12728, stack(0x0000000d05000000,0x0000000d05100000) (1024K)]
  0x000001d8ffb78850 ConcurrentGCThread "G1 Service"                [id=4156, stack(0x0000000d05100000,0x0000000d05200000) (1024K)]
Total: 7

Threads with active compile tasks:
Total: 0

VM state: not at safepoint (normal execution)

VM Mutex/Monitor currently owned by a thread: None

Heap address: 0x0000000704800000, size: 4024 MB, Compressed Oops mode: Zero based, Oop shift amount: 3

CDS archive(s) mapped at: [0x000001d895000000-0x000001d895c60000-0x000001d895c60000), size 12976128, SharedBaseAddress: 0x000001d895000000, ArchiveRelocationMode: 1.
Compressed class space mapped at: 0x000001d896000000-0x000001d8d6000000, reserved size: 1073741824
Narrow klass base: 0x000001d895000000, Narrow klass shift: 0, Narrow klass range: 0x41000000

GC Precious Log:
 CardTable entry size: 512
 Card Set container configuration: InlinePtr #cards 4 size 8 Array Of Cards #cards 16 size 48 Howl #buckets 8 coarsen threshold 3686 Howl Bitmap #cards 512 size 80 coarsen threshold 460 Card regions per heap region 1 cards per card region 4096
 CPUs: 8 total, 8 available
 Memory: 16090M
 Large Page Support: Disabled
 NUMA Support: Disabled
 Compressed Oops: Enabled (Zero based)
 Heap Region Size: 2M
 Heap Min Capacity: 8M
 Heap Initial Capacity: 252M
 Heap Max Capacity: 4024M
 Pre-touch: Disabled
 Parallel Workers: 8
 Concurrent Workers: 2
 Concurrent Refinement Workers: 8
 Periodic GC: Disabled

Heap:
 garbage-first heap   total reserved 4120576K, committed 258048K, used 8192K [0x0000000704800000, 0x0000000800000000)
  region size 2048K, 5 young (10240K), 0 survivors (0K)
 Metaspace       used 1907K, committed 2112K, reserved 1114112K
  class space    used 150K, committed 256K, reserved 1048576K

Heap Regions: E=young(eden), S=young(survivor), O=old, HS=humongous(starts), HC=humongous(continues), CS=collection set, F=free, TAMS=top-at-mark-start, PB=parsable bottom
|   0|0x0000000704800000, 0x0000000704800000, 0x0000000704a00000|  0%| F|  |TAMS 0x0000000704800000| PB 0x0000000704800000| Untracked |  0
|   1|0x0000000704a00000, 0x0000000704a00000, 0x0000000704c00000|  0%| F|  |TAMS 0x0000000704a00000| PB 0x0000000704a00000| Untracked |  0
|   2|0x0000000704c00000, 0x0000000704c00000, 0x0000000704e00000|  0%| F|  |TAMS 0x0000000704c00000| PB 0x0000000704c00000| Untracked |  0
|   3|0x0000000704e00000, 0x0000000704e00000, 0x0000000705000000|  0%| F|  |TAMS 0x0000000704e00000| PB 0x0000000704e00000| Untracked |  0
|   4|0x0000000705000000, 0x0000000705000000, 0x0000000705200000|  0%| F|  |TAMS 0x0000000705000000| PB 0x0000000705000000| Untracked |  0
|   5|0x0000000705200000, 0x0000000705200000, 0x0000000705400000|  0%| F|  |TAMS 0x0000000705200000| PB 0x0000000705200000| Untracked |  0
|   6|0x0000000705400000, 0x0000000705400000, 0x0000000705600000|  0%| F|  |TAMS 0x0000000705400000| PB 0x0000000705400000| Untracked |  0
|   7|0x0000000705600000, 0x0000000705600000, 0x0000000705800000|  0%| F|  |TAMS 0x0000000705600000| PB 0x0000000705600000| Untracked |  0
|   8|0x0000000705800000, 0x0000000705800000, 0x0000000705a00000|  0%| F|  |TAMS 0x0000000705800000| PB 0x0000000705800000| Untracked |  0
|   9|0x0000000705a00000, 0x0000000705a00000, 0x0000000705c00000|  0%| F|  |TAMS 0x0000000705a00000| PB 0x0000000705a00000| Untracked |  0
|  10|0x0000000705c00000, 0x0000000705c00000, 0x0000000705e00000|  0%| F|  |TAMS 0x0000000705c00000| PB 0x0000000705c00000| Untracked |  0
|  11|0x0000000705e00000, 0x0000000705e00000, 0x0000000706000000|  0%| F|  |TAMS 0x0000000705e00000| PB 0x0000000705e00000| Untracked |  0
|  12|0x0000000706000000, 0x0000000706000000, 0x0000000706200000|  0%| F|  |TAMS 0x0000000706000000| PB 0x0000000706000000| Untracked |  0
|  13|0x0000000706200000, 0x0000000706200000, 0x0000000706400000|  0%| F|  |TAMS 0x0000000706200000| PB 0x0000000706200000| Untracked |  0
|  14|0x0000000706400000, 0x0000000706400000, 0x0000000706600000|  0%| F|  |TAMS 0x0000000706400000| PB 0x0000000706400000| Untracked |  0
|  15|0x0000000706600000, 0x0000000706600000, 0x0000000706800000|  0%| F|  |TAMS 0x0000000706600000| PB 0x0000000706600000| Untracked |  0
|  16|0x0000000706800000, 0x0000000706800000, 0x0000000706a00000|  0%| F|  |TAMS 0x0000000706800000| PB 0x0000000706800000| Untracked |  0
|  17|0x0000000706a00000, 0x0000000706a00000, 0x0000000706c00000|  0%| F|  |TAMS 0x0000000706a00000| PB 0x0000000706a00000| Untracked |  0
|  18|0x0000000706c00000, 0x0000000706c00000, 0x0000000706e00000|  0%| F|  |TAMS 0x0000000706c00000| PB 0x0000000706c00000| Untracked |  0
|  19|0x0000000706e00000, 0x0000000706e00000, 0x0000000707000000|  0%| F|  |TAMS 0x0000000706e00000| PB 0x0000000706e00000| Untracked |  0
|  20|0x0000000707000000, 0x0000000707000000, 0x0000000707200000|  0%| F|  |TAMS 0x0000000707000000| PB 0x0000000707000000| Untracked |  0
|  21|0x0000000707200000, 0x0000000707200000, 0x0000000707400000|  0%| F|  |TAMS 0x0000000707200000| PB 0x0000000707200000| Untracked |  0
|  22|0x0000000707400000, 0x0000000707400000, 0x0000000707600000|  0%| F|  |TAMS 0x0000000707400000| PB 0x0000000707400000| Untracked |  0
|  23|0x0000000707600000, 0x0000000707600000, 0x0000000707800000|  0%| F|  |TAMS 0x0000000707600000| PB 0x0000000707600000| Untracked |  0
|  24|0x0000000707800000, 0x0000000707800000, 0x0000000707a00000|  0%| F|  |TAMS 0x0000000707800000| PB 0x0000000707800000| Untracked |  0
|  25|0x0000000707a00000, 0x0000000707a00000, 0x0000000707c00000|  0%| F|  |TAMS 0x0000000707a00000| PB 0x0000000707a00000| Untracked |  0
|  26|0x0000000707c00000, 0x0000000707c00000, 0x0000000707e00000|  0%| F|  |TAMS 0x0000000707c00000| PB 0x0000000707c00000| Untracked |  0
|  27|0x0000000707e00000, 0x0000000707e00000, 0x0000000708000000|  0%| F|  |TAMS 0x0000000707e00000| PB 0x0000000707e00000| Untracked |  0
|  28|0x0000000708000000, 0x0000000708000000, 0x0000000708200000|  0%| F|  |TAMS 0x0000000708000000| PB 0x0000000708000000| Untracked |  0
|  29|0x0000000708200000, 0x0000000708200000, 0x0000000708400000|  0%| F|  |TAMS 0x0000000708200000| PB 0x0000000708200000| Untracked |  0
|  30|0x0000000708400000, 0x0000000708400000, 0x0000000708600000|  0%| F|  |TAMS 0x0000000708400000| PB 0x0000000708400000| Untracked |  0
|  31|0x0000000708600000, 0x0000000708600000, 0x0000000708800000|  0%| F|  |TAMS 0x0000000708600000| PB 0x0000000708600000| Untracked |  0
|  32|0x0000000708800000, 0x0000000708800000, 0x0000000708a00000|  0%| F|  |TAMS 0x0000000708800000| PB 0x0000000708800000| Untracked |  0
|  33|0x0000000708a00000, 0x0000000708a00000, 0x0000000708c00000|  0%| F|  |TAMS 0x0000000708a00000| PB 0x0000000708a00000| Untracked |  0
|  34|0x0000000708c00000, 0x0000000708c00000, 0x0000000708e00000|  0%| F|  |TAMS 0x0000000708c00000| PB 0x0000000708c00000| Untracked |  0
|  35|0x0000000708e00000, 0x0000000708e00000, 0x0000000709000000|  0%| F|  |TAMS 0x0000000708e00000| PB 0x0000000708e00000| Untracked |  0
|  36|0x0000000709000000, 0x0000000709000000, 0x0000000709200000|  0%| F|  |TAMS 0x0000000709000000| PB 0x0000000709000000| Untracked |  0
|  37|0x0000000709200000, 0x0000000709200000, 0x0000000709400000|  0%| F|  |TAMS 0x0000000709200000| PB 0x0000000709200000| Untracked |  0
|  38|0x0000000709400000, 0x0000000709400000, 0x0000000709600000|  0%| F|  |TAMS 0x0000000709400000| PB 0x0000000709400000| Untracked |  0
|  39|0x0000000709600000, 0x0000000709600000, 0x0000000709800000|  0%| F|  |TAMS 0x0000000709600000| PB 0x0000000709600000| Untracked |  0
|  40|0x0000000709800000, 0x0000000709800000, 0x0000000709a00000|  0%| F|  |TAMS 0x0000000709800000| PB 0x0000000709800000| Untracked |  0
|  41|0x0000000709a00000, 0x0000000709a00000, 0x0000000709c00000|  0%| F|  |TAMS 0x0000000709a00000| PB 0x0000000709a00000| Untracked |  0
|  42|0x0000000709c00000, 0x0000000709c00000, 0x0000000709e00000|  0%| F|  |TAMS 0x0000000709c00000| PB 0x0000000709c00000| Untracked |  0
|  43|0x0000000709e00000, 0x0000000709e00000, 0x000000070a000000|  0%| F|  |TAMS 0x0000000709e00000| PB 0x0000000709e00000| Untracked |  0
|  44|0x000000070a000000, 0x000000070a000000, 0x000000070a200000|  0%| F|  |TAMS 0x000000070a000000| PB 0x000000070a000000| Untracked |  0
|  45|0x000000070a200000, 0x000000070a200000, 0x000000070a400000|  0%| F|  |TAMS 0x000000070a200000| PB 0x000000070a200000| Untracked |  0
|  46|0x000000070a400000, 0x000000070a400000, 0x000000070a600000|  0%| F|  |TAMS 0x000000070a400000| PB 0x000000070a400000| Untracked |  0
|  47|0x000000070a600000, 0x000000070a600000, 0x000000070a800000|  0%| F|  |TAMS 0x000000070a600000| PB 0x000000070a600000| Untracked |  0
|  48|0x000000070a800000, 0x000000070a800000, 0x000000070aa00000|  0%| F|  |TAMS 0x000000070a800000| PB 0x000000070a800000| Untracked |  0
|  49|0x000000070aa00000, 0x000000070aa00000, 0x000000070ac00000|  0%| F|  |TAMS 0x000000070aa00000| PB 0x000000070aa00000| Untracked |  0
|  50|0x000000070ac00000, 0x000000070ac00000, 0x000000070ae00000|  0%| F|  |TAMS 0x000000070ac00000| PB 0x000000070ac00000| Untracked |  0
|  51|0x000000070ae00000, 0x000000070ae00000, 0x000000070b000000|  0%| F|  |TAMS 0x000000070ae00000| PB 0x000000070ae00000| Untracked |  0
|  52|0x000000070b000000, 0x000000070b000000, 0x000000070b200000|  0%| F|  |TAMS 0x000000070b000000| PB 0x000000070b000000| Untracked |  0
|  53|0x000000070b200000, 0x000000070b200000, 0x000000070b400000|  0%| F|  |TAMS 0x000000070b200000| PB 0x000000070b200000| Untracked |  0
|  54|0x000000070b400000, 0x000000070b400000, 0x000000070b600000|  0%| F|  |TAMS 0x000000070b400000| PB 0x000000070b400000| Untracked |  0
|  55|0x000000070b600000, 0x000000070b600000, 0x000000070b800000|  0%| F|  |TAMS 0x000000070b600000| PB 0x000000070b600000| Untracked |  0
|  56|0x000000070b800000, 0x000000070b800000, 0x000000070ba00000|  0%| F|  |TAMS 0x000000070b800000| PB 0x000000070b800000| Untracked |  0
|  57|0x000000070ba00000, 0x000000070ba00000, 0x000000070bc00000|  0%| F|  |TAMS 0x000000070ba00000| PB 0x000000070ba00000| Untracked |  0
|  58|0x000000070bc00000, 0x000000070bc00000, 0x000000070be00000|  0%| F|  |TAMS 0x000000070bc00000| PB 0x000000070bc00000| Untracked |  0
|  59|0x000000070be00000, 0x000000070be00000, 0x000000070c000000|  0%| F|  |TAMS 0x000000070be00000| PB 0x000000070be00000| Untracked |  0
|  60|0x000000070c000000, 0x000000070c000000, 0x000000070c200000|  0%| F|  |TAMS 0x000000070c000000| PB 0x000000070c000000| Untracked |  0
|  61|0x000000070c200000, 0x000000070c200000, 0x000000070c400000|  0%| F|  |TAMS 0x000000070c200000| PB 0x000000070c200000| Untracked |  0
|  62|0x000000070c400000, 0x000000070c400000, 0x000000070c600000|  0%| F|  |TAMS 0x000000070c400000| PB 0x000000070c400000| Untracked |  0
|  63|0x000000070c600000, 0x000000070c600000, 0x000000070c800000|  0%| F|  |TAMS 0x000000070c600000| PB 0x000000070c600000| Untracked |  0
|  64|0x000000070c800000, 0x000000070c800000, 0x000000070ca00000|  0%| F|  |TAMS 0x000000070c800000| PB 0x000000070c800000| Untracked |  0
|  65|0x000000070ca00000, 0x000000070ca00000, 0x000000070cc00000|  0%| F|  |TAMS 0x000000070ca00000| PB 0x000000070ca00000| Untracked |  0
|  66|0x000000070cc00000, 0x000000070cc00000, 0x000000070ce00000|  0%| F|  |TAMS 0x000000070cc00000| PB 0x000000070cc00000| Untracked |  0
|  67|0x000000070ce00000, 0x000000070ce00000, 0x000000070d000000|  0%| F|  |TAMS 0x000000070ce00000| PB 0x000000070ce00000| Untracked |  0
|  68|0x000000070d000000, 0x000000070d000000, 0x000000070d200000|  0%| F|  |TAMS 0x000000070d000000| PB 0x000000070d000000| Untracked |  0
|  69|0x000000070d200000, 0x000000070d200000, 0x000000070d400000|  0%| F|  |TAMS 0x000000070d200000| PB 0x000000070d200000| Untracked |  0
|  70|0x000000070d400000, 0x000000070d400000, 0x000000070d600000|  0%| F|  |TAMS 0x000000070d400000| PB 0x000000070d400000| Untracked |  0
|  71|0x000000070d600000, 0x000000070d600000, 0x000000070d800000|  0%| F|  |TAMS 0x000000070d600000| PB 0x000000070d600000| Untracked |  0
|  72|0x000000070d800000, 0x000000070d800000, 0x000000070da00000|  0%| F|  |TAMS 0x000000070d800000| PB 0x000000070d800000| Untracked |  0
|  73|0x000000070da00000, 0x000000070da00000, 0x000000070dc00000|  0%| F|  |TAMS 0x000000070da00000| PB 0x000000070da00000| Untracked |  0
|  74|0x000000070dc00000, 0x000000070dc00000, 0x000000070de00000|  0%| F|  |TAMS 0x000000070dc00000| PB 0x000000070dc00000| Untracked |  0
|  75|0x000000070de00000, 0x000000070de00000, 0x000000070e000000|  0%| F|  |TAMS 0x000000070de00000| PB 0x000000070de00000| Untracked |  0
|  76|0x000000070e000000, 0x000000070e000000, 0x000000070e200000|  0%| F|  |TAMS 0x000000070e000000| PB 0x000000070e000000| Untracked |  0
|  77|0x000000070e200000, 0x000000070e200000, 0x000000070e400000|  0%| F|  |TAMS 0x000000070e200000| PB 0x000000070e200000| Untracked |  0
|  78|0x000000070e400000, 0x000000070e400000, 0x000000070e600000|  0%| F|  |TAMS 0x000000070e400000| PB 0x000000070e400000| Untracked |  0
|  79|0x000000070e600000, 0x000000070e600000, 0x000000070e800000|  0%| F|  |TAMS 0x000000070e600000| PB 0x000000070e600000| Untracked |  0
|  80|0x000000070e800000, 0x000000070e800000, 0x000000070ea00000|  0%| F|  |TAMS 0x000000070e800000| PB 0x000000070e800000| Untracked |  0
|  81|0x000000070ea00000, 0x000000070ea00000, 0x000000070ec00000|  0%| F|  |TAMS 0x000000070ea00000| PB 0x000000070ea00000| Untracked |  0
|  82|0x000000070ec00000, 0x000000070ec00000, 0x000000070ee00000|  0%| F|  |TAMS 0x000000070ec00000| PB 0x000000070ec00000| Untracked |  0
|  83|0x000000070ee00000, 0x000000070ee00000, 0x000000070f000000|  0%| F|  |TAMS 0x000000070ee00000| PB 0x000000070ee00000| Untracked |  0
|  84|0x000000070f000000, 0x000000070f000000, 0x000000070f200000|  0%| F|  |TAMS 0x000000070f000000| PB 0x000000070f000000| Untracked |  0
|  85|0x000000070f200000, 0x000000070f200000, 0x000000070f400000|  0%| F|  |TAMS 0x000000070f200000| PB 0x000000070f200000| Untracked |  0
|  86|0x000000070f400000, 0x000000070f400000, 0x000000070f600000|  0%| F|  |TAMS 0x000000070f400000| PB 0x000000070f400000| Untracked |  0
|  87|0x000000070f600000, 0x000000070f600000, 0x000000070f800000|  0%| F|  |TAMS 0x000000070f600000| PB 0x000000070f600000| Untracked |  0
|  88|0x000000070f800000, 0x000000070f800000, 0x000000070fa00000|  0%| F|  |TAMS 0x000000070f800000| PB 0x000000070f800000| Untracked |  0
|  89|0x000000070fa00000, 0x000000070fa00000, 0x000000070fc00000|  0%| F|  |TAMS 0x000000070fa00000| PB 0x000000070fa00000| Untracked |  0
|  90|0x000000070fc00000, 0x000000070fc00000, 0x000000070fe00000|  0%| F|  |TAMS 0x000000070fc00000| PB 0x000000070fc00000| Untracked |  0
|  91|0x000000070fe00000, 0x000000070fe00000, 0x0000000710000000|  0%| F|  |TAMS 0x000000070fe00000| PB 0x000000070fe00000| Untracked |  0
|  92|0x0000000710000000, 0x0000000710000000, 0x0000000710200000|  0%| F|  |TAMS 0x0000000710000000| PB 0x0000000710000000| Untracked |  0
|  93|0x0000000710200000, 0x0000000710200000, 0x0000000710400000|  0%| F|  |TAMS 0x0000000710200000| PB 0x0000000710200000| Untracked |  0
|  94|0x0000000710400000, 0x0000000710400000, 0x0000000710600000|  0%| F|  |TAMS 0x0000000710400000| PB 0x0000000710400000| Untracked |  0
|  95|0x0000000710600000, 0x0000000710600000, 0x0000000710800000|  0%| F|  |TAMS 0x0000000710600000| PB 0x0000000710600000| Untracked |  0
|  96|0x0000000710800000, 0x0000000710800000, 0x0000000710a00000|  0%| F|  |TAMS 0x0000000710800000| PB 0x0000000710800000| Untracked |  0
|  97|0x0000000710a00000, 0x0000000710a00000, 0x0000000710c00000|  0%| F|  |TAMS 0x0000000710a00000| PB 0x0000000710a00000| Untracked |  0
|  98|0x0000000710c00000, 0x0000000710c00000, 0x0000000710e00000|  0%| F|  |TAMS 0x0000000710c00000| PB 0x0000000710c00000| Untracked |  0
|  99|0x0000000710e00000, 0x0000000710e00000, 0x0000000711000000|  0%| F|  |TAMS 0x0000000710e00000| PB 0x0000000710e00000| Untracked |  0
| 100|0x0000000711000000, 0x0000000711000000, 0x0000000711200000|  0%| F|  |TAMS 0x0000000711000000| PB 0x0000000711000000| Untracked |  0
| 101|0x0000000711200000, 0x0000000711200000, 0x0000000711400000|  0%| F|  |TAMS 0x0000000711200000| PB 0x0000000711200000| Untracked |  0
| 102|0x0000000711400000, 0x0000000711400000, 0x0000000711600000|  0%| F|  |TAMS 0x0000000711400000| PB 0x0000000711400000| Untracked |  0
| 103|0x0000000711600000, 0x0000000711600000, 0x0000000711800000|  0%| F|  |TAMS 0x0000000711600000| PB 0x0000000711600000| Untracked |  0
| 104|0x0000000711800000, 0x0000000711800000, 0x0000000711a00000|  0%| F|  |TAMS 0x0000000711800000| PB 0x0000000711800000| Untracked |  0
| 105|0x0000000711a00000, 0x0000000711a00000, 0x0000000711c00000|  0%| F|  |TAMS 0x0000000711a00000| PB 0x0000000711a00000| Untracked |  0
| 106|0x0000000711c00000, 0x0000000711c00000, 0x0000000711e00000|  0%| F|  |TAMS 0x0000000711c00000| PB 0x0000000711c00000| Untracked |  0
| 107|0x0000000711e00000, 0x0000000711e00000, 0x0000000712000000|  0%| F|  |TAMS 0x0000000711e00000| PB 0x0000000711e00000| Untracked |  0
| 108|0x0000000712000000, 0x0000000712000000, 0x0000000712200000|  0%| F|  |TAMS 0x0000000712000000| PB 0x0000000712000000| Untracked |  0
| 109|0x0000000712200000, 0x0000000712200000, 0x0000000712400000|  0%| F|  |TAMS 0x0000000712200000| PB 0x0000000712200000| Untracked |  0
| 110|0x0000000712400000, 0x0000000712400000, 0x0000000712600000|  0%| F|  |TAMS 0x0000000712400000| PB 0x0000000712400000| Untracked |  0
| 111|0x0000000712600000, 0x0000000712600000, 0x0000000712800000|  0%| F|  |TAMS 0x0000000712600000| PB 0x0000000712600000| Untracked |  0
| 112|0x0000000712800000, 0x0000000712800000, 0x0000000712a00000|  0%| F|  |TAMS 0x0000000712800000| PB 0x0000000712800000| Untracked |  0
| 113|0x0000000712a00000, 0x0000000712a00000, 0x0000000712c00000|  0%| F|  |TAMS 0x0000000712a00000| PB 0x0000000712a00000| Untracked |  0
| 114|0x0000000712c00000, 0x0000000712c00000, 0x0000000712e00000|  0%| F|  |TAMS 0x0000000712c00000| PB 0x0000000712c00000| Untracked |  0
| 115|0x0000000712e00000, 0x0000000712e00000, 0x0000000713000000|  0%| F|  |TAMS 0x0000000712e00000| PB 0x0000000712e00000| Untracked |  0
| 116|0x0000000713000000, 0x0000000713000000, 0x0000000713200000|  0%| F|  |TAMS 0x0000000713000000| PB 0x0000000713000000| Untracked |  0
| 117|0x0000000713200000, 0x0000000713200000, 0x0000000713400000|  0%| F|  |TAMS 0x0000000713200000| PB 0x0000000713200000| Untracked |  0
| 118|0x0000000713400000, 0x0000000713400000, 0x0000000713600000|  0%| F|  |TAMS 0x0000000713400000| PB 0x0000000713400000| Untracked |  0
| 119|0x0000000713600000, 0x0000000713600000, 0x0000000713800000|  0%| F|  |TAMS 0x0000000713600000| PB 0x0000000713600000| Untracked |  0
| 120|0x0000000713800000, 0x0000000713800000, 0x0000000713a00000|  0%| F|  |TAMS 0x0000000713800000| PB 0x0000000713800000| Untracked |  0
| 121|0x0000000713a00000, 0x0000000713a7ae30, 0x0000000713c00000| 24%| E|  |TAMS 0x0000000713a00000| PB 0x0000000713a00000| Complete |  0
| 122|0x0000000713c00000, 0x0000000713e00000, 0x0000000713e00000|100%| E|CS|TAMS 0x0000000713c00000| PB 0x0000000713c00000| Complete |  0
| 123|0x0000000713e00000, 0x0000000714000000, 0x0000000714000000|100%| E|CS|TAMS 0x0000000713e00000| PB 0x0000000713e00000| Complete |  0
| 124|0x0000000714000000, 0x0000000714200000, 0x0000000714200000|100%| E|CS|TAMS 0x0000000714000000| PB 0x0000000714000000| Complete |  0
| 125|0x0000000714200000, 0x0000000714400000, 0x0000000714400000|100%| E|CS|TAMS 0x0000000714200000| PB 0x0000000714200000| Complete |  0

Card table byte_map: [0x000001d8feab0000,0x000001d8ff290000] _byte_map_base: 0x000001d8fb28c000

Marking Bits: (CMBitMap*) 0x000001d8f5cc6670
 Bits: [0x000001d88f000000, 0x000001d892ee0000)

Polling page: 0x000001d8f5420000

Metaspace:

Usage:
  Non-class:      1.72 MB used.
      Class:    150.02 KB used.
       Both:      1.86 MB used.

Virtual space:
  Non-class space:       64.00 MB reserved,       1.81 MB (  3%) committed,  1 nodes.
      Class space:        1.00 GB reserved,     256.00 KB ( <1%) committed,  1 nodes.
             Both:        1.06 GB reserved,       2.06 MB ( <1%) committed. 

Chunk freelists:
   Non-Class:  11.45 MB
       Class:  15.67 MB
        Both:  27.12 MB

MaxMetaspaceSize: unlimited
CompressedClassSpaceSize: 1.00 GB
Initial GC threshold: 21.00 MB
Current GC threshold: 21.00 MB
CDS: on
 - commit_granule_bytes: 65536.
 - commit_granule_words: 8192.
 - virtual_space_node_default_size: 8388608.
 - enlarge_chunks_in_place: 1.
 - use_allocation_guard: 0.


Internal statistics:

num_allocs_failed_limit: 0.
num_arena_births: 74.
num_arena_deaths: 0.
num_vsnodes_births: 2.
num_vsnodes_deaths: 0.
num_space_committed: 33.
num_space_uncommitted: 0.
num_chunks_returned_to_freelist: 0.
num_chunks_taken_from_freelist: 109.
num_chunk_merges: 0.
num_chunk_splits: 73.
num_chunks_enlarged: 45.
num_inconsistent_stats: 0.

CodeHeap 'non-profiled nmethods': size=120000Kb used=148Kb max_used=148Kb free=119851Kb
 bounds [0x000001d887ad0000, 0x000001d887d40000, 0x000001d88f000000]
CodeHeap 'profiled nmethods': size=120000Kb used=607Kb max_used=607Kb free=119393Kb
 bounds [0x000001d880000000, 0x000001d880270000, 0x000001d887530000]
CodeHeap 'non-nmethods': size=5760Kb used=1534Kb max_used=1536Kb free=4225Kb
 bounds [0x000001d887530000, 0x000001d8877a0000, 0x000001d887ad0000]
 total_blobs=914 nmethods=467 adapters=352
 compilation: enabled
              stopped_count=0, restarted_count=0
 full_count=0

Compilation events (20 events):
Event: 0.715 Thread 0x000001d8ffcf1ee0  459       3       jdk.internal.org.objectweb.asm.ByteVector::putByteArray (49 bytes)
Event: 0.715 Thread 0x000001d8ffcf1ee0 nmethod 459 0x000001d880094810 code [0x000001d8800949c0, 0x000001d880094c88]
Event: 0.715 Thread 0x000001d8ffcf1ee0  460       3       java.nio.Buffer::limit (65 bytes)
Event: 0.715 Thread 0x000001d8ffcf1ee0 nmethod 460 0x000001d880094d90 code [0x000001d880094f40, 0x000001d8800951f0]
Event: 0.716 Thread 0x000001d8ffcf1ee0  461       1       java.net.URL::getRef (5 bytes)
Event: 0.716 Thread 0x000001d8ffcf1ee0 nmethod 461 0x000001d887af4e10 code [0x000001d887af4fa0, 0x000001d887af5070]
Event: 0.718 Thread 0x000001d8ffcf1ee0  462       3       java.lang.StringLatin1::indexOf (37 bytes)
Event: 0.718 Thread 0x000001d8ffcf1ee0 nmethod 462 0x000001d880095310 code [0x000001d8800954e0, 0x000001d880095908]
Event: 0.718 Thread 0x000001d8ffcf1ee0  463       3       java.lang.String::lastIndexOf (12 bytes)
Event: 0.719 Thread 0x000001d8ffcf1ee0 nmethod 463 0x000001d880095a90 code [0x000001d880095c80, 0x000001d8800960a0]
Event: 0.719 Thread 0x000001d8ffcf1ee0  464       3       java.lang.StringConcatHelper::prepend (37 bytes)
Event: 0.719 Thread 0x000001d8ffcf1ee0 nmethod 464 0x000001d880096210 code [0x000001d8800963e0, 0x000001d8800966c0]
Event: 0.721 Thread 0x000001d8ffcf1ee0  465       3       jdk.internal.jimage.ImageStringsReader::hashCode (33 bytes)
Event: 0.721 Thread 0x000001d8ffcf1ee0 nmethod 465 0x000001d880096810 code [0x000001d8800969c0, 0x000001d880096b40]
Event: 0.721 Thread 0x000001d8ffcf1ee0  466       3       java.util.Optional::empty (6 bytes)
Event: 0.721 Thread 0x000001d8ffcf1ee0 nmethod 466 0x000001d880096c10 code [0x000001d880096da0, 0x000001d880096e98]
Event: 0.721 Thread 0x000001d8ffcf1ee0  467       3       java.lang.Integer::stringSize (47 bytes)
Event: 0.721 Thread 0x000001d8ffcf1ee0 nmethod 467 0x000001d880096f10 code [0x000001d8800970c0, 0x000001d880097300]
Event: 0.721 Thread 0x000001d8ffcf1ee0  468       3       java.lang.StringLatin1::getChars (102 bytes)
Event: 0.722 Thread 0x000001d8ffcf1ee0 nmethod 468 0x000001d880097410 code [0x000001d8800975e0, 0x000001d8800979c8]

GC Heap History (0 events):
No events

Dll operation events (9 events):
Event: 0.012 Loaded shared library C:\Users\tranp\.jdks\openjdk-22.0.2\bin\java.dll
Event: 0.013 Loaded shared library C:\Users\tranp\.jdks\openjdk-22.0.2\bin\zip.dll
Event: 0.038 Loaded shared library C:\Users\tranp\.jdks\openjdk-22.0.2\bin\jsvml.dll
Event: 0.540 Loaded shared library C:\Users\tranp\.jdks\openjdk-22.0.2\bin\instrument.dll
Event: 0.577 Loaded shared library C:\Users\tranp\.jdks\openjdk-22.0.2\bin\net.dll
Event: 0.578 Loaded shared library C:\Users\tranp\.jdks\openjdk-22.0.2\bin\nio.dll
Event: 0.592 Loaded shared library C:\Users\tranp\.jdks\openjdk-22.0.2\bin\zip.dll
Event: 0.666 Loaded shared library C:\Users\tranp\.jdks\openjdk-22.0.2\bin\jimage.dll
Event: 0.688 Loaded shared library C:\Users\tranp\AppData\Local\Temp\lwjgltranp\3.3.1-build-7\lwjgl.dll

Deoptimization events (6 events):
Event: 0.555 Thread 0x000001d8f3b23570 Uncommon trap: trap_request=0xffffff45 fr.pc=0x000001d887ae1efc relative=0x00000000000000dc
Event: 0.555 Thread 0x000001d8f3b23570 Uncommon trap: reason=unstable_if action=reinterpret pc=0x000001d887ae1efc method=java.lang.String.isLatin1()Z @ 10 c2
Event: 0.555 Thread 0x000001d8f3b23570 DEOPT PACKING pc=0x000001d887ae1efc sp=0x0000000d04cff2f0
Event: 0.555 Thread 0x000001d8f3b23570 DEOPT UNPACKING pc=0x000001d887587da2 sp=0x0000000d04cff240 mode 2
Event: 0.718 Thread 0x000001d8f3b23570 DEOPT PACKING pc=0x000001d880027777 sp=0x0000000d04cfc760
Event: 0.718 Thread 0x000001d8f3b23570 DEOPT UNPACKING pc=0x000001d8875888e2 sp=0x0000000d04cfbb80 mode 0

Classes loaded (20 events):
Event: 0.716 Loading class java/nio/BufferUnderflowException
Event: 0.716 Loading class java/nio/BufferUnderflowException done
Event: 0.716 Loading class org/lwjgl/system/MemoryStack
Event: 0.716 Loading class org/lwjgl/system/MemoryStack done
Event: 0.717 Loading class org/lwjgl/system/MemoryStack$DebugMemoryStack
Event: 0.717 Loading class org/lwjgl/system/MemoryStack$DebugMemoryStack done
Event: 0.717 Loading class java/lang/IndexOutOfBoundsException
Event: 0.717 Loading class java/lang/IndexOutOfBoundsException done
Event: 0.718 Loading class org/lwjgl/system/MemoryStack
Event: 0.718 Loading class org/lwjgl/system/MemoryStack done
Event: 0.718 Loading class org/lwjgl/system/MemoryStack
Event: 0.718 Loading class org/lwjgl/system/MemoryStack done
Event: 0.718 Loading class org/lwjgl/BufferUtils
Event: 0.718 Loading class org/lwjgl/BufferUtils done
Event: 0.719 Loading class org/lwjgl/system/windows/WinBase
Event: 0.719 Loading class org/lwjgl/system/windows/WinBase done
Event: 0.719 Loading class org/lwjgl/system/ThreadLocalUtil
Event: 0.719 Loading class org/lwjgl/system/ThreadLocalUtil done
Event: 0.721 Loading class org/lwjgl/glfw/GLFW$Functions
Event: 0.721 Loading class org/lwjgl/glfw/GLFW$Functions done

Classes unloaded (0 events):
No events

Classes redefined (0 events):
No events

Internal exceptions (19 events):
Event: 0.541 Thread 0x000001d8f3b23570 Exception <a 'java/lang/NoSuchMethodError'{0x0000000714119cd0}: 'void java.lang.invoke.DirectMethodHandle$Holder.invokeStatic(java.lang.Object, java.lang.Object, java.lang.Object)'> (0x0000000714119cd0) 
thrown [s\open\src\hotspot\share\interpreter\linkResolver.cpp, line 774]
Event: 0.545 Thread 0x000001d8f3b23570 Exception <a 'java/lang/NoSuchMethodError'{0x0000000714131768}: 'java.lang.Object java.lang.invoke.Invokers$Holder.invokeExact_MT(java.lang.Object, java.lang.Object, java.lang.Object, java.lang.Object, java.lang.Object)'> (0x0000000714131768) 
thrown [s\open\src\hotspot\share\interpreter\linkResolver.cpp, line 774]
Event: 0.647 Thread 0x000001d8f3b23570 Exception <a 'java/lang/NoSuchMethodError'{0x0000000713fe8a80}: 'void java.lang.invoke.DirectMethodHandle$Holder.invokeStatic(java.lang.Object, java.lang.Object)'> (0x0000000713fe8a80) 
thrown [s\open\src\hotspot\share\interpreter\linkResolver.cpp, line 774]
Event: 0.649 Thread 0x000001d8f3b23570 Exception <a 'java/lang/NoSuchMethodError'{0x0000000713ff46f0}: 'void java.lang.System.load(java.lang.String, java.lang.Class)'> (0x0000000713ff46f0) 
thrown [s\open\src\hotspot\share\interpreter\linkResolver.cpp, line 774]
Event: 0.649 Thread 0x000001d8f3b23570 Exception <a 'java/lang/NoSuchMethodError'{0x0000000713ff5120}: 'void java.lang.invoke.DirectMethodHandle$Holder.invokeSpecial(java.lang.Object, java.lang.Object, java.lang.Object)'> (0x0000000713ff5120) 
thrown [s\open\src\hotspot\share\interpreter\linkResolver.cpp, line 774]
Event: 0.651 Thread 0x000001d8f3b23570 Exception <a 'java/lang/NoSuchMethodError'{0x0000000713c08e40}: 'java.lang.Object java.lang.invoke.DirectMethodHandle$Holder.invokeStatic(java.lang.Object, java.lang.Object, int)'> (0x0000000713c08e40) 
thrown [s\open\src\hotspot\share\interpreter\linkResolver.cpp, line 774]
Event: 0.653 Thread 0x000001d8f3b23570 Exception <a 'java/lang/NoSuchMethodError'{0x0000000713c14708}: 'void java.lang.invoke.DelegatingMethodHandle$Holder.delegate(java.lang.Object, java.lang.Object, int, java.lang.Object)'> (0x0000000713c14708) 
thrown [s\open\src\hotspot\share\interpreter\linkResolver.cpp, line 774]
Event: 0.653 Thread 0x000001d8f3b23570 Exception <a 'java/lang/NoSuchMethodError'{0x0000000713c18448}: 'int java.lang.invoke.DirectMethodHandle$Holder.invokeSpecial(java.lang.Object, java.lang.Object, java.lang.Object)'> (0x0000000713c18448) 
thrown [s\open\src\hotspot\share\interpreter\linkResolver.cpp, line 774]
Event: 0.657 Thread 0x000001d8f3b23570 Exception <a 'java/lang/NoSuchMethodError'{0x0000000713c34580}: 'void java.lang.System.loadLibrary(java.lang.String, java.lang.Class)'> (0x0000000713c34580) 
thrown [s\open\src\hotspot\share\interpreter\linkResolver.cpp, line 774]
Event: 0.686 Thread 0x000001d8f3b23570 Exception <a 'sun/nio/fs/WindowsException'{0x0000000713cf74b8}> (0x0000000713cf74b8) 
thrown [s\open\src\hotspot\share\prims\jni.cpp, line 520]
Event: 0.687 Thread 0x000001d8f3b23570 Exception <a 'sun/nio/fs/WindowsException'{0x0000000713cf8ac0}> (0x0000000713cf8ac0) 
thrown [s\open\src\hotspot\share\prims\jni.cpp, line 520]
Event: 0.699 Thread 0x000001d8f3b23570 Exception <a 'sun/nio/fs/WindowsException'{0x0000000713d30920}> (0x0000000713d30920) 
thrown [s\open\src\hotspot\share\prims\jni.cpp, line 520]
Event: 0.699 Thread 0x000001d8f3b23570 Exception <a 'sun/nio/fs/WindowsException'{0x0000000713d30c80}> (0x0000000713d30c80) 
thrown [s\open\src\hotspot\share\prims\jni.cpp, line 520]
Event: 0.710 Thread 0x000001d8f3b23570 Exception <a 'java/lang/NoSuchMethodError'{0x0000000713d9fef0}: 'int java.lang.invoke.DirectMethodHandle$Holder.invokeStaticInit(java.lang.Object, java.lang.Object, int, long)'> (0x0000000713d9fef0) 
thrown [s\open\src\hotspot\share\interpreter\linkResolver.cpp, line 774]
Event: 0.711 Thread 0x000001d8f3b23570 Exception <a 'java/lang/NoSuchMethodError'{0x0000000713da5030}: 'java.lang.Object java.lang.invoke.DirectMethodHandle$Holder.newInvokeSpecial(java.lang.Object, java.lang.Object, int)'> (0x0000000713da5030) 
thrown [s\open\src\hotspot\share\interpreter\linkResolver.cpp, line 774]
Event: 0.713 Thread 0x000001d8f3b23570 Exception <a 'java/lang/NoSuchMethodError'{0x0000000713db66d0}: 'int java.lang.invoke.DirectMethodHandle$Holder.invokeStaticInit(java.lang.Object, java.lang.Object, long, long)'> (0x0000000713db66d0) 
thrown [s\open\src\hotspot\share\interpreter\linkResolver.cpp, line 774]
Event: 0.714 Thread 0x000001d8f3b23570 Exception <a 'java/lang/NoSuchMethodError'{0x0000000713dbc158}: 'java.lang.Object java.lang.invoke.DirectMethodHandle$Holder.newInvokeSpecial(java.lang.Object, java.lang.Object, long)'> (0x0000000713dbc158) 
thrown [s\open\src\hotspot\share\interpreter\linkResolver.cpp, line 774]
Event: 0.714 Thread 0x000001d8f3b23570 Exception <a 'java/lang/NoSuchMethodError'{0x0000000713dc0000}: 'java.lang.Object java.lang.invoke.Invokers$Holder.linkToTargetMethod(java.lang.Object, long, java.lang.Object)'> (0x0000000713dc0000) 
thrown [s\open\src\hotspot\share\interpreter\linkResolver.cpp, line 774]
Event: 0.715 Thread 0x000001d8f3b23570 Exception <a 'java/lang/NoSuchMethodError'{0x0000000713dc7228}: 'int java.lang.invoke.DirectMethodHandle$Holder.invokeStaticInit(java.lang.Object, java.lang.Object, java.lang.Object, long)'> (0x0000000713dc7228) 
thrown [s\open\src\hotspot\share\interpreter\linkResolver.cpp, line 774]

ZGC Phase Switch (0 events):
No events

VM Operations (4 events):
Event: 0.536 Executing VM operation: ChangeBreakpoints
Event: 0.536 Executing VM operation: ChangeBreakpoints done
Event: 0.538 Executing VM operation: ChangeBreakpoints
Event: 0.538 Executing VM operation: ChangeBreakpoints done

Memory protections (0 events):
No events

Nmethod flushes (0 events):
No events

Events (16 events):
Event: 0.024 Thread 0x000001d8f3b23570 Thread added: 0x000001d8f3b23570
Event: 0.036 Thread 0x000001d8f3b23570 Thread added: 0x000001d8ffcd8690
Event: 0.036 Thread 0x000001d8f3b23570 Thread added: 0x000001d8ffcd94a0
Event: 0.036 Thread 0x000001d8f3b23570 Thread added: 0x000001d8ffce2270
Event: 0.036 Thread 0x000001d8f3b23570 Thread added: 0x000001d8ffce3380
Event: 0.036 Thread 0x000001d8f3b23570 Thread added: 0x000001d8ffce3ed0
Event: 0.036 Thread 0x000001d8f3b23570 Thread added: 0x000001d8ffceca30
Event: 0.036 Thread 0x000001d8f3b23570 Thread added: 0x000001d8ffced9e0
Event: 0.036 Thread 0x000001d8f3b23570 Thread added: 0x000001d8ffcf1ee0
Event: 0.061 Thread 0x000001d8f3b23570 Thread added: 0x000001d8da0b4b30
Event: 0.074 Thread 0x000001d8ffcf1ee0 Thread added: 0x000001d8da1e3ef0
Event: 0.089 Thread 0x000001d8f3b23570 Thread added: 0x000001d8da303690
Event: 0.090 Thread 0x000001d8f3b23570 Thread added: 0x000001d8da3185f0
Event: 0.090 Thread 0x000001d8da303690 Thread added: 0x000001d8da303de0
Event: 0.525 Thread 0x000001d8da1e3ef0 Thread exited: 0x000001d8da1e3ef0
Event: 0.553 Thread 0x000001d8f3b23570 Thread added: 0x000001d8da2c3450


Dynamic libraries:
0x00007ff7092f0000 - 0x00007ff7092fe000 	C:\Users\tranp\.jdks\openjdk-22.0.2\bin\java.exe
0x00007ff8ac6f0000 - 0x00007ff8ac907000 	C:\WINDOWS\SYSTEM32\ntdll.dll
0x00007ff8ab830000 - 0x00007ff8ab8f4000 	C:\WINDOWS\System32\KERNEL32.DLL
0x00007ff8a9e50000 - 0x00007ff8aa207000 	C:\WINDOWS\System32\KERNELBASE.dll
0x00007ff8aa300000 - 0x00007ff8aa411000 	C:\WINDOWS\System32\ucrtbase.dll
0x00007ff8a1640000 - 0x00007ff8a1657000 	C:\Users\tranp\.jdks\openjdk-22.0.2\bin\jli.dll
0x00007ff89fa80000 - 0x00007ff89fa9b000 	C:\Users\tranp\.jdks\openjdk-22.0.2\bin\VCRUNTIME140.dll
0x00007ff8aba60000 - 0x00007ff8abc0f000 	C:\WINDOWS\System32\USER32.dll
0x00007ff8a9d00000 - 0x00007ff8a9d26000 	C:\WINDOWS\System32\win32u.dll
0x00007ff8846b0000 - 0x00007ff884943000 	C:\WINDOWS\WinSxS\amd64_microsoft.windows.common-controls_6595b64144ccf1df_6.0.22621.3672_none_2713b9d173822955\COMCTL32.dll
0x00007ff8ac400000 - 0x00007ff8ac429000 	C:\WINDOWS\System32\GDI32.dll
0x00007ff8abdc0000 - 0x00007ff8abe67000 	C:\WINDOWS\System32\msvcrt.dll
0x00007ff8a9be0000 - 0x00007ff8a9cf8000 	C:\WINDOWS\System32\gdi32full.dll
0x00007ff8a9db0000 - 0x00007ff8a9e4a000 	C:\WINDOWS\System32\msvcp_win.dll
0x00007ff8ab7f0000 - 0x00007ff8ab821000 	C:\WINDOWS\System32\IMM32.DLL
0x00007ff8a4300000 - 0x00007ff8a430c000 	C:\Users\tranp\.jdks\openjdk-22.0.2\bin\vcruntime140_1.dll
0x00007ff8996c0000 - 0x00007ff89974e000 	C:\Users\tranp\.jdks\openjdk-22.0.2\bin\msvcp140.dll
0x00007ff834e40000 - 0x00007ff835b89000 	C:\Users\tranp\.jdks\openjdk-22.0.2\bin\server\jvm.dll
0x00007ff8ac430000 - 0x00007ff8ac4e2000 	C:\WINDOWS\System32\ADVAPI32.dll
0x00007ff8aa5b0000 - 0x00007ff8aa658000 	C:\WINDOWS\System32\sechost.dll
0x00007ff8aa210000 - 0x00007ff8aa238000 	C:\WINDOWS\System32\bcrypt.dll
0x00007ff8ab6d0000 - 0x00007ff8ab7e4000 	C:\WINDOWS\System32\RPCRT4.dll
0x00007ff8aa530000 - 0x00007ff8aa5a1000 	C:\WINDOWS\System32\WS2_32.dll
0x00007ff8a9670000 - 0x00007ff8a96bd000 	C:\WINDOWS\SYSTEM32\POWRPROF.dll
0x00007ff8a1730000 - 0x00007ff8a173a000 	C:\WINDOWS\SYSTEM32\VERSION.dll
0x00007ff8a3fc0000 - 0x00007ff8a3ff4000 	C:\WINDOWS\SYSTEM32\WINMM.dll
0x00007ff8a9650000 - 0x00007ff8a9663000 	C:\WINDOWS\SYSTEM32\UMPDC.dll
0x00007ff8a8a10000 - 0x00007ff8a8a28000 	C:\WINDOWS\SYSTEM32\kernel.appcore.dll
0x00007ff8a1630000 - 0x00007ff8a163a000 	C:\Users\tranp\.jdks\openjdk-22.0.2\bin\jimage.dll
0x00007ff8a6d30000 - 0x00007ff8a6f62000 	C:\WINDOWS\SYSTEM32\DBGHELP.DLL
0x00007ff8abe80000 - 0x00007ff8ac20e000 	C:\WINDOWS\System32\combase.dll
0x00007ff8aa660000 - 0x00007ff8aa737000 	C:\WINDOWS\System32\OLEAUT32.dll
0x00007ff877930000 - 0x00007ff877962000 	C:\WINDOWS\SYSTEM32\dbgcore.DLL
0x00007ff8a9d30000 - 0x00007ff8a9dab000 	C:\WINDOWS\System32\bcryptPrimitives.dll
0x00007ff893660000 - 0x00007ff89369c000 	C:\Users\tranp\.jdks\openjdk-22.0.2\bin\jdwp.dll
0x00007ff899e50000 - 0x00007ff899e5f000 	C:\Users\tranp\.jdks\openjdk-22.0.2\bin\instrument.dll
0x00007ff89fa60000 - 0x00007ff89fa7e000 	C:\Users\tranp\.jdks\openjdk-22.0.2\bin\java.dll
0x00007ff8aa7a0000 - 0x00007ff8ab009000 	C:\WINDOWS\System32\SHELL32.dll
0x00007ff8ac4f0000 - 0x00007ff8ac695000 	C:\WINDOWS\System32\ole32.dll
0x00007ff899e60000 - 0x00007ff899e77000 	C:\Users\tranp\.jdks\openjdk-22.0.2\bin\zip.dll
0x00007ff8a7920000 - 0x00007ff8a821f000 	C:\WINDOWS\SYSTEM32\windows.storage.dll
0x00007ff8a77e0000 - 0x00007ff8a791f000 	C:\WINDOWS\SYSTEM32\wintypes.dll
0x00007ff8abcc0000 - 0x00007ff8abdb9000 	C:\WINDOWS\System32\SHCORE.dll
0x00007ff8aba00000 - 0x00007ff8aba5e000 	C:\WINDOWS\System32\shlwapi.dll
0x00007ff8a9930000 - 0x00007ff8a9957000 	C:\WINDOWS\SYSTEM32\profapi.dll
0x00007ff88c520000 - 0x00007ff88c5f7000 	C:\Users\tranp\.jdks\openjdk-22.0.2\bin\jsvml.dll
0x00007ff893ae0000 - 0x00007ff893aec000 	C:\Users\tranp\.jdks\openjdk-22.0.2\bin\dt_socket.dll
0x00007ff8a8480000 - 0x00007ff8a84ad000 	C:\WINDOWS\SYSTEM32\IPHLPAPI.DLL
0x00007ff8a8e70000 - 0x00007ff8a8ed9000 	C:\WINDOWS\system32\mswsock.dll
0x00007ff89e970000 - 0x00007ff89e980000 	C:\Users\tranp\.jdks\openjdk-22.0.2\bin\net.dll
0x00007ff89e950000 - 0x00007ff89e966000 	C:\Users\tranp\.jdks\openjdk-22.0.2\bin\nio.dll
0x00007ff886e20000 - 0x00007ff886e95000 	C:\Users\tranp\AppData\Local\Temp\lwjgltranp\3.3.1-build-7\lwjgl.dll
0x00007ff889a20000 - 0x00007ff889a81000 	C:\Users\tranp\AppData\Local\Temp\lwjgltranp\3.3.1-build-7\glfw.dll

dbghelp: loaded successfully - version: 4.0.5 - missing functions: none
symbol engine: initialized successfully - sym options: 0x614 - pdb path: .;C:\Users\tranp\.jdks\openjdk-22.0.2\bin;C:\WINDOWS\SYSTEM32;C:\WINDOWS\WinSxS\amd64_microsoft.windows.common-controls_6595b64144ccf1df_6.0.22621.3672_none_2713b9d173822955;C:\Users\tranp\.jdks\openjdk-22.0.2\bin\server;C:\Users\tranp\AppData\Local\Temp\lwjgltranp\3.3.1-build-7

VM Arguments:
jvm_args: -agentlib:jdwp=transport=dt_socket,address=127.0.0.1:57105,suspend=y,server=n -javaagent:C:\Users\tranp\AppData\Local\JetBrains\IdeaIC2024.1\captureAgent\debugger-agent.jar -Dfile.encoding=UTF-8 -Dsun.stdout.encoding=UTF-8 -Dsun.stderr.encoding=UTF-8 
java_command: ShadowTaxi
java_class_path (initial): C:\Users\tranp\IdeaProjects\Prj2B\phuongtrangt-project-2\target\classes;C:\Users\tranp\.m2\repository\org\lwjgl\lwjgl\3.3.1\lwjgl-3.3.1.jar;C:\Users\tranp\.m2\repository\org\lwjgl\lwjgl-assimp\3.3.1\lwjgl-assimp-3.3.1.jar;C:\Users\tranp\.m2\repository\org\lwjgl\lwjgl-glfw\3.3.1\lwjgl-glfw-3.3.1.jar;C:\Users\tranp\.m2\repository\org\lwjgl\lwjgl-openal\3.3.1\lwjgl-openal-3.3.1.jar;C:\Users\tranp\.m2\repository\org\lwjgl\lwjgl-opengl\3.3.1\lwjgl-opengl-3.3.1.jar;C:\Users\tranp\.m2\repository\org\lwjgl\lwjgl-stb\3.3.1\lwjgl-stb-3.3.1.jar;C:\Users\tranp\.m2\repository\org\lwjgl\lwjgl\3.3.1\lwjgl-3.3.1-natives-windows.jar;C:\Users\tranp\.m2\repository\org\lwjgl\lwjgl-assimp\3.3.1\lwjgl-assimp-3.3.1-natives-windows.jar;C:\Users\tranp\.m2\repository\org\lwjgl\lwjgl-glfw\3.3.1\lwjgl-glfw-3.3.1-natives-windows.jar;C:\Users\tranp\.m2\repository\org\lwjgl\lwjgl-openal\3.3.1\lwjgl-openal-3.3.1-natives-windows.jar;C:\Users\tranp\.m2\repository\org\lwjgl\lwjgl-opengl\3.3.1\lwjgl-opengl-3.3.1-natives-windows.jar;C:\Users\tranp\.m2\repository\org\lwjgl\lwjgl-stb\3.3.1\lwjgl-stb-3.3.1-natives-windows.jar;C:\Users\tranp\.m2\repository\io\github\eleanor-em\bagel\1.9.3\bagel-1.9.3.jar;D:\1. Melbourne Uni\F. Di hoc cung Neo\sem2 2024\Object Oriented thing(JAVA)\IntelliJ IDEA Community Edition 2024.1.4\lib\idea_rt.jar
Launcher Type: SUN_STANDARD

[Global flags]
     intx CICompilerCount                          = 4                                         {product} {ergonomic}
     uint ConcGCThreads                            = 2                                         {product} {ergonomic}
     uint G1ConcRefinementThreads                  = 8                                         {product} {ergonomic}
   size_t G1HeapRegionSize                         = 2097152                                   {product} {ergonomic}
   size_t InitialHeapSize                          = 264241152                                 {product} {ergonomic}
   size_t MarkStackSize                            = 4194304                                   {product} {ergonomic}
   size_t MaxHeapSize                              = 4219469824                                {product} {ergonomic}
   size_t MaxNewSize                               = 2531262464                                {product} {ergonomic}
   size_t MinHeapDeltaBytes                        = 2097152                                   {product} {ergonomic}
   size_t MinHeapSize                              = 8388608                                   {product} {ergonomic}
    uintx NonNMethodCodeHeapSize                   = 5839372                                {pd product} {ergonomic}
    uintx NonProfiledCodeHeapSize                  = 122909434                              {pd product} {ergonomic}
    uintx ProfiledCodeHeapSize                     = 122909434                              {pd product} {ergonomic}
    uintx ReservedCodeCacheSize                    = 251658240                              {pd product} {ergonomic}
     bool SegmentedCodeCache                       = true                                      {product} {ergonomic}
   size_t SoftMaxHeapSize                          = 4219469824                             {manageable} {ergonomic}
     bool UseCompressedOops                        = true                           {product lp64_product} {ergonomic}
     bool UseG1GC                                  = true                                      {product} {ergonomic}
     bool UseLargePagesIndividualAllocation        = false                                  {pd product} {ergonomic}

Logging:
Log output configuration:
 #0: stdout all=warning uptime,level,tags foldmultilines=false
 #1: stderr all=off uptime,level,tags foldmultilines=false

Environment Variables:
PATH=C:\WINDOWS\system32;C:\WINDOWS;C:\WINDOWS\System32\Wbem;C:\WINDOWS\System32\WindowsPowerShell\v1.0\;C:\WINDOWS\System32\OpenSSH\;D:\1. Melbourne Uni\F. Di hoc cung Neo\sem2 2024\Object Oriented thing(JAVA)\Git\cmd;C:\Users\tranp\AppData\Local\Programs\Python\Launcher\;C:\Users\tranp\AppData\Local\Microsoft\WindowsApps;D:\10. Software\Microsoft VS Code\bin
USERNAME=tranp
OS=Windows_NT
PROCESSOR_IDENTIFIER=Intel64 Family 6 Model 140 Stepping 1, GenuineIntel
TMP=C:\Users\tranp\AppData\Local\Temp
TEMP=C:\Users\tranp\AppData\Local\Temp




Periodic native trim disabled

---------------  S Y S T E M  ---------------

OS:
 Windows 11 , 64 bit Build 22621 (10.0.22621.3958)
OS uptime: 2 days 8:25 hours
Hyper-V role detected

CPU: total 8 (initial active 8) (4 cores per cpu, 2 threads per core) family 6 model 140 stepping 1 microcode 0xb8, cx8, cmov, fxsr, ht, mmx, 3dnowpref, sse, sse2, sse3, ssse3, sse4.1, sse4.2, popcnt, lzcnt, tsc, tscinvbit, avx, avx2, aes, erms, clmul, bmi1, bmi2, adx, avx512f, avx512dq, avx512cd, avx512bw, avx512vl, sha, fma, vzeroupper, avx512_vpopcntdq, avx512_vpclmulqdq, avx512_vaes, avx512_vnni, clflush, clflushopt, clwb, avx512_vbmi2, avx512_vbmi, hv, rdtscp, rdpid, fsrm, gfni, avx512_bitalg, f16c, cet_ibt, cet_ss, avx512_ifma
Processor Information for all 8 processors :
  Max Mhz: 2995, Current Mhz: 2995, Mhz Limit: 2995

Memory: 4k page, system-wide physical 16090M (5777M free)
TotalPageFile size 22234M (AvailPageFile size 8688M)
current process WorkingSet (physical memory assigned to process): 49M, peak: 49M
current process commit charge ("private bytes"): 340M, peak: 340M

vm_info: OpenJDK 64-Bit Server VM (22.0.2+9-70) for windows-amd64 JRE (22.0.2+9-70), built on 2024-06-04T16:52:23Z by "mach5one" with MS VC++ 17.6 (VS2022)

END.
