#
# A fatal error has been detected by the Java Runtime Environment:
#
#  EXCEPTION_ACCESS_VIOLATION (0xc0000005) at pc=0x00007ffc79706918, pid=4764, tid=15644
#
# JRE version: OpenJDK Runtime Environment (22.0.2+9) (build 22.0.2+9-70)
# Java VM: OpenJDK 64-Bit Server VM (22.0.2+9-70, mixed mode, sharing, tiered, compressed oops, compressed class ptrs, g1 gc, windows-amd64)
# Problematic frame:
# C  [jdwp.dll+0x26918]
#
# No core dump will be written. Minidumps are not enabled by default on client versions of Windows
#
# If you would like to submit a bug report, please visit:
#   https://bugreport.java.com/bugreport/crash.jsp
# The crash happened outside the Java Virtual Machine in native code.
# See problematic frame for where to report the bug.
#

---------------  S U M M A R Y ------------

Command Line: -agentlib:jdwp=transport=dt_socket,address=127.0.0.1:53838,suspend=y,server=n -javaagent:C:\Users\tranp\AppData\Local\JetBrains\IdeaIC2024.1\captureAgent\debugger-agent.jar -Dfile.encoding=UTF-8 -Dsun.stdout.encoding=UTF-8 -Dsun.stderr.encoding=UTF-8 ShadowTaxi

Host: 11th Gen Intel(R) Core(TM) i7-1185G7 @ 3.00GHz, 8 cores, 15G,  Windows 11 , 64 bit Build 22621 (10.0.22621.3958)
Time: Thu Oct  3 07:20:51 2024 SE Asia Standard Time elapsed time: 0.715769 seconds (0d 0h 0m 0s)

---------------  T H R E A D  ---------------

Current thread (0x000001b6bb304080):  JavaThread "main"             [_thread_in_native, id=15644, stack(0x0000004d4f000000,0x0000004d4f100000) (1024K)]

Stack: [0x0000004d4f000000,0x0000004d4f100000],  sp=0x0000004d4f0fe768,  free space=1017k
Native frames: (J=compiled Java code, j=interpreted, Vv=VM code, C=native code)
C  [jdwp.dll+0x26918]  (no source info available)
C  [jdwp.dll+0x161bf]  (no source info available)
C  [jdwp.dll+0x1283f]  (no source info available)
V  [jvm.dll+0x5a04e7]  (no source info available)
V  [jvm.dll+0x3c9000]  (no source info available)
V  [jvm.dll+0x3c7c5c]  (no source info available)
V  [jvm.dll+0x3c7bf8]  (no source info available)
V  [jvm.dll+0x5ea63b]  (no source info available)
V  [jvm.dll+0x5ea6f3]  (no source info available)
V  [jvm.dll+0x3dd76a]  (no source info available)
V  [jvm.dll+0x3dd1f0]  (no source info available)
C  0x000001b6cce1fe31  (no source info available)

The last pc belongs to getstatic (printed below).
Java frames: (J=compiled Java code, j=interpreted, Vv=VM code)
j  org.lwjgl.glfw.GLFW.glfwInit()Z+0
j  bagel.AbstractGame.<clinit>()V+19
v  ~StubRoutines::call_stub 0x000001b6cce0100d

siginfo: EXCEPTION_ACCESS_VIOLATION (0xc0000005), reading address 0xffffffffffffffff


Registers:
RAX=0x000001b72205d8e0, RBX=0x000001b6dc4bed70, RCX=0x000001b6bb304440, RDX=0x000001b6dc4bed70
RSP=0x0000004d4f0fe768, RBP=0x0000000000000002, RSI=0x0000004d4f0fe810, RDI=0x000001b6bb304440
R8 =0x0000000000010002, R9 =0x0000000000000000, R10=0x00007ffc809f0000, R11=0x0000004d4f0fe738
R12=0x0000000000000007, R13=0x000001b6dc4bed70, R14=0x00007ffc79710400, R15=0x0000000000000000
RIP=0x00007ffc79706918, EFLAGS=0x0000000000010206


Register to memory mapping:

RAX=0x000001b72205d8e0 points into unknown readable memory: 0x0000000000000000 | 00 00 00 00 00 00 00 00
RBX=0x000001b6dc4bed70 points into unknown readable memory: 0x0000000714209b38 | 38 9b 20 14 07 00 00 00
RCX=0x000001b6bb304440 points into unknown readable memory: 0x000001b72205d8e0 | e0 d8 05 22 b7 01 00 00
RDX=0x000001b6dc4bed70 points into unknown readable memory: 0x0000000714209b38 | 38 9b 20 14 07 00 00 00
RSP=0x0000004d4f0fe768 is pointing into the stack for thread: 0x000001b6bb304080
RBP=0x0000000000000002 is an unknown value
RSI=0x0000004d4f0fe810 is pointing into the stack for thread: 0x000001b6bb304080
RDI=0x000001b6bb304440 points into unknown readable memory: 0x000001b72205d8e0 | e0 d8 05 22 b7 01 00 00
R8 =0x0000000000010002 is an unknown value
R9 =0x0 is null
R10=0x00007ffc809f0000 VCRUNTIME140.dll
R11=0x0000004d4f0fe738 is pointing into the stack for thread: 0x000001b6bb304080
R12=0x0000000000000007 is an unknown value
R13=0x000001b6dc4bed70 points into unknown readable memory: 0x0000000714209b38 | 38 9b 20 14 07 00 00 00
R14=0x00007ffc79710400 jdwp.dll
R15=0x0 is null

Top of Stack: (sp=0x0000004d4f0fe768)
0x0000004d4f0fe768:   00007ffc796f61bf 000001b6dc4bed70
0x0000004d4f0fe778:   0000004d4f0fe810 0000000000000000
0x0000004d4f0fe788:   0000000000000000 0000000200000007
0x0000004d4f0fe798:   000001b6bb309d50 000001b6bb2ef7c0
0x0000004d4f0fe7a8:   00007ffc79710428 000001b6bb304660
0x0000004d4f0fe7b8:   00007ffc796f283f 000001b6dc4bed70
0x0000004d4f0fe7c8:   0000000000000002 000001b6bb304440
0x0000004d4f0fe7d8:   000001b6dc4bed78 0000004d4f0fe9d0
0x0000004d4f0fe7e8:   000001b6dc35b688 00000005dc750100
0x0000004d4f0fe7f8:   000001b6de015358 0000000000000000
0x0000004d4f0fe808:   0000000bffffffff 0000000000000007
0x0000004d4f0fe818:   000001b6dc4bed70 0000000000000000
0x0000004d4f0fe828:   000001b6dc4bed78 0000000000000000
0x0000004d4f0fe838:   0000000000000000 0000000000000000
0x0000004d4f0fe848:   0000000000000000 0000000000000000
0x0000004d4f0fe858:   0000000000000000 0000000000000000
0x0000004d4f0fe868:   000001b6bb304660 000001b6de015358
0x0000004d4f0fe878:   00007ffc11a504e7 000001b6dc4bed78
0x0000004d4f0fe888:   000001b6dc7fe1a0 000001b6bb304080
0x0000004d4f0fe898:   00007ffc11745c22 000010b625ba4b78
0x0000004d4f0fe8a8:   000001b6bb3cedc0 000001b6de015358
0x0000004d4f0fe8b8:   0000000000000001 0000004d4f0fe950
0x0000004d4f0fe8c8:   00007ffc117424d0 000001b6de015358
0x0000004d4f0fe8d8:   0000000000000000 000001b6bb36f7f0
0x0000004d4f0fe8e8:   000001b6bd58f1b0 000001b6bd58f1c0
0x0000004d4f0fe8f8:   000001b6bd58f598 00000000000003d8
0x0000004d4f0fe908:   000001b6bb304080 000001b6bb304080
0x0000004d4f0fe918:   000001b6bb36ebb0 000001b6bb3ce7b0
0x0000004d4f0fe928:   000001b6bb3ce7c0 000001b6bb3ce898
0x0000004d4f0fe938:   00000000000000d8 0000004d4f0fe950
0x0000004d4f0fe948:   00007ffc1173c758 000001b6bb304080
0x0000004d4f0fe958:   000001b6bb36ebb0 000001b6bb3ce7b0 

Instructions: (pc=0x00007ffc79706918)
0x00007ffc79706818:   05 d3 08 01 00 48 8b 03 48 8b d7 4d 8b 40 30 48
0x00007ffc79706828:   8b cb 48 8b 5c 24 30 48 83 c4 20 5f 48 ff a0 00
0x00007ffc79706838:   01 00 00 cc 48 89 5c 24 08 57 48 83 ec 20 48 8b
0x00007ffc79706848:   f9 e8 f2 ea ff ff 4c 8b 05 9b 08 01 00 48 8b d8
0x00007ffc79706858:   41 f6 80 10 02 00 00 02 74 33 41 b8 20 06 00 00
0x00007ffc79706868:   48 8d 15 19 c4 00 00 48 8d 0d 4e 5b 00 00 e8 d9
0x00007ffc79706878:   48 ff ff 48 8d 15 56 9a 00 00 48 8d 0d 4f 5b 00
0x00007ffc79706888:   00 e8 6e 49 ff ff 4c 8b 05 5b 08 01 00 48 8b 03
0x00007ffc79706898:   48 8b d7 4d 8b 40 38 48 8b cb 48 8b 5c 24 30 48
0x00007ffc797068a8:   83 c4 20 5f 48 ff a0 00 01 00 00 cc 48 89 5c 24
0x00007ffc797068b8:   08 57 48 83 ec 20 48 8b f9 e8 7a ea ff ff 48 8b
0x00007ffc797068c8:   15 23 08 01 00 48 8b d8 f6 82 10 02 00 00 02 74
0x00007ffc797068d8:   2c 41 b8 12 06 00 00 48 8d 15 a2 c3 00 00 48 8d
0x00007ffc797068e8:   0d d7 5a 00 00 e8 62 48 ff ff 48 8d 15 27 6b 00
0x00007ffc797068f8:   00 48 8d 0d d8 5a 00 00 e8 f7 48 ff ff 48 8b 03
0x00007ffc79706908:   48 8b d7 48 8b cb 48 8b 5c 24 30 48 83 c4 20 5f
0x00007ffc79706918:   48 ff a0 50 07 00 00 cc 48 89 5c 24 08 48 89 74
0x00007ffc79706928:   24 10 48 89 7c 24 18 41 56 48 83 ec 20 4c 63 f2
0x00007ffc79706938:   49 8b d8 48 8b d1 41 8b f9 48 8b cb 4d 8d 46 ff
0x00007ffc79706948:   ff 15 22 59 00 00 85 c0 75 3c 41 0f be 44 1e ff
0x00007ffc79706958:   3b c7 75 32 49 03 de eb 10 0f be c8 ff 15 f6 58
0x00007ffc79706968:   00 00 85 c0 74 09 48 ff c3 8a 03 84 c0 75 ea 80
0x00007ffc79706978:   3b 3b 74 12 8b d7 48 8b cb e8 2c 4b 00 00 48 85
0x00007ffc79706988:   c0 0f 94 c0 eb 02 32 c0 48 8b 5c 24 30 48 8b 74
0x00007ffc79706998:   24 38 48 8b 7c 24 40 48 83 c4 20 41 5e c3 cc cc
0x00007ffc797069a8:   0f b6 d1 83 fa 1e 0f 87 83 00 00 00 74 7b 83 fa
0x00007ffc797069b8:   07 77 41 74 39 83 ea 01 74 2e 83 ea 01 74 23 83
0x00007ffc797069c8:   ea 01 74 18 83 ea 01 74 0d 83 fa 02 0f 85 8a 00
0x00007ffc797069d8:   00 00 8d 42 03 c3 b8 04 00 00 00 c3 b8 03 00 00
0x00007ffc797069e8:   00 c3 b8 02 00 00 00 c3 b8 01 00 00 00 c3 b8 06
0x00007ffc797069f8:   00 00 00 c3 b8 08 00 00 00 2b d0 74 26 83 ea 01
0x00007ffc79706a08:   0f 84 88 00 00 00 83 ea 01 74 12 b8 0a 00 00 00 


Stack slot to memory mapping:

stack at sp + 0 slots: 0x00007ffc796f61bf jdwp.dll
stack at sp + 1 slots: 0x000001b6dc4bed70 points into unknown readable memory: 0x0000000714209b38 | 38 9b 20 14 07 00 00 00
stack at sp + 2 slots: 0x0000004d4f0fe810 is pointing into the stack for thread: 0x000001b6bb304080
stack at sp + 3 slots: 0x0 is null
stack at sp + 4 slots: 0x0 is null
stack at sp + 5 slots: 0x0000000200000007 is an unknown value
stack at sp + 6 slots: 0x000001b6bb309d50 points into unknown readable memory: 0x000001b6cd3a0a10 | 10 0a 3a cd b6 01 00 00
stack at sp + 7 slots: 0x000001b6bb2ef7c0 points into unknown readable memory: 0x8000001200000001 | 01 00 00 00 12 00 00 80

getstatic  178 getstatic  [0x000001b6cce1fd80, 0x000001b6cce201d8]  1112 bytes
[MachCode]
  0x000001b6cce1fd80: 4883 ec08 | c5fa 1104 | 24eb 1f48 | 83ec 10c5 | fb11 0424 | eb14 4883 | ec10 4889 | 0424 48c7 
  0x000001b6cce1fda0: 4424 0800 | 0000 00eb | 0150 488b | 4dd0 410f | b755 0148 | 8b49 286b | d218 488d | 4c11 080f 
  0x000001b6cce1fdc0: b659 1281 | fbb2 0000 | 000f 8474 | 0100 00bb | b200 0000 | e805 0000 | 00e9 5001 | 0000 488b 
  0x000001b6cce1fde0: d348 8d44 | 2408 4c89 | 6dc0 498b | cfc5 f877 | 4989 afb0 | 0300 0049 | 8987 a003 | 0000 4883 
  0x000001b6cce1fe00: ec20 40f6 | c40f 0f84 | 1900 0000 | 4883 ec08 | 48b8 90d1 | 8811 fc7f | 0000 ffd0 | 4883 c408 
  0x000001b6cce1fe20: e90c 0000 | 0048 b890 | d188 11fc | 7f00 00ff | d048 83c4 | 2049 c787 | a003 0000 | 0000 0000 
  0x000001b6cce1fe40: 49c7 87b0 | 0300 0000 | 0000 0049 | c787 a803 | 0000 0000 | 0000 c5f8 | 7741 8b8f | 3405 0000 
  0x000001b6cce1fe60: f6c1 010f | 8442 0000 | 00f6 c102 | 0f85 3900 | 0000 4883 | ec20 40f6 | c40f 0f84 | 1900 0000 
  0x000001b6cce1fe80: 4883 ec08 | 48b8 c07b | 8811 fc7f | 0000 ffd0 | 4883 c408 | e90c 0000 | 0048 b8c0 | 7b88 11fc 
  0x000001b6cce1fea0: 7f00 00ff | d048 83c4 | 20ff e049 | 8b8f e005 | 0000 4885 | c90f 8455 | 0000 008b | 899c 0000 
  0x000001b6cce1fec0: 0083 f901 | 0f85 4600 | 0000 498b | 8fe0 0500 | 008b 89a0 | 0000 0048 | 83ec 2040 | f6c4 0f0f 
  0x000001b6cce1fee0: 8419 0000 | 0048 83ec | 0848 b8b0 | 7b88 11fc | 7f00 00ff | d048 83c4 | 08e9 0c00 | 0000 48b8 
  0x000001b6cce1ff00: b07b 8811 | fc7f 0000 | ffd0 4883 | c420 ffe0 | 4983 7f08 | 000f 8405 | 0000 00e9 | e00f feff 
  0x000001b6cce1ff20: 4c8b 6dc0 | 4c8b 75c8 | 4e8d 74f5 | 00c3 488b | 4dd0 410f | b755 0148 | 8b49 286b | d218 488d 
  0x000001b6cce1ff40: 4c11 0848 | b8a0 a110 | 12fc 7f00 | 008b 0085 | c00f 848a | 0100 0048 | 8b4d d041 | 0fb7 5501 
  0x000001b6cce1ff60: 488b 4928 | 6bd2 1848 | 8d4c 1108 | 4833 c0e8 | 0500 0000 | e953 0100 | 004c 8bc1 | 488b d048 
  0x000001b6cce1ff80: 8d44 2408 | 4c89 6dc0 | 498b cfc5 | f877 4989 | afb0 0300 | 0049 8987 | a003 0000 | 4883 ec20 
  0x000001b6cce1ffa0: 40f6 c40f | 0f84 1900 | 0000 4883 | ec08 48b8 | f0c6 8811 | fc7f 0000 | ffd0 4883 | c408 e90c 
  0x000001b6cce1ffc0: 0000 0048 | b8f0 c688 | 11fc 7f00 | 00ff d048 | 83c4 2049 | c787 a003 | 0000 0000 | 0000 49c7 
  0x000001b6cce1ffe0: 87b0 0300 | 0000 0000 | 0049 c787 | a803 0000 | 0000 0000 | c5f8 7741 | 8b8f 3405 | 0000 f6c1 
  0x000001b6cce20000: 010f 8442 | 0000 00f6 | c102 0f85 | 3900 0000 | 4883 ec20 | 40f6 c40f | 0f84 1900 | 0000 4883 
  0x000001b6cce20020: ec08 48b8 | c07b 8811 | fc7f 0000 | ffd0 4883 | c408 e90c | 0000 0048 | b8c0 7b88 | 11fc 7f00 
  0x000001b6cce20040: 00ff d048 | 83c4 20ff | e049 8b8f | e005 0000 | 4885 c90f | 8455 0000 | 008b 899c | 0000 0083 
  0x000001b6cce20060: f901 0f85 | 4600 0000 | 498b 8fe0 | 0500 008b | 89a0 0000 | 0048 83ec | 2040 f6c4 | 0f0f 8419 
  0x000001b6cce20080: 0000 0048 | 83ec 0848 | b8b0 7b88 | 11fc 7f00 | 00ff d048 | 83c4 08e9 | 0c00 0000 | 48b8 b07b 
  0x000001b6cce200a0: 8811 fc7f | 0000 ffd0 | 4883 c420 | ffe0 4983 | 7f08 000f | 8405 0000 | 00e9 420e | feff 4c8b 
  0x000001b6cce200c0: 6dc0 4c8b | 75c8 4e8d | 74f5 00c3 | 488b 4dd0 | 410f b755 | 0148 8b49 | 286b d218 | 488d 4c11 
  0x000001b6cce200e0: 088b 5908 | 0fb6 5111 | 0fb6 4110 | 4c8b 094d | 8b49 704d | 8b09 85c0 | 0f85 0b00 | 0000 410f 
  0x000001b6cce20100: be04 1950 | e9b5 0000 | 0083 f801 | 0f85 0b00 | 0000 410f | b604 1950 | e9a1 0000 | 0083 f808 
  0x000001b6cce20120: 0f85 0e00 | 0000 418b | 0419 48c1 | e003 50e9 | 8a00 0000 | 83f8 040f | 850a 0000 | 0041 8b04 
  0x000001b6cce20140: 1950 e977 | 0000 0083 | f802 0f85 | 0b00 0000 | 410f b704 | 1950 e963 | 0000 0083 | f803 0f85 
  0x000001b6cce20160: 0b00 0000 | 410f bf04 | 1950 e94f | 0000 0083 | f805 0f85 | 1a00 0000 | 498b 0419 | 4883 ec10 
  0x000001b6cce20180: 4889 0424 | 48c7 4424 | 0800 0000 | 00e9 2c00 | 0000 83f8 | 060f 8514 | 0000 00c4 | c17a 1004 
  0x000001b6cce201a0: 1948 83ec | 08c5 fa11 | 0424 e90f | 0000 00c4 | c17b 1004 | 1948 83ec | 10c5 fb11 | 0424 410f 
  0x000001b6cce201c0: b65d 0349 | 83c5 0349 | ba30 1113 | 12fc 7f00 | 0041 ff24 | da66 6690 
[/MachCode]

---------------  P R O C E S S  ---------------

Threads class SMR info:
_java_thread_list=0x000001b6dc887900, length=14, elements={
0x000001b6bb304080, 0x000001b6dc4d6e80, 0x000001b6dc4d7e90, 0x000001b6dc4e5900,
0x000001b6dc4e6450, 0x000001b6dc4e7740, 0x000001b6dc4e8b60, 0x000001b6dc4ef800,
0x000001b6dc4f3dc0, 0x000001b6dc6e2d90, 0x000001b6dc8a9bf0, 0x000001b6dc8da100,
0x000001b6dc8da790, 0x000001b6dc8c40f0
}

Java Threads: ( => current thread )
=>0x000001b6bb304080 JavaThread "main"                              [_thread_in_native, id=15644, stack(0x0000004d4f000000,0x0000004d4f100000) (1024K)]
  0x000001b6dc4d6e80 JavaThread "Reference Handler"          daemon [_thread_blocked, id=1760, stack(0x0000004d4f800000,0x0000004d4f900000) (1024K)]
  0x000001b6dc4d7e90 JavaThread "Finalizer"                  daemon [_thread_blocked, id=18204, stack(0x0000004d4f900000,0x0000004d4fa00000) (1024K)]
  0x000001b6dc4e5900 JavaThread "Signal Dispatcher"          daemon [_thread_blocked, id=8312, stack(0x0000004d4fa00000,0x0000004d4fb00000) (1024K)]
  0x000001b6dc4e6450 JavaThread "Attach Listener"            daemon [_thread_blocked, id=7152, stack(0x0000004d4fb00000,0x0000004d4fc00000) (1024K)]
  0x000001b6dc4e7740 JavaThread "Service Thread"             daemon [_thread_blocked, id=12056, stack(0x0000004d4fc00000,0x0000004d4fd00000) (1024K)]
  0x000001b6dc4e8b60 JavaThread "Monitor Deflation Thread"   daemon [_thread_blocked, id=4628, stack(0x0000004d4fd00000,0x0000004d4fe00000) (1024K)]
  0x000001b6dc4ef800 JavaThread "C2 CompilerThread0"         daemon [_thread_blocked, id=29216, stack(0x0000004d4fe00000,0x0000004d4ff00000) (1024K)]
  0x000001b6dc4f3dc0 JavaThread "C1 CompilerThread0"         daemon [_thread_blocked, id=24720, stack(0x0000004d4ff00000,0x0000004d50000000) (1024K)]
  0x000001b6dc6e2d90 JavaThread "Common-Cleaner"             daemon [_thread_blocked, id=15160, stack(0x0000004d50000000,0x0000004d50100000) (1024K)]
  0x000001b6dc8a9bf0 JavaThread "JDWP Transport Listener: dt_socket" daemon [_thread_blocked, id=15204, stack(0x0000004d50100000,0x0000004d50200000) (1024K)]
  0x000001b6dc8da100 JavaThread "JDWP Event Helper Thread"   daemon [_thread_blocked, id=28568, stack(0x0000004d50200000,0x0000004d50300000) (1024K)]
  0x000001b6dc8da790 JavaThread "JDWP Command Reader"        daemon [_thread_in_native, id=31820, stack(0x0000004d50300000,0x0000004d50400000) (1024K)]
  0x000001b6dc8c40f0 JavaThread "Notification Thread"        daemon [_thread_blocked, id=8296, stack(0x0000004d50400000,0x0000004d50500000) (1024K)]
Total: 14

Other Threads:
  0x000001b6dc4bc300 VMThread "VM Thread"                           [id=11900, stack(0x0000004d4f700000,0x0000004d4f800000) (1024K)]
  0x000001b6dc4a40c0 WatcherThread "VM Periodic Task Thread"        [id=468, stack(0x0000004d4f600000,0x0000004d4f700000) (1024K)]
  0x000001b6bd5f6620 WorkerThread "GC Thread#0"                     [id=32328, stack(0x0000004d4f100000,0x0000004d4f200000) (1024K)]
  0x000001b6bd607190 ConcurrentGCThread "G1 Main Marker"            [id=23140, stack(0x0000004d4f200000,0x0000004d4f300000) (1024K)]
  0x000001b6bd607ca0 WorkerThread "G1 Conc#0"                       [id=8240, stack(0x0000004d4f300000,0x0000004d4f400000) (1024K)]
  0x000001b6dc3745a0 ConcurrentGCThread "G1 Refine#0"               [id=29392, stack(0x0000004d4f400000,0x0000004d4f500000) (1024K)]
  0x000001b6dc374f30 ConcurrentGCThread "G1 Service"                [id=18460, stack(0x0000004d4f500000,0x0000004d4f600000) (1024K)]
Total: 7

Threads with active compile tasks:
Total: 0

VM state: not at safepoint (normal execution)

VM Mutex/Monitor currently owned by a thread: None

Heap address: 0x0000000704800000, size: 4024 MB, Compressed Oops mode: Zero based, Oop shift amount: 3

CDS archive(s) mapped at: [0x000001b6dd000000-0x000001b6ddc60000-0x000001b6ddc60000), size 12976128, SharedBaseAddress: 0x000001b6dd000000, ArchiveRelocationMode: 1.
Compressed class space mapped at: 0x000001b6de000000-0x000001b71e000000, reserved size: 1073741824
Narrow klass base: 0x000001b6dd000000, Narrow klass shift: 0, Narrow klass range: 0x41000000

GC Precious Log:
 CardTable entry size: 512
 Card Set container configuration: InlinePtr #cards 4 size 8 Array Of Cards #cards 16 size 48 Howl #buckets 8 coarsen threshold 3686 Howl Bitmap #cards 512 size 80 coarsen threshold 460 Card regions per heap region 1 cards per card region 4096
 CPUs: 8 total, 8 available
 Memory: 16090M
 Large Page Support: Disabled
 NUMA Support: Disabled
 Compressed Oops: Enabled (Zero based)
 Heap Region Size: 2M
 Heap Min Capacity: 8M
 Heap Initial Capacity: 252M
 Heap Max Capacity: 4024M
 Pre-touch: Disabled
 Parallel Workers: 8
 Concurrent Workers: 2
 Concurrent Refinement Workers: 8
 Periodic GC: Disabled

Heap:
 garbage-first heap   total reserved 4120576K, committed 258048K, used 8192K [0x0000000704800000, 0x0000000800000000)
  region size 2048K, 5 young (10240K), 0 survivors (0K)
 Metaspace       used 1903K, committed 2112K, reserved 1114112K
  class space    used 150K, committed 256K, reserved 1048576K

Heap Regions: E=young(eden), S=young(survivor), O=old, HS=humongous(starts), HC=humongous(continues), CS=collection set, F=free, TAMS=top-at-mark-start, PB=parsable bottom
|   0|0x0000000704800000, 0x0000000704800000, 0x0000000704a00000|  0%| F|  |TAMS 0x0000000704800000| PB 0x0000000704800000| Untracked |  0
|   1|0x0000000704a00000, 0x0000000704a00000, 0x0000000704c00000|  0%| F|  |TAMS 0x0000000704a00000| PB 0x0000000704a00000| Untracked |  0
|   2|0x0000000704c00000, 0x0000000704c00000, 0x0000000704e00000|  0%| F|  |TAMS 0x0000000704c00000| PB 0x0000000704c00000| Untracked |  0
|   3|0x0000000704e00000, 0x0000000704e00000, 0x0000000705000000|  0%| F|  |TAMS 0x0000000704e00000| PB 0x0000000704e00000| Untracked |  0
|   4|0x0000000705000000, 0x0000000705000000, 0x0000000705200000|  0%| F|  |TAMS 0x0000000705000000| PB 0x0000000705000000| Untracked |  0
|   5|0x0000000705200000, 0x0000000705200000, 0x0000000705400000|  0%| F|  |TAMS 0x0000000705200000| PB 0x0000000705200000| Untracked |  0
|   6|0x0000000705400000, 0x0000000705400000, 0x0000000705600000|  0%| F|  |TAMS 0x0000000705400000| PB 0x0000000705400000| Untracked |  0
|   7|0x0000000705600000, 0x0000000705600000, 0x0000000705800000|  0%| F|  |TAMS 0x0000000705600000| PB 0x0000000705600000| Untracked |  0
|   8|0x0000000705800000, 0x0000000705800000, 0x0000000705a00000|  0%| F|  |TAMS 0x0000000705800000| PB 0x0000000705800000| Untracked |  0
|   9|0x0000000705a00000, 0x0000000705a00000, 0x0000000705c00000|  0%| F|  |TAMS 0x0000000705a00000| PB 0x0000000705a00000| Untracked |  0
|  10|0x0000000705c00000, 0x0000000705c00000, 0x0000000705e00000|  0%| F|  |TAMS 0x0000000705c00000| PB 0x0000000705c00000| Untracked |  0
|  11|0x0000000705e00000, 0x0000000705e00000, 0x0000000706000000|  0%| F|  |TAMS 0x0000000705e00000| PB 0x0000000705e00000| Untracked |  0
|  12|0x0000000706000000, 0x0000000706000000, 0x0000000706200000|  0%| F|  |TAMS 0x0000000706000000| PB 0x0000000706000000| Untracked |  0
|  13|0x0000000706200000, 0x0000000706200000, 0x0000000706400000|  0%| F|  |TAMS 0x0000000706200000| PB 0x0000000706200000| Untracked |  0
|  14|0x0000000706400000, 0x0000000706400000, 0x0000000706600000|  0%| F|  |TAMS 0x0000000706400000| PB 0x0000000706400000| Untracked |  0
|  15|0x0000000706600000, 0x0000000706600000, 0x0000000706800000|  0%| F|  |TAMS 0x0000000706600000| PB 0x0000000706600000| Untracked |  0
|  16|0x0000000706800000, 0x0000000706800000, 0x0000000706a00000|  0%| F|  |TAMS 0x0000000706800000| PB 0x0000000706800000| Untracked |  0
|  17|0x0000000706a00000, 0x0000000706a00000, 0x0000000706c00000|  0%| F|  |TAMS 0x0000000706a00000| PB 0x0000000706a00000| Untracked |  0
|  18|0x0000000706c00000, 0x0000000706c00000, 0x0000000706e00000|  0%| F|  |TAMS 0x0000000706c00000| PB 0x0000000706c00000| Untracked |  0
|  19|0x0000000706e00000, 0x0000000706e00000, 0x0000000707000000|  0%| F|  |TAMS 0x0000000706e00000| PB 0x0000000706e00000| Untracked |  0
|  20|0x0000000707000000, 0x0000000707000000, 0x0000000707200000|  0%| F|  |TAMS 0x0000000707000000| PB 0x0000000707000000| Untracked |  0
|  21|0x0000000707200000, 0x0000000707200000, 0x0000000707400000|  0%| F|  |TAMS 0x0000000707200000| PB 0x0000000707200000| Untracked |  0
|  22|0x0000000707400000, 0x0000000707400000, 0x0000000707600000|  0%| F|  |TAMS 0x0000000707400000| PB 0x0000000707400000| Untracked |  0
|  23|0x0000000707600000, 0x0000000707600000, 0x0000000707800000|  0%| F|  |TAMS 0x0000000707600000| PB 0x0000000707600000| Untracked |  0
|  24|0x0000000707800000, 0x0000000707800000, 0x0000000707a00000|  0%| F|  |TAMS 0x0000000707800000| PB 0x0000000707800000| Untracked |  0
|  25|0x0000000707a00000, 0x0000000707a00000, 0x0000000707c00000|  0%| F|  |TAMS 0x0000000707a00000| PB 0x0000000707a00000| Untracked |  0
|  26|0x0000000707c00000, 0x0000000707c00000, 0x0000000707e00000|  0%| F|  |TAMS 0x0000000707c00000| PB 0x0000000707c00000| Untracked |  0
|  27|0x0000000707e00000, 0x0000000707e00000, 0x0000000708000000|  0%| F|  |TAMS 0x0000000707e00000| PB 0x0000000707e00000| Untracked |  0
|  28|0x0000000708000000, 0x0000000708000000, 0x0000000708200000|  0%| F|  |TAMS 0x0000000708000000| PB 0x0000000708000000| Untracked |  0
|  29|0x0000000708200000, 0x0000000708200000, 0x0000000708400000|  0%| F|  |TAMS 0x0000000708200000| PB 0x0000000708200000| Untracked |  0
|  30|0x0000000708400000, 0x0000000708400000, 0x0000000708600000|  0%| F|  |TAMS 0x0000000708400000| PB 0x0000000708400000| Untracked |  0
|  31|0x0000000708600000, 0x0000000708600000, 0x0000000708800000|  0%| F|  |TAMS 0x0000000708600000| PB 0x0000000708600000| Untracked |  0
|  32|0x0000000708800000, 0x0000000708800000, 0x0000000708a00000|  0%| F|  |TAMS 0x0000000708800000| PB 0x0000000708800000| Untracked |  0
|  33|0x0000000708a00000, 0x0000000708a00000, 0x0000000708c00000|  0%| F|  |TAMS 0x0000000708a00000| PB 0x0000000708a00000| Untracked |  0
|  34|0x0000000708c00000, 0x0000000708c00000, 0x0000000708e00000|  0%| F|  |TAMS 0x0000000708c00000| PB 0x0000000708c00000| Untracked |  0
|  35|0x0000000708e00000, 0x0000000708e00000, 0x0000000709000000|  0%| F|  |TAMS 0x0000000708e00000| PB 0x0000000708e00000| Untracked |  0
|  36|0x0000000709000000, 0x0000000709000000, 0x0000000709200000|  0%| F|  |TAMS 0x0000000709000000| PB 0x0000000709000000| Untracked |  0
|  37|0x0000000709200000, 0x0000000709200000, 0x0000000709400000|  0%| F|  |TAMS 0x0000000709200000| PB 0x0000000709200000| Untracked |  0
|  38|0x0000000709400000, 0x0000000709400000, 0x0000000709600000|  0%| F|  |TAMS 0x0000000709400000| PB 0x0000000709400000| Untracked |  0
|  39|0x0000000709600000, 0x0000000709600000, 0x0000000709800000|  0%| F|  |TAMS 0x0000000709600000| PB 0x0000000709600000| Untracked |  0
|  40|0x0000000709800000, 0x0000000709800000, 0x0000000709a00000|  0%| F|  |TAMS 0x0000000709800000| PB 0x0000000709800000| Untracked |  0
|  41|0x0000000709a00000, 0x0000000709a00000, 0x0000000709c00000|  0%| F|  |TAMS 0x0000000709a00000| PB 0x0000000709a00000| Untracked |  0
|  42|0x0000000709c00000, 0x0000000709c00000, 0x0000000709e00000|  0%| F|  |TAMS 0x0000000709c00000| PB 0x0000000709c00000| Untracked |  0
|  43|0x0000000709e00000, 0x0000000709e00000, 0x000000070a000000|  0%| F|  |TAMS 0x0000000709e00000| PB 0x0000000709e00000| Untracked |  0
|  44|0x000000070a000000, 0x000000070a000000, 0x000000070a200000|  0%| F|  |TAMS 0x000000070a000000| PB 0x000000070a000000| Untracked |  0
|  45|0x000000070a200000, 0x000000070a200000, 0x000000070a400000|  0%| F|  |TAMS 0x000000070a200000| PB 0x000000070a200000| Untracked |  0
|  46|0x000000070a400000, 0x000000070a400000, 0x000000070a600000|  0%| F|  |TAMS 0x000000070a400000| PB 0x000000070a400000| Untracked |  0
|  47|0x000000070a600000, 0x000000070a600000, 0x000000070a800000|  0%| F|  |TAMS 0x000000070a600000| PB 0x000000070a600000| Untracked |  0
|  48|0x000000070a800000, 0x000000070a800000, 0x000000070aa00000|  0%| F|  |TAMS 0x000000070a800000| PB 0x000000070a800000| Untracked |  0
|  49|0x000000070aa00000, 0x000000070aa00000, 0x000000070ac00000|  0%| F|  |TAMS 0x000000070aa00000| PB 0x000000070aa00000| Untracked |  0
|  50|0x000000070ac00000, 0x000000070ac00000, 0x000000070ae00000|  0%| F|  |TAMS 0x000000070ac00000| PB 0x000000070ac00000| Untracked |  0
|  51|0x000000070ae00000, 0x000000070ae00000, 0x000000070b000000|  0%| F|  |TAMS 0x000000070ae00000| PB 0x000000070ae00000| Untracked |  0
|  52|0x000000070b000000, 0x000000070b000000, 0x000000070b200000|  0%| F|  |TAMS 0x000000070b000000| PB 0x000000070b000000| Untracked |  0
|  53|0x000000070b200000, 0x000000070b200000, 0x000000070b400000|  0%| F|  |TAMS 0x000000070b200000| PB 0x000000070b200000| Untracked |  0
|  54|0x000000070b400000, 0x000000070b400000, 0x000000070b600000|  0%| F|  |TAMS 0x000000070b400000| PB 0x000000070b400000| Untracked |  0
|  55|0x000000070b600000, 0x000000070b600000, 0x000000070b800000|  0%| F|  |TAMS 0x000000070b600000| PB 0x000000070b600000| Untracked |  0
|  56|0x000000070b800000, 0x000000070b800000, 0x000000070ba00000|  0%| F|  |TAMS 0x000000070b800000| PB 0x000000070b800000| Untracked |  0
|  57|0x000000070ba00000, 0x000000070ba00000, 0x000000070bc00000|  0%| F|  |TAMS 0x000000070ba00000| PB 0x000000070ba00000| Untracked |  0
|  58|0x000000070bc00000, 0x000000070bc00000, 0x000000070be00000|  0%| F|  |TAMS 0x000000070bc00000| PB 0x000000070bc00000| Untracked |  0
|  59|0x000000070be00000, 0x000000070be00000, 0x000000070c000000|  0%| F|  |TAMS 0x000000070be00000| PB 0x000000070be00000| Untracked |  0
|  60|0x000000070c000000, 0x000000070c000000, 0x000000070c200000|  0%| F|  |TAMS 0x000000070c000000| PB 0x000000070c000000| Untracked |  0
|  61|0x000000070c200000, 0x000000070c200000, 0x000000070c400000|  0%| F|  |TAMS 0x000000070c200000| PB 0x000000070c200000| Untracked |  0
|  62|0x000000070c400000, 0x000000070c400000, 0x000000070c600000|  0%| F|  |TAMS 0x000000070c400000| PB 0x000000070c400000| Untracked |  0
|  63|0x000000070c600000, 0x000000070c600000, 0x000000070c800000|  0%| F|  |TAMS 0x000000070c600000| PB 0x000000070c600000| Untracked |  0
|  64|0x000000070c800000, 0x000000070c800000, 0x000000070ca00000|  0%| F|  |TAMS 0x000000070c800000| PB 0x000000070c800000| Untracked |  0
|  65|0x000000070ca00000, 0x000000070ca00000, 0x000000070cc00000|  0%| F|  |TAMS 0x000000070ca00000| PB 0x000000070ca00000| Untracked |  0
|  66|0x000000070cc00000, 0x000000070cc00000, 0x000000070ce00000|  0%| F|  |TAMS 0x000000070cc00000| PB 0x000000070cc00000| Untracked |  0
|  67|0x000000070ce00000, 0x000000070ce00000, 0x000000070d000000|  0%| F|  |TAMS 0x000000070ce00000| PB 0x000000070ce00000| Untracked |  0
|  68|0x000000070d000000, 0x000000070d000000, 0x000000070d200000|  0%| F|  |TAMS 0x000000070d000000| PB 0x000000070d000000| Untracked |  0
|  69|0x000000070d200000, 0x000000070d200000, 0x000000070d400000|  0%| F|  |TAMS 0x000000070d200000| PB 0x000000070d200000| Untracked |  0
|  70|0x000000070d400000, 0x000000070d400000, 0x000000070d600000|  0%| F|  |TAMS 0x000000070d400000| PB 0x000000070d400000| Untracked |  0
|  71|0x000000070d600000, 0x000000070d600000, 0x000000070d800000|  0%| F|  |TAMS 0x000000070d600000| PB 0x000000070d600000| Untracked |  0
|  72|0x000000070d800000, 0x000000070d800000, 0x000000070da00000|  0%| F|  |TAMS 0x000000070d800000| PB 0x000000070d800000| Untracked |  0
|  73|0x000000070da00000, 0x000000070da00000, 0x000000070dc00000|  0%| F|  |TAMS 0x000000070da00000| PB 0x000000070da00000| Untracked |  0
|  74|0x000000070dc00000, 0x000000070dc00000, 0x000000070de00000|  0%| F|  |TAMS 0x000000070dc00000| PB 0x000000070dc00000| Untracked |  0
|  75|0x000000070de00000, 0x000000070de00000, 0x000000070e000000|  0%| F|  |TAMS 0x000000070de00000| PB 0x000000070de00000| Untracked |  0
|  76|0x000000070e000000, 0x000000070e000000, 0x000000070e200000|  0%| F|  |TAMS 0x000000070e000000| PB 0x000000070e000000| Untracked |  0
|  77|0x000000070e200000, 0x000000070e200000, 0x000000070e400000|  0%| F|  |TAMS 0x000000070e200000| PB 0x000000070e200000| Untracked |  0
|  78|0x000000070e400000, 0x000000070e400000, 0x000000070e600000|  0%| F|  |TAMS 0x000000070e400000| PB 0x000000070e400000| Untracked |  0
|  79|0x000000070e600000, 0x000000070e600000, 0x000000070e800000|  0%| F|  |TAMS 0x000000070e600000| PB 0x000000070e600000| Untracked |  0
|  80|0x000000070e800000, 0x000000070e800000, 0x000000070ea00000|  0%| F|  |TAMS 0x000000070e800000| PB 0x000000070e800000| Untracked |  0
|  81|0x000000070ea00000, 0x000000070ea00000, 0x000000070ec00000|  0%| F|  |TAMS 0x000000070ea00000| PB 0x000000070ea00000| Untracked |  0
|  82|0x000000070ec00000, 0x000000070ec00000, 0x000000070ee00000|  0%| F|  |TAMS 0x000000070ec00000| PB 0x000000070ec00000| Untracked |  0
|  83|0x000000070ee00000, 0x000000070ee00000, 0x000000070f000000|  0%| F|  |TAMS 0x000000070ee00000| PB 0x000000070ee00000| Untracked |  0
|  84|0x000000070f000000, 0x000000070f000000, 0x000000070f200000|  0%| F|  |TAMS 0x000000070f000000| PB 0x000000070f000000| Untracked |  0
|  85|0x000000070f200000, 0x000000070f200000, 0x000000070f400000|  0%| F|  |TAMS 0x000000070f200000| PB 0x000000070f200000| Untracked |  0
|  86|0x000000070f400000, 0x000000070f400000, 0x000000070f600000|  0%| F|  |TAMS 0x000000070f400000| PB 0x000000070f400000| Untracked |  0
|  87|0x000000070f600000, 0x000000070f600000, 0x000000070f800000|  0%| F|  |TAMS 0x000000070f600000| PB 0x000000070f600000| Untracked |  0
|  88|0x000000070f800000, 0x000000070f800000, 0x000000070fa00000|  0%| F|  |TAMS 0x000000070f800000| PB 0x000000070f800000| Untracked |  0
|  89|0x000000070fa00000, 0x000000070fa00000, 0x000000070fc00000|  0%| F|  |TAMS 0x000000070fa00000| PB 0x000000070fa00000| Untracked |  0
|  90|0x000000070fc00000, 0x000000070fc00000, 0x000000070fe00000|  0%| F|  |TAMS 0x000000070fc00000| PB 0x000000070fc00000| Untracked |  0
|  91|0x000000070fe00000, 0x000000070fe00000, 0x0000000710000000|  0%| F|  |TAMS 0x000000070fe00000| PB 0x000000070fe00000| Untracked |  0
|  92|0x0000000710000000, 0x0000000710000000, 0x0000000710200000|  0%| F|  |TAMS 0x0000000710000000| PB 0x0000000710000000| Untracked |  0
|  93|0x0000000710200000, 0x0000000710200000, 0x0000000710400000|  0%| F|  |TAMS 0x0000000710200000| PB 0x0000000710200000| Untracked |  0
|  94|0x0000000710400000, 0x0000000710400000, 0x0000000710600000|  0%| F|  |TAMS 0x0000000710400000| PB 0x0000000710400000| Untracked |  0
|  95|0x0000000710600000, 0x0000000710600000, 0x0000000710800000|  0%| F|  |TAMS 0x0000000710600000| PB 0x0000000710600000| Untracked |  0
|  96|0x0000000710800000, 0x0000000710800000, 0x0000000710a00000|  0%| F|  |TAMS 0x0000000710800000| PB 0x0000000710800000| Untracked |  0
|  97|0x0000000710a00000, 0x0000000710a00000, 0x0000000710c00000|  0%| F|  |TAMS 0x0000000710a00000| PB 0x0000000710a00000| Untracked |  0
|  98|0x0000000710c00000, 0x0000000710c00000, 0x0000000710e00000|  0%| F|  |TAMS 0x0000000710c00000| PB 0x0000000710c00000| Untracked |  0
|  99|0x0000000710e00000, 0x0000000710e00000, 0x0000000711000000|  0%| F|  |TAMS 0x0000000710e00000| PB 0x0000000710e00000| Untracked |  0
| 100|0x0000000711000000, 0x0000000711000000, 0x0000000711200000|  0%| F|  |TAMS 0x0000000711000000| PB 0x0000000711000000| Untracked |  0
| 101|0x0000000711200000, 0x0000000711200000, 0x0000000711400000|  0%| F|  |TAMS 0x0000000711200000| PB 0x0000000711200000| Untracked |  0
| 102|0x0000000711400000, 0x0000000711400000, 0x0000000711600000|  0%| F|  |TAMS 0x0000000711400000| PB 0x0000000711400000| Untracked |  0
| 103|0x0000000711600000, 0x0000000711600000, 0x0000000711800000|  0%| F|  |TAMS 0x0000000711600000| PB 0x0000000711600000| Untracked |  0
| 104|0x0000000711800000, 0x0000000711800000, 0x0000000711a00000|  0%| F|  |TAMS 0x0000000711800000| PB 0x0000000711800000| Untracked |  0
| 105|0x0000000711a00000, 0x0000000711a00000, 0x0000000711c00000|  0%| F|  |TAMS 0x0000000711a00000| PB 0x0000000711a00000| Untracked |  0
| 106|0x0000000711c00000, 0x0000000711c00000, 0x0000000711e00000|  0%| F|  |TAMS 0x0000000711c00000| PB 0x0000000711c00000| Untracked |  0
| 107|0x0000000711e00000, 0x0000000711e00000, 0x0000000712000000|  0%| F|  |TAMS 0x0000000711e00000| PB 0x0000000711e00000| Untracked |  0
| 108|0x0000000712000000, 0x0000000712000000, 0x0000000712200000|  0%| F|  |TAMS 0x0000000712000000| PB 0x0000000712000000| Untracked |  0
| 109|0x0000000712200000, 0x0000000712200000, 0x0000000712400000|  0%| F|  |TAMS 0x0000000712200000| PB 0x0000000712200000| Untracked |  0
| 110|0x0000000712400000, 0x0000000712400000, 0x0000000712600000|  0%| F|  |TAMS 0x0000000712400000| PB 0x0000000712400000| Untracked |  0
| 111|0x0000000712600000, 0x0000000712600000, 0x0000000712800000|  0%| F|  |TAMS 0x0000000712600000| PB 0x0000000712600000| Untracked |  0
| 112|0x0000000712800000, 0x0000000712800000, 0x0000000712a00000|  0%| F|  |TAMS 0x0000000712800000| PB 0x0000000712800000| Untracked |  0
| 113|0x0000000712a00000, 0x0000000712a00000, 0x0000000712c00000|  0%| F|  |TAMS 0x0000000712a00000| PB 0x0000000712a00000| Untracked |  0
| 114|0x0000000712c00000, 0x0000000712c00000, 0x0000000712e00000|  0%| F|  |TAMS 0x0000000712c00000| PB 0x0000000712c00000| Untracked |  0
| 115|0x0000000712e00000, 0x0000000712e00000, 0x0000000713000000|  0%| F|  |TAMS 0x0000000712e00000| PB 0x0000000712e00000| Untracked |  0
| 116|0x0000000713000000, 0x0000000713000000, 0x0000000713200000|  0%| F|  |TAMS 0x0000000713000000| PB 0x0000000713000000| Untracked |  0
| 117|0x0000000713200000, 0x0000000713200000, 0x0000000713400000|  0%| F|  |TAMS 0x0000000713200000| PB 0x0000000713200000| Untracked |  0
| 118|0x0000000713400000, 0x0000000713400000, 0x0000000713600000|  0%| F|  |TAMS 0x0000000713400000| PB 0x0000000713400000| Untracked |  0
| 119|0x0000000713600000, 0x0000000713600000, 0x0000000713800000|  0%| F|  |TAMS 0x0000000713600000| PB 0x0000000713600000| Untracked |  0
| 120|0x0000000713800000, 0x0000000713800000, 0x0000000713a00000|  0%| F|  |TAMS 0x0000000713800000| PB 0x0000000713800000| Untracked |  0
| 121|0x0000000713a00000, 0x0000000713a7ae30, 0x0000000713c00000| 24%| E|  |TAMS 0x0000000713a00000| PB 0x0000000713a00000| Complete |  0
| 122|0x0000000713c00000, 0x0000000713e00000, 0x0000000713e00000|100%| E|CS|TAMS 0x0000000713c00000| PB 0x0000000713c00000| Complete |  0
| 123|0x0000000713e00000, 0x0000000714000000, 0x0000000714000000|100%| E|CS|TAMS 0x0000000713e00000| PB 0x0000000713e00000| Complete |  0
| 124|0x0000000714000000, 0x0000000714200000, 0x0000000714200000|100%| E|CS|TAMS 0x0000000714000000| PB 0x0000000714000000| Complete |  0
| 125|0x0000000714200000, 0x0000000714400000, 0x0000000714400000|100%| E|CS|TAMS 0x0000000714200000| PB 0x0000000714200000| Complete |  0

Card table byte_map: [0x000001b6d53e0000,0x000001b6d5bc0000] _byte_map_base: 0x000001b6d1bbc000

Marking Bits: (CMBitMap*) 0x000001b6bd5f6d30
 Bits: [0x000001b6d5bc0000, 0x000001b6d9aa0000)

Polling page: 0x000001b6bcd50000

Metaspace:

Usage:
  Non-class:      1.71 MB used.
      Class:    150.02 KB used.
       Both:      1.86 MB used.

Virtual space:
  Non-class space:       64.00 MB reserved,       1.81 MB (  3%) committed,  1 nodes.
      Class space:        1.00 GB reserved,     256.00 KB ( <1%) committed,  1 nodes.
             Both:        1.06 GB reserved,       2.06 MB ( <1%) committed. 

Chunk freelists:
   Non-Class:  11.45 MB
       Class:  15.67 MB
        Both:  27.12 MB

MaxMetaspaceSize: unlimited
CompressedClassSpaceSize: 1.00 GB
Initial GC threshold: 21.00 MB
Current GC threshold: 21.00 MB
CDS: on
 - commit_granule_bytes: 65536.
 - commit_granule_words: 8192.
 - virtual_space_node_default_size: 8388608.
 - enlarge_chunks_in_place: 1.
 - use_allocation_guard: 0.


Internal statistics:

num_allocs_failed_limit: 0.
num_arena_births: 74.
num_arena_deaths: 0.
num_vsnodes_births: 2.
num_vsnodes_deaths: 0.
num_space_committed: 33.
num_space_uncommitted: 0.
num_chunks_returned_to_freelist: 0.
num_chunks_taken_from_freelist: 109.
num_chunk_merges: 0.
num_chunk_splits: 73.
num_chunks_enlarged: 45.
num_inconsistent_stats: 0.

CodeHeap 'non-profiled nmethods': size=120000Kb used=151Kb max_used=151Kb free=119848Kb
 bounds [0x000001b6cd3a0000, 0x000001b6cd610000, 0x000001b6d48d0000]
CodeHeap 'profiled nmethods': size=120000Kb used=603Kb max_used=603Kb free=119396Kb
 bounds [0x000001b6c58d0000, 0x000001b6c5b40000, 0x000001b6cce00000]
CodeHeap 'non-nmethods': size=5760Kb used=1535Kb max_used=1538Kb free=4224Kb
 bounds [0x000001b6cce00000, 0x000001b6cd070000, 0x000001b6cd3a0000]
 total_blobs=919 nmethods=472 adapters=352
 compilation: enabled
              stopped_count=0, restarted_count=0
 full_count=0

Compilation events (20 events):
Event: 0.709 Thread 0x000001b6dc4f3dc0  464       3       java.lang.StringLatin1::indexOf (37 bytes)
Event: 0.709 Thread 0x000001b6dc4f3dc0 nmethod 464 0x000001b6c5963210 code [0x000001b6c59633e0, 0x000001b6c5963808]
Event: 0.709 Thread 0x000001b6dc4f3dc0  465       3       java.lang.String::lastIndexOf (12 bytes)
Event: 0.710 Thread 0x000001b6dc4f3dc0 nmethod 465 0x000001b6c5963990 code [0x000001b6c5963b80, 0x000001b6c5963fa0]
Event: 0.710 Thread 0x000001b6dc4f3dc0  466       3       java.lang.StringConcatHelper::mix (27 bytes)
Event: 0.710 Thread 0x000001b6dc4f3dc0 nmethod 466 0x000001b6c5964110 code [0x000001b6c59642e0, 0x000001b6c59646e0]
Event: 0.710 Thread 0x000001b6dc4f3dc0  467       3       java.lang.StringConcatHelper::checkOverflow (17 bytes)
Event: 0.710 Thread 0x000001b6dc4f3dc0 nmethod 467 0x000001b6c5964890 code [0x000001b6c5964a40, 0x000001b6c5964c20]
Event: 0.710 Thread 0x000001b6dc4f3dc0  468       3       java.lang.StringConcatHelper::prepend (37 bytes)
Event: 0.710 Thread 0x000001b6dc4f3dc0 nmethod 468 0x000001b6c5964d10 code [0x000001b6c5964ee0, 0x000001b6c59651c0]
Event: 0.712 Thread 0x000001b6dc4f3dc0  469       3       jdk.internal.jimage.ImageStringsReader::hashCode (33 bytes)
Event: 0.712 Thread 0x000001b6dc4f3dc0 nmethod 469 0x000001b6c5965310 code [0x000001b6c59654c0, 0x000001b6c5965640]
Event: 0.712 Thread 0x000001b6dc4f3dc0  470       3       java.util.concurrent.ConcurrentHashMap$ValueIterator::next (34 bytes)
Event: 0.712 Thread 0x000001b6dc4f3dc0 nmethod 470 0x000001b6c5965710 code [0x000001b6c59658e0, 0x000001b6c5965b70]
Event: 0.712 Thread 0x000001b6dc4f3dc0  471       3       java.util.Optional::empty (6 bytes)
Event: 0.712 Thread 0x000001b6dc4f3dc0 nmethod 471 0x000001b6c5965c90 code [0x000001b6c5965e20, 0x000001b6c5965f18]
Event: 0.712 Thread 0x000001b6dc4f3dc0  472       3       java.lang.Integer::stringSize (47 bytes)
Event: 0.712 Thread 0x000001b6dc4f3dc0 nmethod 472 0x000001b6c5965f90 code [0x000001b6c5966140, 0x000001b6c5966380]
Event: 0.712 Thread 0x000001b6dc4f3dc0  473       3       java.lang.StringLatin1::getChars (102 bytes)
Event: 0.712 Thread 0x000001b6dc4f3dc0 nmethod 473 0x000001b6c5966490 code [0x000001b6c5966660, 0x000001b6c5966a48]

GC Heap History (0 events):
No events

Dll operation events (9 events):
Event: 0.012 Loaded shared library C:\Users\tranp\.jdks\openjdk-22.0.2\bin\java.dll
Event: 0.013 Loaded shared library C:\Users\tranp\.jdks\openjdk-22.0.2\bin\zip.dll
Event: 0.038 Loaded shared library C:\Users\tranp\.jdks\openjdk-22.0.2\bin\jsvml.dll
Event: 0.546 Loaded shared library C:\Users\tranp\.jdks\openjdk-22.0.2\bin\instrument.dll
Event: 0.581 Loaded shared library C:\Users\tranp\.jdks\openjdk-22.0.2\bin\net.dll
Event: 0.582 Loaded shared library C:\Users\tranp\.jdks\openjdk-22.0.2\bin\nio.dll
Event: 0.597 Loaded shared library C:\Users\tranp\.jdks\openjdk-22.0.2\bin\zip.dll
Event: 0.648 Loaded shared library C:\Users\tranp\.jdks\openjdk-22.0.2\bin\jimage.dll
Event: 0.678 Loaded shared library C:\Users\tranp\AppData\Local\Temp\lwjgltranp\3.3.1-build-7\lwjgl.dll

Deoptimization events (10 events):
Event: 0.561 Thread 0x000001b6bb304080 Uncommon trap: trap_request=0xffffff45 fr.pc=0x000001b6cd3af470 relative=0x0000000000000070
Event: 0.561 Thread 0x000001b6bb304080 Uncommon trap: reason=unstable_if action=reinterpret pc=0x000001b6cd3af470 method=java.lang.String.isLatin1()Z @ 10 c2
Event: 0.561 Thread 0x000001b6bb304080 DEOPT PACKING pc=0x000001b6cd3af470 sp=0x0000004d4f0fe9b0
Event: 0.561 Thread 0x000001b6bb304080 DEOPT UNPACKING pc=0x000001b6cce57da2 sp=0x0000004d4f0fe950 mode 2
Event: 0.561 Thread 0x000001b6bb304080 Uncommon trap: trap_request=0xffffff45 fr.pc=0x000001b6cd3b0cfc relative=0x00000000000000dc
Event: 0.561 Thread 0x000001b6bb304080 Uncommon trap: reason=unstable_if action=reinterpret pc=0x000001b6cd3b0cfc method=java.lang.String.isLatin1()Z @ 10 c2
Event: 0.561 Thread 0x000001b6bb304080 DEOPT PACKING pc=0x000001b6cd3b0cfc sp=0x0000004d4f0ff370
Event: 0.561 Thread 0x000001b6bb304080 DEOPT UNPACKING pc=0x000001b6cce57da2 sp=0x0000004d4f0ff2c0 mode 2
Event: 0.709 Thread 0x000001b6bb304080 DEOPT PACKING pc=0x000001b6c58f6f77 sp=0x0000004d4f0fc7e0
Event: 0.709 Thread 0x000001b6bb304080 DEOPT UNPACKING pc=0x000001b6cce588e2 sp=0x0000004d4f0fbc00 mode 0

Classes loaded (20 events):
Event: 0.707 Loading class java/nio/BufferUnderflowException
Event: 0.707 Loading class java/nio/BufferUnderflowException done
Event: 0.707 Loading class org/lwjgl/system/MemoryStack
Event: 0.707 Loading class org/lwjgl/system/MemoryStack done
Event: 0.708 Loading class org/lwjgl/system/MemoryStack$DebugMemoryStack
Event: 0.708 Loading class org/lwjgl/system/MemoryStack$DebugMemoryStack done
Event: 0.709 Loading class java/lang/IndexOutOfBoundsException
Event: 0.709 Loading class java/lang/IndexOutOfBoundsException done
Event: 0.709 Loading class org/lwjgl/system/MemoryStack
Event: 0.709 Loading class org/lwjgl/system/MemoryStack done
Event: 0.709 Loading class org/lwjgl/system/MemoryStack
Event: 0.709 Loading class org/lwjgl/system/MemoryStack done
Event: 0.709 Loading class org/lwjgl/BufferUtils
Event: 0.709 Loading class org/lwjgl/BufferUtils done
Event: 0.710 Loading class org/lwjgl/system/windows/WinBase
Event: 0.710 Loading class org/lwjgl/system/windows/WinBase done
Event: 0.710 Loading class org/lwjgl/system/ThreadLocalUtil
Event: 0.710 Loading class org/lwjgl/system/ThreadLocalUtil done
Event: 0.712 Loading class org/lwjgl/glfw/GLFW$Functions
Event: 0.712 Loading class org/lwjgl/glfw/GLFW$Functions done

Classes unloaded (0 events):
No events

Classes redefined (0 events):
No events

Internal exceptions (19 events):
Event: 0.548 Thread 0x000001b6bb304080 Exception <a 'java/lang/NoSuchMethodError'{0x0000000714119c10}: 'void java.lang.invoke.DirectMethodHandle$Holder.invokeStatic(java.lang.Object, java.lang.Object, java.lang.Object)'> (0x0000000714119c10) 
thrown [s\open\src\hotspot\share\interpreter\linkResolver.cpp, line 774]
Event: 0.552 Thread 0x000001b6bb304080 Exception <a 'java/lang/NoSuchMethodError'{0x00000007141316a8}: 'java.lang.Object java.lang.invoke.Invokers$Holder.invokeExact_MT(java.lang.Object, java.lang.Object, java.lang.Object, java.lang.Object, java.lang.Object)'> (0x00000007141316a8) 
thrown [s\open\src\hotspot\share\interpreter\linkResolver.cpp, line 774]
Event: 0.631 Thread 0x000001b6bb304080 Exception <a 'java/lang/NoSuchMethodError'{0x0000000713fe8a80}: 'void java.lang.invoke.DirectMethodHandle$Holder.invokeStatic(java.lang.Object, java.lang.Object)'> (0x0000000713fe8a80) 
thrown [s\open\src\hotspot\share\interpreter\linkResolver.cpp, line 774]
Event: 0.632 Thread 0x000001b6bb304080 Exception <a 'java/lang/NoSuchMethodError'{0x0000000713ff46f0}: 'void java.lang.System.load(java.lang.String, java.lang.Class)'> (0x0000000713ff46f0) 
thrown [s\open\src\hotspot\share\interpreter\linkResolver.cpp, line 774]
Event: 0.632 Thread 0x000001b6bb304080 Exception <a 'java/lang/NoSuchMethodError'{0x0000000713ff5120}: 'void java.lang.invoke.DirectMethodHandle$Holder.invokeSpecial(java.lang.Object, java.lang.Object, java.lang.Object)'> (0x0000000713ff5120) 
thrown [s\open\src\hotspot\share\interpreter\linkResolver.cpp, line 774]
Event: 0.634 Thread 0x000001b6bb304080 Exception <a 'java/lang/NoSuchMethodError'{0x0000000713c08e40}: 'java.lang.Object java.lang.invoke.DirectMethodHandle$Holder.invokeStatic(java.lang.Object, java.lang.Object, int)'> (0x0000000713c08e40) 
thrown [s\open\src\hotspot\share\interpreter\linkResolver.cpp, line 774]
Event: 0.635 Thread 0x000001b6bb304080 Exception <a 'java/lang/NoSuchMethodError'{0x0000000713c14708}: 'void java.lang.invoke.DelegatingMethodHandle$Holder.delegate(java.lang.Object, java.lang.Object, int, java.lang.Object)'> (0x0000000713c14708) 
thrown [s\open\src\hotspot\share\interpreter\linkResolver.cpp, line 774]
Event: 0.636 Thread 0x000001b6bb304080 Exception <a 'java/lang/NoSuchMethodError'{0x0000000713c18448}: 'int java.lang.invoke.DirectMethodHandle$Holder.invokeSpecial(java.lang.Object, java.lang.Object, java.lang.Object)'> (0x0000000713c18448) 
thrown [s\open\src\hotspot\share\interpreter\linkResolver.cpp, line 774]
Event: 0.639 Thread 0x000001b6bb304080 Exception <a 'java/lang/NoSuchMethodError'{0x0000000713c34580}: 'void java.lang.System.loadLibrary(java.lang.String, java.lang.Class)'> (0x0000000713c34580) 
thrown [s\open\src\hotspot\share\interpreter\linkResolver.cpp, line 774]
Event: 0.677 Thread 0x000001b6bb304080 Exception <a 'sun/nio/fs/WindowsException'{0x0000000713cf74b8}> (0x0000000713cf74b8) 
thrown [s\open\src\hotspot\share\prims\jni.cpp, line 520]
Event: 0.677 Thread 0x000001b6bb304080 Exception <a 'sun/nio/fs/WindowsException'{0x0000000713cf8ac0}> (0x0000000713cf8ac0) 
thrown [s\open\src\hotspot\share\prims\jni.cpp, line 520]
Event: 0.691 Thread 0x000001b6bb304080 Exception <a 'sun/nio/fs/WindowsException'{0x0000000713d30920}> (0x0000000713d30920) 
thrown [s\open\src\hotspot\share\prims\jni.cpp, line 520]
Event: 0.691 Thread 0x000001b6bb304080 Exception <a 'sun/nio/fs/WindowsException'{0x0000000713d30c80}> (0x0000000713d30c80) 
thrown [s\open\src\hotspot\share\prims\jni.cpp, line 520]
Event: 0.701 Thread 0x000001b6bb304080 Exception <a 'java/lang/NoSuchMethodError'{0x0000000713d9fef0}: 'int java.lang.invoke.DirectMethodHandle$Holder.invokeStaticInit(java.lang.Object, java.lang.Object, int, long)'> (0x0000000713d9fef0) 
thrown [s\open\src\hotspot\share\interpreter\linkResolver.cpp, line 774]
Event: 0.702 Thread 0x000001b6bb304080 Exception <a 'java/lang/NoSuchMethodError'{0x0000000713da5030}: 'java.lang.Object java.lang.invoke.DirectMethodHandle$Holder.newInvokeSpecial(java.lang.Object, java.lang.Object, int)'> (0x0000000713da5030) 
thrown [s\open\src\hotspot\share\interpreter\linkResolver.cpp, line 774]
Event: 0.704 Thread 0x000001b6bb304080 Exception <a 'java/lang/NoSuchMethodError'{0x0000000713db66d0}: 'int java.lang.invoke.DirectMethodHandle$Holder.invokeStaticInit(java.lang.Object, java.lang.Object, long, long)'> (0x0000000713db66d0) 
thrown [s\open\src\hotspot\share\interpreter\linkResolver.cpp, line 774]
Event: 0.705 Thread 0x000001b6bb304080 Exception <a 'java/lang/NoSuchMethodError'{0x0000000713dbc158}: 'java.lang.Object java.lang.invoke.DirectMethodHandle$Holder.newInvokeSpecial(java.lang.Object, java.lang.Object, long)'> (0x0000000713dbc158) 
thrown [s\open\src\hotspot\share\interpreter\linkResolver.cpp, line 774]
Event: 0.705 Thread 0x000001b6bb304080 Exception <a 'java/lang/NoSuchMethodError'{0x0000000713dc0000}: 'java.lang.Object java.lang.invoke.Invokers$Holder.linkToTargetMethod(java.lang.Object, long, java.lang.Object)'> (0x0000000713dc0000) 
thrown [s\open\src\hotspot\share\interpreter\linkResolver.cpp, line 774]
Event: 0.706 Thread 0x000001b6bb304080 Exception <a 'java/lang/NoSuchMethodError'{0x0000000713dc7228}: 'int java.lang.invoke.DirectMethodHandle$Holder.invokeStaticInit(java.lang.Object, java.lang.Object, java.lang.Object, long)'> (0x0000000713dc7228) 
thrown [s\open\src\hotspot\share\interpreter\linkResolver.cpp, line 774]

ZGC Phase Switch (0 events):
No events

VM Operations (4 events):
Event: 0.542 Executing VM operation: ChangeBreakpoints
Event: 0.542 Executing VM operation: ChangeBreakpoints done
Event: 0.543 Executing VM operation: ChangeBreakpoints
Event: 0.543 Executing VM operation: ChangeBreakpoints done

Memory protections (0 events):
No events

Nmethod flushes (0 events):
No events

Events (14 events):
Event: 0.025 Thread 0x000001b6bb304080 Thread added: 0x000001b6bb304080
Event: 0.035 Thread 0x000001b6bb304080 Thread added: 0x000001b6dc4d6e80
Event: 0.035 Thread 0x000001b6bb304080 Thread added: 0x000001b6dc4d7e90
Event: 0.035 Thread 0x000001b6bb304080 Thread added: 0x000001b6dc4e5900
Event: 0.036 Thread 0x000001b6bb304080 Thread added: 0x000001b6dc4e6450
Event: 0.036 Thread 0x000001b6bb304080 Thread added: 0x000001b6dc4e7740
Event: 0.036 Thread 0x000001b6bb304080 Thread added: 0x000001b6dc4e8b60
Event: 0.036 Thread 0x000001b6bb304080 Thread added: 0x000001b6dc4ef800
Event: 0.036 Thread 0x000001b6bb304080 Thread added: 0x000001b6dc4f3dc0
Event: 0.057 Thread 0x000001b6bb304080 Thread added: 0x000001b6dc6e2d90
Event: 0.080 Thread 0x000001b6bb304080 Thread added: 0x000001b6dc8a9bf0
Event: 0.080 Thread 0x000001b6bb304080 Thread added: 0x000001b6dc8da100
Event: 0.081 Thread 0x000001b6dc8a9bf0 Thread added: 0x000001b6dc8da790
Event: 0.560 Thread 0x000001b6bb304080 Thread added: 0x000001b6dc8c40f0


Dynamic libraries:
0x00007ff687e30000 - 0x00007ff687e3e000 	C:\Users\tranp\.jdks\openjdk-22.0.2\bin\java.exe
0x00007ffc89430000 - 0x00007ffc89647000 	C:\WINDOWS\SYSTEM32\ntdll.dll
0x00007ffc874e0000 - 0x00007ffc875a4000 	C:\WINDOWS\System32\KERNEL32.DLL
0x00007ffc86bd0000 - 0x00007ffc86f7d000 	C:\WINDOWS\System32\KERNELBASE.dll
0x00007ffc869f0000 - 0x00007ffc86b01000 	C:\WINDOWS\System32\ucrtbase.dll
0x00007ffc81530000 - 0x00007ffc81547000 	C:\Users\tranp\.jdks\openjdk-22.0.2\bin\jli.dll
0x00007ffc809f0000 - 0x00007ffc80a0b000 	C:\Users\tranp\.jdks\openjdk-22.0.2\bin\VCRUNTIME140.dll
0x00007ffc88df0000 - 0x00007ffc88f9e000 	C:\WINDOWS\System32\USER32.dll
0x00007ffc86870000 - 0x00007ffc86896000 	C:\WINDOWS\System32\win32u.dll
0x00007ffc60a10000 - 0x00007ffc60ca3000 	C:\WINDOWS\WinSxS\amd64_microsoft.windows.common-controls_6595b64144ccf1df_6.0.22621.3672_none_2713b9d173822955\COMCTL32.dll
0x00007ffc875d0000 - 0x00007ffc875f9000 	C:\WINDOWS\System32\GDI32.dll
0x00007ffc87430000 - 0x00007ffc874d7000 	C:\WINDOWS\System32\msvcrt.dll
0x00007ffc86750000 - 0x00007ffc86869000 	C:\WINDOWS\System32\gdi32full.dll
0x00007ffc868d0000 - 0x00007ffc8696a000 	C:\WINDOWS\System32\msvcp_win.dll
0x00007ffc88fa0000 - 0x00007ffc88fd1000 	C:\WINDOWS\System32\IMM32.DLL
0x00007ffc809e0000 - 0x00007ffc809ec000 	C:\Users\tranp\.jdks\openjdk-22.0.2\bin\vcruntime140_1.dll
0x00007ffc7d080000 - 0x00007ffc7d10e000 	C:\Users\tranp\.jdks\openjdk-22.0.2\bin\msvcp140.dll
0x00007ffc114b0000 - 0x00007ffc121f9000 	C:\Users\tranp\.jdks\openjdk-22.0.2\bin\server\jvm.dll
0x00007ffc88790000 - 0x00007ffc88842000 	C:\WINDOWS\System32\ADVAPI32.dll
0x00007ffc87760000 - 0x00007ffc87809000 	C:\WINDOWS\System32\sechost.dll
0x00007ffc868a0000 - 0x00007ffc868c8000 	C:\WINDOWS\System32\bcrypt.dll
0x00007ffc88cd0000 - 0x00007ffc88de4000 	C:\WINDOWS\System32\RPCRT4.dll
0x00007ffc89370000 - 0x00007ffc893e1000 	C:\WINDOWS\System32\WS2_32.dll
0x00007ffc86470000 - 0x00007ffc864bd000 	C:\WINDOWS\SYSTEM32\POWRPROF.dll
0x00007ffc807f0000 - 0x00007ffc80824000 	C:\WINDOWS\SYSTEM32\WINMM.dll
0x00007ffc80490000 - 0x00007ffc8049a000 	C:\WINDOWS\SYSTEM32\VERSION.dll
0x00007ffc86420000 - 0x00007ffc86433000 	C:\WINDOWS\SYSTEM32\UMPDC.dll
0x00007ffc85760000 - 0x00007ffc85778000 	C:\WINDOWS\SYSTEM32\kernel.appcore.dll
0x00007ffc809d0000 - 0x00007ffc809da000 	C:\Users\tranp\.jdks\openjdk-22.0.2\bin\jimage.dll
0x00007ffc83b10000 - 0x00007ffc83d42000 	C:\WINDOWS\SYSTEM32\DBGHELP.DLL
0x00007ffc878e0000 - 0x00007ffc87c6e000 	C:\WINDOWS\System32\combase.dll
0x00007ffc89230000 - 0x00007ffc89307000 	C:\WINDOWS\System32\OLEAUT32.dll
0x00007ffc59c30000 - 0x00007ffc59c62000 	C:\WINDOWS\SYSTEM32\dbgcore.DLL
0x00007ffc86970000 - 0x00007ffc869eb000 	C:\WINDOWS\System32\bcryptPrimitives.dll
0x00007ffc796e0000 - 0x00007ffc7971c000 	C:\Users\tranp\.jdks\openjdk-22.0.2\bin\jdwp.dll
0x00007ffc7cf90000 - 0x00007ffc7cf9f000 	C:\Users\tranp\.jdks\openjdk-22.0.2\bin\instrument.dll
0x00007ffc7e170000 - 0x00007ffc7e18e000 	C:\Users\tranp\.jdks\openjdk-22.0.2\bin\java.dll
0x00007ffc87e20000 - 0x00007ffc88687000 	C:\WINDOWS\System32\SHELL32.dll
0x00007ffc87c70000 - 0x00007ffc87e15000 	C:\WINDOWS\System32\ole32.dll
0x00007ffc7cc60000 - 0x00007ffc7cc77000 	C:\Users\tranp\.jdks\openjdk-22.0.2\bin\zip.dll
0x00007ffc84680000 - 0x00007ffc84f7f000 	C:\WINDOWS\SYSTEM32\windows.storage.dll
0x00007ffc84540000 - 0x00007ffc8467f000 	C:\WINDOWS\SYSTEM32\wintypes.dll
0x00007ffc87160000 - 0x00007ffc87259000 	C:\WINDOWS\System32\SHCORE.dll
0x00007ffc87870000 - 0x00007ffc878ce000 	C:\WINDOWS\System32\shlwapi.dll
0x00007ffc86680000 - 0x00007ffc866a7000 	C:\WINDOWS\SYSTEM32\profapi.dll
0x00007ffc7cfa0000 - 0x00007ffc7d077000 	C:\Users\tranp\.jdks\openjdk-22.0.2\bin\jsvml.dll
0x00007ffc796d0000 - 0x00007ffc796dc000 	C:\Users\tranp\.jdks\openjdk-22.0.2\bin\dt_socket.dll
0x00007ffc851e0000 - 0x00007ffc8520d000 	C:\WINDOWS\SYSTEM32\IPHLPAPI.DLL
0x00007ffc85bc0000 - 0x00007ffc85c29000 	C:\WINDOWS\system32\mswsock.dll
0x00007ffc7e160000 - 0x00007ffc7e170000 	C:\Users\tranp\.jdks\openjdk-22.0.2\bin\net.dll
0x00007ffc7e080000 - 0x00007ffc7e096000 	C:\Users\tranp\.jdks\openjdk-22.0.2\bin\nio.dll
0x00007ffc79640000 - 0x00007ffc796b5000 	C:\Users\tranp\AppData\Local\Temp\lwjgltranp\3.3.1-build-7\lwjgl.dll
0x00007ffc795d0000 - 0x00007ffc79631000 	C:\Users\tranp\AppData\Local\Temp\lwjgltranp\3.3.1-build-7\glfw.dll

dbghelp: loaded successfully - version: 4.0.5 - missing functions: none
symbol engine: initialized successfully - sym options: 0x614 - pdb path: .;C:\Users\tranp\.jdks\openjdk-22.0.2\bin;C:\WINDOWS\SYSTEM32;C:\WINDOWS\WinSxS\amd64_microsoft.windows.common-controls_6595b64144ccf1df_6.0.22621.3672_none_2713b9d173822955;C:\Users\tranp\.jdks\openjdk-22.0.2\bin\server;C:\Users\tranp\AppData\Local\Temp\lwjgltranp\3.3.1-build-7

VM Arguments:
jvm_args: -agentlib:jdwp=transport=dt_socket,address=127.0.0.1:53838,suspend=y,server=n -javaagent:C:\Users\tranp\AppData\Local\JetBrains\IdeaIC2024.1\captureAgent\debugger-agent.jar -Dfile.encoding=UTF-8 -Dsun.stdout.encoding=UTF-8 -Dsun.stderr.encoding=UTF-8 
java_command: ShadowTaxi
java_class_path (initial): C:\Users\tranp\IdeaProjects\Prj2B\phuongtrangt-project-2\target\classes;C:\Users\tranp\.m2\repository\org\lwjgl\lwjgl\3.3.1\lwjgl-3.3.1.jar;C:\Users\tranp\.m2\repository\org\lwjgl\lwjgl-assimp\3.3.1\lwjgl-assimp-3.3.1.jar;C:\Users\tranp\.m2\repository\org\lwjgl\lwjgl-glfw\3.3.1\lwjgl-glfw-3.3.1.jar;C:\Users\tranp\.m2\repository\org\lwjgl\lwjgl-openal\3.3.1\lwjgl-openal-3.3.1.jar;C:\Users\tranp\.m2\repository\org\lwjgl\lwjgl-opengl\3.3.1\lwjgl-opengl-3.3.1.jar;C:\Users\tranp\.m2\repository\org\lwjgl\lwjgl-stb\3.3.1\lwjgl-stb-3.3.1.jar;C:\Users\tranp\.m2\repository\org\lwjgl\lwjgl\3.3.1\lwjgl-3.3.1-natives-windows.jar;C:\Users\tranp\.m2\repository\org\lwjgl\lwjgl-assimp\3.3.1\lwjgl-assimp-3.3.1-natives-windows.jar;C:\Users\tranp\.m2\repository\org\lwjgl\lwjgl-glfw\3.3.1\lwjgl-glfw-3.3.1-natives-windows.jar;C:\Users\tranp\.m2\repository\org\lwjgl\lwjgl-openal\3.3.1\lwjgl-openal-3.3.1-natives-windows.jar;C:\Users\tranp\.m2\repository\org\lwjgl\lwjgl-opengl\3.3.1\lwjgl-opengl-3.3.1-natives-windows.jar;C:\Users\tranp\.m2\repository\org\lwjgl\lwjgl-stb\3.3.1\lwjgl-stb-3.3.1-natives-windows.jar;C:\Users\tranp\.m2\repository\io\github\eleanor-em\bagel\1.9.3\bagel-1.9.3.jar;D:\1. Melbourne Uni\F. Di hoc cung Neo\sem2 2024\Object Oriented thing(JAVA)\IntelliJ IDEA Community Edition 2024.1.4\lib\idea_rt.jar
Launcher Type: SUN_STANDARD

[Global flags]
     intx CICompilerCount                          = 4                                         {product} {ergonomic}
     uint ConcGCThreads                            = 2                                         {product} {ergonomic}
     uint G1ConcRefinementThreads                  = 8                                         {product} {ergonomic}
   size_t G1HeapRegionSize                         = 2097152                                   {product} {ergonomic}
   size_t InitialHeapSize                          = 264241152                                 {product} {ergonomic}
   size_t MarkStackSize                            = 4194304                                   {product} {ergonomic}
   size_t MaxHeapSize                              = 4219469824                                {product} {ergonomic}
   size_t MaxNewSize                               = 2531262464                                {product} {ergonomic}
   size_t MinHeapDeltaBytes                        = 2097152                                   {product} {ergonomic}
   size_t MinHeapSize                              = 8388608                                   {product} {ergonomic}
    uintx NonNMethodCodeHeapSize                   = 5839372                                {pd product} {ergonomic}
    uintx NonProfiledCodeHeapSize                  = 122909434                              {pd product} {ergonomic}
    uintx ProfiledCodeHeapSize                     = 122909434                              {pd product} {ergonomic}
    uintx ReservedCodeCacheSize                    = 251658240                              {pd product} {ergonomic}
     bool SegmentedCodeCache                       = true                                      {product} {ergonomic}
   size_t SoftMaxHeapSize                          = 4219469824                             {manageable} {ergonomic}
     bool UseCompressedOops                        = true                           {product lp64_product} {ergonomic}
     bool UseG1GC                                  = true                                      {product} {ergonomic}
     bool UseLargePagesIndividualAllocation        = false                                  {pd product} {ergonomic}

Logging:
Log output configuration:
 #0: stdout all=warning uptime,level,tags foldmultilines=false
 #1: stderr all=off uptime,level,tags foldmultilines=false

Environment Variables:
PATH=C:\WINDOWS\system32;C:\WINDOWS;C:\WINDOWS\System32\Wbem;C:\WINDOWS\System32\WindowsPowerShell\v1.0\;C:\WINDOWS\System32\OpenSSH\;D:\1. Melbourne Uni\F. Di hoc cung Neo\sem2 2024\Object Oriented thing(JAVA)\Git\cmd;C:\Users\tranp\AppData\Local\Programs\Python\Launcher\;C:\Users\tranp\AppData\Local\Microsoft\WindowsApps;D:\10. Software\Microsoft VS Code\bin
USERNAME=tranp
OS=Windows_NT
PROCESSOR_IDENTIFIER=Intel64 Family 6 Model 140 Stepping 1, GenuineIntel
TMP=C:\Users\tranp\AppData\Local\Temp
TEMP=C:\Users\tranp\AppData\Local\Temp




Periodic native trim disabled

---------------  S Y S T E M  ---------------

OS:
 Windows 11 , 64 bit Build 22621 (10.0.22621.3958)
OS uptime: 19 days 13:14 hours
Hyper-V role detected

CPU: total 8 (initial active 8) (4 cores per cpu, 2 threads per core) family 6 model 140 stepping 1 microcode 0xb8, cx8, cmov, fxsr, ht, mmx, 3dnowpref, sse, sse2, sse3, ssse3, sse4.1, sse4.2, popcnt, lzcnt, tsc, tscinvbit, avx, avx2, aes, erms, clmul, bmi1, bmi2, adx, avx512f, avx512dq, avx512cd, avx512bw, avx512vl, sha, fma, vzeroupper, avx512_vpopcntdq, avx512_vpclmulqdq, avx512_vaes, avx512_vnni, clflush, clflushopt, clwb, avx512_vbmi2, avx512_vbmi, hv, rdtscp, rdpid, fsrm, gfni, avx512_bitalg, f16c, cet_ibt, cet_ss, avx512_ifma
Processor Information for all 8 processors :
  Max Mhz: 2995, Current Mhz: 2995, Mhz Limit: 2995

Memory: 4k page, system-wide physical 16090M (4937M free)
TotalPageFile size 20216M (AvailPageFile size 5141M)
current process WorkingSet (physical memory assigned to process): 49M, peak: 49M
current process commit charge ("private bytes"): 340M, peak: 340M

vm_info: OpenJDK 64-Bit Server VM (22.0.2+9-70) for windows-amd64 JRE (22.0.2+9-70), built on 2024-06-04T16:52:23Z by "mach5one" with MS VC++ 17.6 (VS2022)

END.
